Archive member included to satisfy reference by file (symbol)

c:/st/stm32cubeide_1.7.0/stm32cubeide/plugins/com.st.stm32cube.ide.mcu.externaltools.gnu-tools-for-stm32.9-2020-q2-update.win32_2.0.0.202105311346/tools/bin/../lib/gcc/arm-none-eabi/9.3.1/../../../../arm-none-eabi/lib/thumb/v7e-m+fp/hard\libc_nano.a(lib_a-errno.o)
                              ./Core/Src/syscalls.o (__errno)
c:/st/stm32cubeide_1.7.0/stm32cubeide/plugins/com.st.stm32cube.ide.mcu.externaltools.gnu-tools-for-stm32.9-2020-q2-update.win32_2.0.0.202105311346/tools/bin/../lib/gcc/arm-none-eabi/9.3.1/../../../../arm-none-eabi/lib/thumb/v7e-m+fp/hard\libc_nano.a(lib_a-exit.o)
                              c:/st/stm32cubeide_1.7.0/stm32cubeide/plugins/com.st.stm32cube.ide.mcu.externaltools.gnu-tools-for-stm32.9-2020-q2-update.win32_2.0.0.202105311346/tools/bin/../lib/gcc/arm-none-eabi/9.3.1/../../../../arm-none-eabi/lib/thumb/v7e-m+fp/hard/crt0.o (exit)
c:/st/stm32cubeide_1.7.0/stm32cubeide/plugins/com.st.stm32cube.ide.mcu.externaltools.gnu-tools-for-stm32.9-2020-q2-update.win32_2.0.0.202105311346/tools/bin/../lib/gcc/arm-none-eabi/9.3.1/../../../../arm-none-eabi/lib/thumb/v7e-m+fp/hard\libc_nano.a(lib_a-impure.o)
                              c:/st/stm32cubeide_1.7.0/stm32cubeide/plugins/com.st.stm32cube.ide.mcu.externaltools.gnu-tools-for-stm32.9-2020-q2-update.win32_2.0.0.202105311346/tools/bin/../lib/gcc/arm-none-eabi/9.3.1/../../../../arm-none-eabi/lib/thumb/v7e-m+fp/hard\libc_nano.a(lib_a-exit.o) (_global_impure_ptr)
c:/st/stm32cubeide_1.7.0/stm32cubeide/plugins/com.st.stm32cube.ide.mcu.externaltools.gnu-tools-for-stm32.9-2020-q2-update.win32_2.0.0.202105311346/tools/bin/../lib/gcc/arm-none-eabi/9.3.1/../../../../arm-none-eabi/lib/thumb/v7e-m+fp/hard\libc_nano.a(lib_a-init.o)
                              c:/st/stm32cubeide_1.7.0/stm32cubeide/plugins/com.st.stm32cube.ide.mcu.externaltools.gnu-tools-for-stm32.9-2020-q2-update.win32_2.0.0.202105311346/tools/bin/../lib/gcc/arm-none-eabi/9.3.1/../../../../arm-none-eabi/lib/thumb/v7e-m+fp/hard/crt0.o (__libc_init_array)
c:/st/stm32cubeide_1.7.0/stm32cubeide/plugins/com.st.stm32cube.ide.mcu.externaltools.gnu-tools-for-stm32.9-2020-q2-update.win32_2.0.0.202105311346/tools/bin/../lib/gcc/arm-none-eabi/9.3.1/../../../../arm-none-eabi/lib/thumb/v7e-m+fp/hard\libc_nano.a(lib_a-malloc.o)
                              ./Middlewares/USB_Host_Library/usbh_cdc.o (malloc)
c:/st/stm32cubeide_1.7.0/stm32cubeide/plugins/com.st.stm32cube.ide.mcu.externaltools.gnu-tools-for-stm32.9-2020-q2-update.win32_2.0.0.202105311346/tools/bin/../lib/gcc/arm-none-eabi/9.3.1/../../../../arm-none-eabi/lib/thumb/v7e-m+fp/hard\libc_nano.a(lib_a-memset.o)
                              c:/st/stm32cubeide_1.7.0/stm32cubeide/plugins/com.st.stm32cube.ide.mcu.externaltools.gnu-tools-for-stm32.9-2020-q2-update.win32_2.0.0.202105311346/tools/bin/../lib/gcc/arm-none-eabi/9.3.1/../../../../arm-none-eabi/lib/thumb/v7e-m+fp/hard/crt0.o (memset)
c:/st/stm32cubeide_1.7.0/stm32cubeide/plugins/com.st.stm32cube.ide.mcu.externaltools.gnu-tools-for-stm32.9-2020-q2-update.win32_2.0.0.202105311346/tools/bin/../lib/gcc/arm-none-eabi/9.3.1/../../../../arm-none-eabi/lib/thumb/v7e-m+fp/hard\libc_nano.a(lib_a-nano-freer.o)
                              c:/st/stm32cubeide_1.7.0/stm32cubeide/plugins/com.st.stm32cube.ide.mcu.externaltools.gnu-tools-for-stm32.9-2020-q2-update.win32_2.0.0.202105311346/tools/bin/../lib/gcc/arm-none-eabi/9.3.1/../../../../arm-none-eabi/lib/thumb/v7e-m+fp/hard\libc_nano.a(lib_a-malloc.o) (_free_r)
c:/st/stm32cubeide_1.7.0/stm32cubeide/plugins/com.st.stm32cube.ide.mcu.externaltools.gnu-tools-for-stm32.9-2020-q2-update.win32_2.0.0.202105311346/tools/bin/../lib/gcc/arm-none-eabi/9.3.1/../../../../arm-none-eabi/lib/thumb/v7e-m+fp/hard\libc_nano.a(lib_a-nano-mallocr.o)
                              c:/st/stm32cubeide_1.7.0/stm32cubeide/plugins/com.st.stm32cube.ide.mcu.externaltools.gnu-tools-for-stm32.9-2020-q2-update.win32_2.0.0.202105311346/tools/bin/../lib/gcc/arm-none-eabi/9.3.1/../../../../arm-none-eabi/lib/thumb/v7e-m+fp/hard\libc_nano.a(lib_a-malloc.o) (_malloc_r)
c:/st/stm32cubeide_1.7.0/stm32cubeide/plugins/com.st.stm32cube.ide.mcu.externaltools.gnu-tools-for-stm32.9-2020-q2-update.win32_2.0.0.202105311346/tools/bin/../lib/gcc/arm-none-eabi/9.3.1/../../../../arm-none-eabi/lib/thumb/v7e-m+fp/hard\libc_nano.a(lib_a-sbrkr.o)
                              c:/st/stm32cubeide_1.7.0/stm32cubeide/plugins/com.st.stm32cube.ide.mcu.externaltools.gnu-tools-for-stm32.9-2020-q2-update.win32_2.0.0.202105311346/tools/bin/../lib/gcc/arm-none-eabi/9.3.1/../../../../arm-none-eabi/lib/thumb/v7e-m+fp/hard\libc_nano.a(lib_a-nano-mallocr.o) (_sbrk_r)
c:/st/stm32cubeide_1.7.0/stm32cubeide/plugins/com.st.stm32cube.ide.mcu.externaltools.gnu-tools-for-stm32.9-2020-q2-update.win32_2.0.0.202105311346/tools/bin/../lib/gcc/arm-none-eabi/9.3.1/../../../../arm-none-eabi/lib/thumb/v7e-m+fp/hard\libc_nano.a(lib_a-mlock.o)
[...]
Memory Configuration

Name             Origin             Length             Attributes
CCMRAM           0x0000000010000000 0x0000000000010000 xrw
RAM              0x0000000020000000 0x0000000000020000 xrw
FLASH            0x0000000008000000 0x0000000000100000 xr
*default*        0x0000000000000000 0xffffffffffffffff

Linker script and memory map

LOAD c:/st/stm32cubeide_1.7.0/stm32cubeide/plugins/com.st.stm32cube.ide.mcu.externaltools.gnu-tools-for-stm32.9-2020-q2-update.win32_2.0.0.202105311346/tools/bin/../lib/gcc/arm-none-eabi/9.3.1/thumb/v7e-m+fp/hard/crti.o
LOAD c:/st/stm32cubeide_1.7.0/stm32cubeide/plugins/com.st.stm32cube.ide.mcu.externaltools.gnu-tools-for-stm32.9-2020-q2-update.win32_2.0.0.202105311346/tools/bin/../lib/gcc/arm-none-eabi/9.3.1/thumb/v7e-m+fp/hard/crtbegin.o
LOAD c:/st/stm32cubeide_1.7.0/stm32cubeide/plugins/com.st.stm32cube.ide.mcu.externaltools.gnu-tools-for-stm32.9-2020-q2-update.win32_2.0.0.202105311346/tools/bin/../lib/gcc/arm-none-eabi/9.3.1/../../../../arm-none-eabi/lib/thumb/v7e-m+fp/hard/crt0.o
LOAD ./Core/Src/main.o
LOAD ./Core/Src/stm32f4xx_hal_msp.o
LOAD ./Core/Src/stm32f4xx_it.o
LOAD ./Core/Src/syscalls.o
LOAD ./Core/Src/sysmem.o
LOAD ./Core/Src/system_stm32f4xx.o
LOAD ./Core/Startup/startup_stm32f407vgtx.o
LOAD ./Drivers/STM32F4xx_HAL_Driver/stm32f4xx_hal.o
LOAD ./Drivers/STM32F4xx_HAL_Driver/stm32f4xx_hal_cortex.o
LOAD ./Drivers/STM32F4xx_HAL_Driver/stm32f4xx_hal_dma.o
LOAD ./Drivers/STM32F4xx_HAL_Driver/stm32f4xx_hal_dma_ex.o
LOAD ./Drivers/STM32F4xx_HAL_Driver/stm32f4xx_hal_exti.o
LOAD ./Drivers/STM32F4xx_HAL_Driver/stm32f4xx_hal_flash.o
LOAD ./Drivers/STM32F4xx_HAL_Driver/stm32f4xx_hal_flash_ex.o
LOAD ./Drivers/STM32F4xx_HAL_Driver/stm32f4xx_hal_flash_ramfunc.o
LOAD ./Drivers/STM32F4xx_HAL_Driver/stm32f4xx_hal_gpio.o
LOAD ./Drivers/STM32F4xx_HAL_Driver/stm32f4xx_hal_hcd.o
LOAD ./Drivers/STM32F4xx_HAL_Driver/stm32f4xx_hal_pwr.o
LOAD ./Drivers/STM32F4xx_HAL_Driver/stm32f4xx_hal_pwr_ex.o
LOAD ./Drivers/STM32F4xx_HAL_Driver/stm32f4xx_hal_rcc.o
LOAD ./Drivers/STM32F4xx_HAL_Driver/stm32f4xx_hal_rcc_ex.o
LOAD ./Drivers/STM32F4xx_HAL_Driver/stm32f4xx_hal_tim.o
LOAD ./Drivers/STM32F4xx_HAL_Driver/stm32f4xx_hal_tim_ex.o
LOAD ./Drivers/STM32F4xx_HAL_Driver/stm32f4xx_ll_usb.o
LOAD ./Middlewares/USB_Host_Library/usbh_cdc.o
LOAD ./Middlewares/USB_Host_Library/usbh_core.o
LOAD ./Middlewares/USB_Host_Library/usbh_ctlreq.o
LOAD ./Middlewares/USB_Host_Library/usbh_ioreq.o
LOAD ./Middlewares/USB_Host_Library/usbh_pipes.o
LOAD ./USB_HOST/App/usb_host.o
LOAD ./USB_HOST/Target/usbh_conf.o
LOAD ./USB_HOST/Target/usbh_platform.o
START GROUP
LOAD c:/st/stm32cubeide_1.7.0/stm32cubeide/plugins/com.st.stm32cube.ide.mcu.externaltools.gnu-tools-for-stm32.9-2020-q2-update.win32_2.0.0.202105311346/tools/bin/../lib/gcc/arm-none-eabi/9.3.1/../../../../arm-none-eabi/lib/thumb/v7e-m+fp/hard\libc_nano.a
LOAD c:/st/stm32cubeide_1.7.0/stm32cubeide/plugins/com.st.stm32cube.ide.mcu.externaltools.gnu-tools-for-stm32.9-2020-q2-update.win32_2.0.0.202105311346/tools/bin/../lib/gcc/arm-none-eabi/9.3.1/../../../../arm-none-eabi/lib/thumb/v7e-m+fp/hard\libm.a
END GROUP
START GROUP
LOAD c:/st/stm32cubeide_1.7.0/stm32cubeide/plugins/com.st.stm32cube.ide.mcu.externaltools.gnu-tools-for-stm32.9-2020-q2-update.win32_2.0.0.202105311346/tools/bin/../lib/gcc/arm-none-eabi/9.3.1/thumb/v7e-m+fp/hard\libgcc.a
LOAD c:/st/stm32cubeide_1.7.0/stm32cubeide/plugins/com.st.stm32cube.ide.mcu.externaltools.gnu-tools-for-stm32.9-2020-q2-update.win32_2.0.0.202105311346/tools/bin/../lib/gcc/arm-none-eabi/9.3.1/../../../../arm-none-eabi/lib/thumb/v7e-m+fp/hard\libc_nano.a
END GROUP
START GROUP
LOAD c:/st/stm32cubeide_1.7.0/stm32cubeide/plugins/com.st.stm32cube.ide.mcu.externaltools.gnu-tools-for-stm32.9-2020-q2-update.win32_2.0.0.202105311346/tools/bin/../lib/gcc/arm-none-eabi/9.3.1/thumb/v7e-m+fp/hard\libgcc.a
LOAD c:/st/stm32cubeide_1.7.0/stm32cubeide/plugins/com.st.stm32cube.ide.mcu.externaltools.gnu-tools-for-stm32.9-2020-q2-update.win32_2.0.0.202105311346/tools/bin/../lib/gcc/arm-none-eabi/9.3.1/../../../../arm-none-eabi/lib/thumb/v7e-m+fp/hard\libc_nano.a
LOAD c:/st/stm32cubeide_1.7.0/stm32cubeide/plugins/com.st.stm32cube.ide.mcu.externaltools.gnu-tools-for-stm32.9-2020-q2-update.win32_2.0.0.202105311346/tools/bin/../lib/gcc/arm-none-eabi/9.3.1/../../../../arm-none-eabi/lib/thumb/v7e-m+fp/hard\libnosys.a
END GROUP
START GROUP
LOAD c:/st/stm32cubeide_1.7.0/stm32cubeide/plugins/com.st.stm32cube.ide.mcu.externaltools.gnu-tools-for-stm32.9-2020-q2-update.win32_2.0.0.202105311346/tools/bin/../lib/gcc/arm-none-eabi/9.3.1/thumb/v7e-m+fp/hard\libgcc.a
LOAD c:/st/stm32cubeide_1.7.0/stm32cubeide/plugins/com.st.stm32cube.ide.mcu.externaltools.gnu-tools-for-stm32.9-2020-q2-update.win32_2.0.0.202105311346/tools/bin/../lib/gcc/arm-none-eabi/9.3.1/../../../../arm-none-eabi/lib/thumb/v7e-m+fp/hard\libc_nano.a
LOAD c:/st/stm32cubeide_1.7.0/stm32cubeide/plugins/com.st.stm32cube.ide.mcu.externaltools.gnu-tools-for-stm32.9-2020-q2-update.win32_2.0.0.202105311346/tools/bin/../lib/gcc/arm-none-eabi/9.3.1/../../../../arm-none-eabi/lib/thumb/v7e-m+fp/hard\libnosys.a
END GROUP
LOAD c:/st/stm32cubeide_1.7.0/stm32cubeide/plugins/com.st.stm32cube.ide.mcu.externaltools.gnu-tools-for-stm32.9-2020-q2-update.win32_2.0.0.202105311346/tools/bin/../lib/gcc/arm-none-eabi/9.3.1/thumb/v7e-m+fp/hard/crtend.o
LOAD c:/st/stm32cubeide_1.7.0/stm32cubeide/plugins/com.st.stm32cube.ide.mcu.externaltools.gnu-tools-for-stm32.9-2020-q2-update.win32_2.0.0.202105311346/tools/bin/../lib/gcc/arm-none-eabi/9.3.1/thumb/v7e-m+fp/hard/crtn.o
                0x0000000020020000                _estack = (ORIGIN (RAM) + LENGTH (RAM))
                0x0000000000000200                _Min_Heap_Size = 0x200
                0x0000000000000400                _Min_Stack_Size = 0x400

.isr_vector     0x0000000008000000      0x188
                0x0000000008000000                . = ALIGN (0x4)
 *(.isr_vector)
 .isr_vector    0x0000000008000000      0x188 ./Core/Startup/startup_stm32f407vgtx.o
                0x0000000008000000                g_pfnVectors
                0x0000000008000188                . = ALIGN (0x4)

.text           0x0000000008000188     0x7800
                0x0000000008000188                . = ALIGN (0x4)
 *(.text)
 .text          0x0000000008000188       0x40 c:/st/stm32cubeide_1.7.0/stm32cubeide/plugins/com.st.stm32cube.ide.mcu.externaltools.gnu-tools-for-stm32.9-2020-q2-update.win32_2.0.0.202105311346/tools/bin/../lib/gcc/arm-none-eabi/9.3.1/thumb/v7e-m+fp/hard/crtbegin.o
 .text          0x00000000080001c8       0x30 c:/st/stm32cubeide_1.7.0/stm32cubeide/plugins/com.st.stm32cube.ide.mcu.externaltools.gnu-tools-for-stm32.9-2020-q2-update.win32_2.0.0.202105311346/tools/bin/../lib/gcc/arm-none-eabi/9.3.1/thumb/v7e-m+fp/hard\libgcc.a(_aeabi_uldivmod.o)
                0x00000000080001c8                __aeabi_uldivmod
 .text          0x00000000080001f8      0x2c4 c:/st/stm32cubeide_1.7.0/stm32cubeide/plugins/com.st.stm32cube.ide.mcu.externaltools.gnu-tools-for-stm32.9-2020-q2-update.win32_2.0.0.202105311346/tools/bin/../lib/gcc/arm-none-eabi/9.3.1/thumb/v7e-m+fp/hard\libgcc.a(_udivmoddi4.o)
                0x00000000080001f8                __udivmoddi4
 .text          0x00000000080004bc        0x4 c:/st/stm32cubeide_1.7.0/stm32cubeide/plugins/com.st.stm32cube.ide.mcu.externaltools.gnu-tools-for-stm32.9-2020-q2-update.win32_2.0.0.202105311346/tools/bin/../lib/gcc/arm-none-eabi/9.3.1/thumb/v7e-m+fp/hard\libgcc.a(_dvmd_tls.o)
                0x00000000080004bc                __aeabi_idiv0
                0x00000000080004bc                __aeabi_ldiv0
 *(.text*)
 .text.main     0x00000000080004c0       0x70 ./Core/Src/main.o
                0x00000000080004c0                main
 .text.SystemClock_Config
                0x0000000008000530       0xd4 ./Core/Src/main.o
                0x0000000008000530                SystemClock_Config
 .text.MX_TIM1_Init
                0x0000000008000604      0x140 ./Core/Src/main.o
 .text.MX_TIM2_Init
                0x0000000008000744       0xec ./Core/Src/main.o
 .text.MX_GPIO_Init
                0x0000000008000830      0x140 ./Core/Src/main.o
 .text.Error_Handler
                0x0000000008000970        0xa ./Core/Src/main.o
                0x0000000008000970                Error_Handler
 *fill*         0x000000000800097a        0x2 
 .text.HAL_MspInit
                0x000000000800097c       0x50 ./Core/Src/stm32f4xx_hal_msp.o
                0x000000000800097c                HAL_MspInit
 .text.HAL_TIM_Base_MspInit
                0x00000000080009cc       0x6c ./Core/Src/stm32f4xx_hal_msp.o
                0x00000000080009cc                HAL_TIM_Base_MspInit
 .text.HAL_TIM_MspPostInit
                0x0000000008000a38       0xc0 ./Core/Src/stm32f4xx_hal_msp.o
                0x0000000008000a38                HAL_TIM_MspPostInit
 .text.NMI_Handler
                0x0000000008000af8        0x6 ./Core/Src/stm32f4xx_it.o
                0x0000000008000af8                NMI_Handler
 .text.HardFault_Handler
                0x0000000008000afe        0x6 ./Core/Src/stm32f4xx_it.o
                0x0000000008000afe                HardFault_Handler
 .text.MemManage_Handler
                0x0000000008000b04        0x6 ./Core/Src/stm32f4xx_it.o
                0x0000000008000b04                MemManage_Handler
 .text.BusFault_Handler
                0x0000000008000b0a        0x6 ./Core/Src/stm32f4xx_it.o
                0x0000000008000b0a                BusFault_Handler
 .text.UsageFault_Handler
                0x0000000008000b10        0x6 ./Core/Src/stm32f4xx_it.o
                0x0000000008000b10                UsageFault_Handler
 .text.SVC_Handler
                0x0000000008000b16        0xe ./Core/Src/stm32f4xx_it.o
                0x0000000008000b16                SVC_Handler
 .text.DebugMon_Handler
                0x0000000008000b24        0xe ./Core/Src/stm32f4xx_it.o
                0x0000000008000b24                DebugMon_Handler
 .text.PendSV_Handler
                0x0000000008000b32        0xe ./Core/Src/stm32f4xx_it.o
                0x0000000008000b32                PendSV_Handler
 .text.SysTick_Handler
                0x0000000008000b40        0xc ./Core/Src/stm32f4xx_it.o
                0x0000000008000b40                SysTick_Handler
 .text.OTG_FS_IRQHandler
                0x0000000008000b4c       0x14 ./Core/Src/stm32f4xx_it.o
                0x0000000008000b4c                OTG_FS_IRQHandler
 .text._sbrk    0x0000000008000b60       0x6c ./Core/Src/sysmem.o
                0x0000000008000b60                _sbrk
 .text.SystemInit
                0x0000000008000bcc       0x24 ./Core/Src/system_stm32f4xx.o
                0x0000000008000bcc                SystemInit
 .text.Reset_Handler
                0x0000000008000bf0       0x50 ./Core/Startup/startup_stm32f407vgtx.o
                0x0000000008000bf0                Reset_Handler
 .text.Default_Handler
                0x0000000008000c40        0x2 ./Core/Startup/startup_stm32f407vgtx.o
                0x0000000008000c40                RTC_Alarm_IRQHandler
                0x0000000008000c40                HASH_RNG_IRQHandler
                0x0000000008000c40                EXTI2_IRQHandler
                0x0000000008000c40                TIM8_CC_IRQHandler
                0x0000000008000c40                TIM1_CC_IRQHandler
                0x0000000008000c40                DMA2_Stream5_IRQHandler
                0x0000000008000c40                DMA1_Stream5_IRQHandler
                0x0000000008000c40                PVD_IRQHandler
                0x0000000008000c40                SDIO_IRQHandler
                0x0000000008000c40                TAMP_STAMP_IRQHandler
                0x0000000008000c40                CAN2_RX1_IRQHandler
                0x0000000008000c40                EXTI3_IRQHandler
                0x0000000008000c40                TIM8_TRG_COM_TIM14_IRQHandler
                0x0000000008000c40                TIM1_UP_TIM10_IRQHandler
                0x0000000008000c40                TIM8_UP_TIM13_IRQHandler
                0x0000000008000c40                I2C3_ER_IRQHandler
                0x0000000008000c40                EXTI0_IRQHandler
                0x0000000008000c40                I2C2_EV_IRQHandler
                0x0000000008000c40                DMA1_Stream2_IRQHandler
                0x0000000008000c40                CAN1_RX0_IRQHandler
                0x0000000008000c40                FPU_IRQHandler
                0x0000000008000c40                OTG_HS_WKUP_IRQHandler
                0x0000000008000c40                CAN2_SCE_IRQHandler
                0x0000000008000c40                DMA2_Stream2_IRQHandler
                0x0000000008000c40                SPI1_IRQHandler
                0x0000000008000c40                TIM6_DAC_IRQHandler
                0x0000000008000c40                TIM1_BRK_TIM9_IRQHandler
                0x0000000008000c40                DCMI_IRQHandler
                0x0000000008000c40                CAN2_RX0_IRQHandler
                0x0000000008000c40                DMA2_Stream3_IRQHandler
                0x0000000008000c40                USART6_IRQHandler
                0x0000000008000c40                USART3_IRQHandler
                0x0000000008000c40                CAN1_RX1_IRQHandler
                0x0000000008000c40                UART5_IRQHandler
                0x0000000008000c40                DMA2_Stream0_IRQHandler
                0x0000000008000c40                TIM4_IRQHandler
                0x0000000008000c40                I2C1_EV_IRQHandler
                0x0000000008000c40                DMA1_Stream6_IRQHandler
                0x0000000008000c40                DMA1_Stream1_IRQHandler
                0x0000000008000c40                UART4_IRQHandler
                0x0000000008000c40                TIM3_IRQHandler
                0x0000000008000c40                RCC_IRQHandler
                0x0000000008000c40                TIM8_BRK_TIM12_IRQHandler
                0x0000000008000c40                Default_Handler
                0x0000000008000c40                EXTI15_10_IRQHandler
                0x0000000008000c40                ADC_IRQHandler
                0x0000000008000c40                DMA1_Stream7_IRQHandler
                0x0000000008000c40                TIM7_IRQHandler
                0x0000000008000c40                CAN2_TX_IRQHandler
                0x0000000008000c40                TIM5_IRQHandler
                0x0000000008000c40                DMA2_Stream7_IRQHandler
                0x0000000008000c40                I2C3_EV_IRQHandler
                0x0000000008000c40                EXTI9_5_IRQHandler
                0x0000000008000c40                RTC_WKUP_IRQHandler
                0x0000000008000c40                ETH_WKUP_IRQHandler
                0x0000000008000c40                SPI2_IRQHandler
                0x0000000008000c40                OTG_HS_EP1_IN_IRQHandler
                0x0000000008000c40                DMA1_Stream0_IRQHandler
                0x0000000008000c40                CAN1_TX_IRQHandler
                0x0000000008000c40                EXTI4_IRQHandler
                0x0000000008000c40                FSMC_IRQHandler
                0x0000000008000c40                ETH_IRQHandler
                0x0000000008000c40                OTG_HS_EP1_OUT_IRQHandler
                0x0000000008000c40                WWDG_IRQHandler
                0x0000000008000c40                TIM2_IRQHandler
                0x0000000008000c40                OTG_FS_WKUP_IRQHandler
                0x0000000008000c40                TIM1_TRG_COM_TIM11_IRQHandler
                0x0000000008000c40                OTG_HS_IRQHandler
                0x0000000008000c40                EXTI1_IRQHandler
                0x0000000008000c40                USART2_IRQHandler
                0x0000000008000c40                I2C2_ER_IRQHandler
                0x0000000008000c40                DMA2_Stream1_IRQHandler
                0x0000000008000c40                CAN1_SCE_IRQHandler
                0x0000000008000c40                FLASH_IRQHandler
                0x0000000008000c40                DMA2_Stream4_IRQHandler
                0x0000000008000c40                USART1_IRQHandler
                0x0000000008000c40                SPI3_IRQHandler
                0x0000000008000c40                DMA1_Stream4_IRQHandler
                0x0000000008000c40                I2C1_ER_IRQHandler
                0x0000000008000c40                DMA2_Stream6_IRQHandler
                0x0000000008000c40                DMA1_Stream3_IRQHandler
 *fill*         0x0000000008000c42        0x2 
 .text.HAL_Init
                0x0000000008000c44       0x44 ./Drivers/STM32F4xx_HAL_Driver/stm32f4xx_hal.o
                0x0000000008000c44                HAL_Init
 .text.HAL_InitTick
                0x0000000008000c88       0x60 ./Drivers/STM32F4xx_HAL_Driver/stm32f4xx_hal.o
                0x0000000008000c88                HAL_InitTick
 .text.HAL_IncTick
                0x0000000008000ce8       0x28 ./Drivers/STM32F4xx_HAL_Driver/stm32f4xx_hal.o
                0x0000000008000ce8                HAL_IncTick
 .text.HAL_GetTick
                0x0000000008000d10       0x18 ./Drivers/STM32F4xx_HAL_Driver/stm32f4xx_hal.o
                0x0000000008000d10                HAL_GetTick
 .text.HAL_Delay
                0x0000000008000d28       0x48 ./Drivers/STM32F4xx_HAL_Driver/stm32f4xx_hal.o
                0x0000000008000d28                HAL_Delay
 .text.__NVIC_SetPriorityGrouping
                0x0000000008000d70       0x48 ./Drivers/STM32F4xx_HAL_Driver/stm32f4xx_hal_cortex.o
 .text.__NVIC_GetPriorityGrouping
                0x0000000008000db8       0x1c ./Drivers/STM32F4xx_HAL_Driver/stm32f4xx_hal_cortex.o
 .text.__NVIC_EnableIRQ
                0x0000000008000dd4       0x3c ./Drivers/STM32F4xx_HAL_Driver/stm32f4xx_hal_cortex.o
 .text.__NVIC_SetPriority
                0x0000000008000e10       0x54 ./Drivers/STM32F4xx_HAL_Driver/stm32f4xx_hal_cortex.o
 .text.NVIC_EncodePriority
                0x0000000008000e64       0x66 ./Drivers/STM32F4xx_HAL_Driver/stm32f4xx_hal_cortex.o
 *fill*         0x0000000008000eca        0x2 
 .text.SysTick_Config
                0x0000000008000ecc       0x44 ./Drivers/STM32F4xx_HAL_Driver/stm32f4xx_hal_cortex.o
 .text.HAL_NVIC_SetPriorityGrouping
                0x0000000008000f10       0x16 ./Drivers/STM32F4xx_HAL_Driver/stm32f4xx_hal_cortex.o
                0x0000000008000f10                HAL_NVIC_SetPriorityGrouping
 .text.HAL_NVIC_SetPriority
                0x0000000008000f26       0x38 ./Drivers/STM32F4xx_HAL_Driver/stm32f4xx_hal_cortex.o
                0x0000000008000f26                HAL_NVIC_SetPriority
 .text.HAL_NVIC_EnableIRQ
                0x0000000008000f5e       0x1c ./Drivers/STM32F4xx_HAL_Driver/stm32f4xx_hal_cortex.o
                0x0000000008000f5e                HAL_NVIC_EnableIRQ
 .text.HAL_SYSTICK_Config
                0x0000000008000f7a       0x18 ./Drivers/STM32F4xx_HAL_Driver/stm32f4xx_hal_cortex.o
                0x0000000008000f7a                HAL_SYSTICK_Config
 *fill*         0x0000000008000f92        0x2 
 .text.HAL_GPIO_Init
                0x0000000008000f94      0x338 ./Drivers/STM32F4xx_HAL_Driver/stm32f4xx_hal_gpio.o
                0x0000000008000f94                HAL_GPIO_Init
 .text.HAL_GPIO_WritePin
                0x00000000080012cc       0x32 ./Drivers/STM32F4xx_HAL_Driver/stm32f4xx_hal_gpio.o
                0x00000000080012cc                HAL_GPIO_WritePin
 .text.HAL_HCD_Init
                0x00000000080012fe       0xc4 ./Drivers/STM32F4xx_HAL_Driver/stm32f4xx_hal_hcd.o
                0x00000000080012fe                HAL_HCD_Init
 .text.HAL_HCD_HC_Init
                0x00000000080013c2      0x11e ./Drivers/STM32F4xx_HAL_Driver/stm32f4xx_hal_hcd.o
                0x00000000080013c2                HAL_HCD_HC_Init
 .text.HAL_HCD_HC_Halt
                0x00000000080014e0       0x46 ./Drivers/STM32F4xx_HAL_Driver/stm32f4xx_hal_hcd.o
                0x00000000080014e0                HAL_HCD_HC_Halt
 *fill*         0x0000000008001526        0x2 
 .text.HAL_HCD_HC_SubmitRequest
                0x0000000008001528      0x2ac ./Drivers/STM32F4xx_HAL_Driver/stm32f4xx_hal_hcd.o
                0x0000000008001528                HAL_HCD_HC_SubmitRequest
 .text.HAL_HCD_IRQHandler
                0x00000000080017d4      0x216 ./Drivers/STM32F4xx_HAL_Driver/stm32f4xx_hal_hcd.o
                0x00000000080017d4                HAL_HCD_IRQHandler
 .text.HAL_HCD_Start
                0x00000000080019ea       0x46 ./Drivers/STM32F4xx_HAL_Driver/stm32f4xx_hal_hcd.o
                0x00000000080019ea                HAL_HCD_Start
 .text.HAL_HCD_Stop
                0x0000000008001a30       0x3a ./Drivers/STM32F4xx_HAL_Driver/stm32f4xx_hal_hcd.o
                0x0000000008001a30                HAL_HCD_Stop
 .text.HAL_HCD_ResetPort
                0x0000000008001a6a       0x1c ./Drivers/STM32F4xx_HAL_Driver/stm32f4xx_hal_hcd.o
                0x0000000008001a6a                HAL_HCD_ResetPort
 .text.HAL_HCD_HC_GetURBState
                0x0000000008001a86       0x28 ./Drivers/STM32F4xx_HAL_Driver/stm32f4xx_hal_hcd.o
                0x0000000008001a86                HAL_HCD_HC_GetURBState
 .text.HAL_HCD_HC_GetXferCount
                0x0000000008001aae       0x28 ./Drivers/STM32F4xx_HAL_Driver/stm32f4xx_hal_hcd.o
                0x0000000008001aae                HAL_HCD_HC_GetXferCount
 .text.HAL_HCD_GetCurrentFrame
                0x0000000008001ad6       0x1c ./Drivers/STM32F4xx_HAL_Driver/stm32f4xx_hal_hcd.o
                0x0000000008001ad6                HAL_HCD_GetCurrentFrame
 .text.HAL_HCD_GetCurrentSpeed
                0x0000000008001af2       0x1c ./Drivers/STM32F4xx_HAL_Driver/stm32f4xx_hal_hcd.o
                0x0000000008001af2                HAL_HCD_GetCurrentSpeed
 .text.HCD_HC_IN_IRQHandler
                0x0000000008001b0e      0x844 ./Drivers/STM32F4xx_HAL_Driver/stm32f4xx_hal_hcd.o
 .text.HCD_HC_OUT_IRQHandler
                0x0000000008002352      0x802 ./Drivers/STM32F4xx_HAL_Driver/stm32f4xx_hal_hcd.o
 .text.HCD_RXQLVL_IRQHandler
                0x0000000008002b54      0x1a4 ./Drivers/STM32F4xx_HAL_Driver/stm32f4xx_hal_hcd.o
 .text.HCD_Port_IRQHandler
                0x0000000008002cf8       0xe6 ./Drivers/STM32F4xx_HAL_Driver/stm32f4xx_hal_hcd.o
 *fill*         0x0000000008002dde        0x2 
 .text.HAL_RCC_OscConfig
                0x0000000008002de0      0x4f0 ./Drivers/STM32F4xx_HAL_Driver/stm32f4xx_hal_rcc.o
                0x0000000008002de0                HAL_RCC_OscConfig
 .text.HAL_RCC_ClockConfig
                0x00000000080032d0      0x1cc ./Drivers/STM32F4xx_HAL_Driver/stm32f4xx_hal_rcc.o
                0x00000000080032d0                HAL_RCC_ClockConfig
 .text.HAL_RCC_GetSysClockFreq
                0x000000000800349c      0x1c4 ./Drivers/STM32F4xx_HAL_Driver/stm32f4xx_hal_rcc.o
                0x000000000800349c                HAL_RCC_GetSysClockFreq
 .text.HAL_TIM_Base_Init
                0x0000000008003660       0x9e ./Drivers/STM32F4xx_HAL_Driver/stm32f4xx_hal_tim.o
                0x0000000008003660                HAL_TIM_Base_Init
 .text.HAL_TIM_PWM_Init
                0x00000000080036fe       0x9e ./Drivers/STM32F4xx_HAL_Driver/stm32f4xx_hal_tim.o
                0x00000000080036fe                HAL_TIM_PWM_Init
 .text.HAL_TIM_PWM_MspInit
                0x000000000800379c       0x14 ./Drivers/STM32F4xx_HAL_Driver/stm32f4xx_hal_tim.o
                0x000000000800379c                HAL_TIM_PWM_MspInit
 .text.HAL_TIM_PWM_Start
                0x00000000080037b0      0x190 ./Drivers/STM32F4xx_HAL_Driver/stm32f4xx_hal_tim.o
                0x00000000080037b0                HAL_TIM_PWM_Start
 .text.HAL_TIM_PWM_ConfigChannel
                0x0000000008003940      0x184 ./Drivers/STM32F4xx_HAL_Driver/stm32f4xx_hal_tim.o
                0x0000000008003940                HAL_TIM_PWM_ConfigChannel
 .text.HAL_TIM_ConfigClockSource
                0x0000000008003ac4      0x18e ./Drivers/STM32F4xx_HAL_Driver/stm32f4xx_hal_tim.o
                0x0000000008003ac4                HAL_TIM_ConfigClockSource
 *fill*         0x0000000008003c52        0x2 
 .text.TIM_Base_SetConfig
                0x0000000008003c54      0x140 ./Drivers/STM32F4xx_HAL_Driver/stm32f4xx_hal_tim.o
                0x0000000008003c54                TIM_Base_SetConfig
 .text.TIM_OC1_SetConfig
                0x0000000008003d94       0xe0 ./Drivers/STM32F4xx_HAL_Driver/stm32f4xx_hal_tim.o
 .text.TIM_OC2_SetConfig
                0x0000000008003e74       0xec ./Drivers/STM32F4xx_HAL_Driver/stm32f4xx_hal_tim.o
                0x0000000008003e74                TIM_OC2_SetConfig
 .text.TIM_OC3_SetConfig
                0x0000000008003f60       0xe8 ./Drivers/STM32F4xx_HAL_Driver/stm32f4xx_hal_tim.o
 .text.TIM_OC4_SetConfig
                0x0000000008004048       0xac ./Drivers/STM32F4xx_HAL_Driver/stm32f4xx_hal_tim.o
 .text.TIM_TI1_ConfigInputStage
                0x00000000080040f4       0x5e ./Drivers/STM32F4xx_HAL_Driver/stm32f4xx_hal_tim.o
 .text.TIM_TI2_ConfigInputStage
                0x0000000008004152       0x60 ./Drivers/STM32F4xx_HAL_Driver/stm32f4xx_hal_tim.o
 .text.TIM_ITRx_SetConfig
                0x00000000080041b2       0x36 ./Drivers/STM32F4xx_HAL_Driver/stm32f4xx_hal_tim.o
 .text.TIM_ETR_SetConfig
                0x00000000080041e8       0x40 ./Drivers/STM32F4xx_HAL_Driver/stm32f4xx_hal_tim.o
                0x00000000080041e8                TIM_ETR_SetConfig
 .text.TIM_CCxChannelCmd
                0x0000000008004228       0x4a ./Drivers/STM32F4xx_HAL_Driver/stm32f4xx_hal_tim.o
                0x0000000008004228                TIM_CCxChannelCmd
 *fill*         0x0000000008004272        0x2 
 .text.HAL_TIMEx_MasterConfigSynchronization
                0x0000000008004274       0xf8 ./Drivers/STM32F4xx_HAL_Driver/stm32f4xx_hal_tim_ex.o
                0x0000000008004274                HAL_TIMEx_MasterConfigSynchronization
 .text.HAL_TIMEx_ConfigBreakDeadTime
                0x000000000800436c       0xa4 ./Drivers/STM32F4xx_HAL_Driver/stm32f4xx_hal_tim_ex.o
                0x000000000800436c                HAL_TIMEx_ConfigBreakDeadTime
 .text.USB_CoreInit
                0x0000000008004410       0xc2 ./Drivers/STM32F4xx_HAL_Driver/stm32f4xx_ll_usb.o
                0x0000000008004410                USB_CoreInit
 .text.USB_EnableGlobalInt
                0x00000000080044d2       0x22 ./Drivers/STM32F4xx_HAL_Driver/stm32f4xx_ll_usb.o
                0x00000000080044d2                USB_EnableGlobalInt
 .text.USB_DisableGlobalInt
                0x00000000080044f4       0x22 ./Drivers/STM32F4xx_HAL_Driver/stm32f4xx_ll_usb.o
                0x00000000080044f4                USB_DisableGlobalInt
 .text.USB_SetCurrentMode
                0x0000000008004516       0x98 ./Drivers/STM32F4xx_HAL_Driver/stm32f4xx_ll_usb.o
                0x0000000008004516                USB_SetCurrentMode
 *fill*         0x00000000080045ae        0x2 
 .text.USB_FlushTxFifo
                0x00000000080045b0       0x48 ./Drivers/STM32F4xx_HAL_Driver/stm32f4xx_ll_usb.o
                0x00000000080045b0                USB_FlushTxFifo
 .text.USB_FlushRxFifo
                0x00000000080045f8       0x40 ./Drivers/STM32F4xx_HAL_Driver/stm32f4xx_ll_usb.o
                0x00000000080045f8                USB_FlushRxFifo
 .text.USB_WritePacket
                0x0000000008004638       0x7c ./Drivers/STM32F4xx_HAL_Driver/stm32f4xx_ll_usb.o
                0x0000000008004638                USB_WritePacket
 .text.USB_ReadPacket
                0x00000000080046b4       0xb0 ./Drivers/STM32F4xx_HAL_Driver/stm32f4xx_ll_usb.o
                0x00000000080046b4                USB_ReadPacket
 .text.USB_ReadInterrupts
                0x0000000008004764       0x26 ./Drivers/STM32F4xx_HAL_Driver/stm32f4xx_ll_usb.o
                0x0000000008004764                USB_ReadInterrupts
 .text.USB_GetMode
                0x000000000800478a       0x1c ./Drivers/STM32F4xx_HAL_Driver/stm32f4xx_ll_usb.o
                0x000000000800478a                USB_GetMode
 *fill*         0x00000000080047a6        0x2 
 .text.USB_CoreReset
                0x00000000080047a8       0x64 ./Drivers/STM32F4xx_HAL_Driver/stm32f4xx_ll_usb.o
 .text.USB_HostInit
                0x000000000800480c      0x168 ./Drivers/STM32F4xx_HAL_Driver/stm32f4xx_ll_usb.o
                0x000000000800480c                USB_HostInit
 .text.USB_InitFSLSPClkSel
                0x0000000008004974       0x74 ./Drivers/STM32F4xx_HAL_Driver/stm32f4xx_ll_usb.o
                0x0000000008004974                USB_InitFSLSPClkSel
 .text.USB_ResetPort
                0x00000000080049e8       0x54 ./Drivers/STM32F4xx_HAL_Driver/stm32f4xx_ll_usb.o
                0x00000000080049e8                USB_ResetPort
 .text.USB_DriveVbus
                0x0000000008004a3c       0x72 ./Drivers/STM32F4xx_HAL_Driver/stm32f4xx_ll_usb.o
                0x0000000008004a3c                USB_DriveVbus
 .text.USB_GetHostSpeed
                0x0000000008004aae       0x2e ./Drivers/STM32F4xx_HAL_Driver/stm32f4xx_ll_usb.o
                0x0000000008004aae                USB_GetHostSpeed
 .text.USB_GetCurrentFrame
                0x0000000008004adc       0x22 ./Drivers/STM32F4xx_HAL_Driver/stm32f4xx_ll_usb.o
                0x0000000008004adc                USB_GetCurrentFrame
 *fill*         0x0000000008004afe        0x2 
 .text.USB_HC_Init
                0x0000000008004b00      0x21c ./Drivers/STM32F4xx_HAL_Driver/stm32f4xx_ll_usb.o
                0x0000000008004b00                USB_HC_Init
 .text.USB_HC_StartXfer
                0x0000000008004d1c      0x284 ./Drivers/STM32F4xx_HAL_Driver/stm32f4xx_ll_usb.o
                0x0000000008004d1c                USB_HC_StartXfer
 .text.USB_HC_ReadInterrupt
                0x0000000008004fa0       0x22 ./Drivers/STM32F4xx_HAL_Driver/stm32f4xx_ll_usb.o
                0x0000000008004fa0                USB_HC_ReadInterrupt
 .text.USB_HC_Halt
                0x0000000008004fc2      0x238 ./Drivers/STM32F4xx_HAL_Driver/stm32f4xx_ll_usb.o
                0x0000000008004fc2                USB_HC_Halt
 *fill*         0x00000000080051fa        0x2 
 .text.USB_DoPing
                0x00000000080051fc       0x78 ./Drivers/STM32F4xx_HAL_Driver/stm32f4xx_ll_usb.o
                0x00000000080051fc                USB_DoPing
 .text.USB_StopHost
                0x0000000008005274      0x10c ./Drivers/STM32F4xx_HAL_Driver/stm32f4xx_ll_usb.o
                0x0000000008005274                USB_StopHost
 .text.USBH_CDC_InterfaceInit
                0x0000000008005380      0x2ac ./Middlewares/USB_Host_Library/usbh_cdc.o
 .text.USBH_CDC_InterfaceDeInit
                0x000000000800562c       0xb2 ./Middlewares/USB_Host_Library/usbh_cdc.o
 .text.USBH_CDC_ClassRequest
                0x00000000080056de       0x3e ./Middlewares/USB_Host_Library/usbh_cdc.o
 .text.USBH_CDC_Process
                0x000000000800571c      0x12c ./Middlewares/USB_Host_Library/usbh_cdc.o
 .text.USBH_CDC_SOFProcess
                0x0000000008005848       0x16 ./Middlewares/USB_Host_Library/usbh_cdc.o
 .text.GetLineCoding
                0x000000000800585e       0x3e ./Middlewares/USB_Host_Library/usbh_cdc.o
 .text.SetLineCoding
                0x000000000800589c       0x3e ./Middlewares/USB_Host_Library/usbh_cdc.o
 .text.CDC_ProcessTransmission
                0x00000000080058da       0xec ./Middlewares/USB_Host_Library/usbh_cdc.o
 .text.CDC_ProcessReception
                0x00000000080059c6       0xb6 ./Middlewares/USB_Host_Library/usbh_cdc.o
 .text.USBH_CDC_TransmitCallback
                0x0000000008005a7c       0x14 ./Middlewares/USB_Host_Library/usbh_cdc.o
                0x0000000008005a7c                USBH_CDC_TransmitCallback
 .text.USBH_CDC_ReceiveCallback
                0x0000000008005a90       0x14 ./Middlewares/USB_Host_Library/usbh_cdc.o
                0x0000000008005a90                USBH_CDC_ReceiveCallback
 .text.USBH_CDC_LineCodingChanged
                0x0000000008005aa4       0x14 ./Middlewares/USB_Host_Library/usbh_cdc.o
                0x0000000008005aa4                USBH_CDC_LineCodingChanged
 .text.USBH_Init
                0x0000000008005ab8       0x74 ./Middlewares/USB_Host_Library/usbh_core.o
                0x0000000008005ab8                USBH_Init
 .text.DeInitStateMachine
                0x0000000008005b2c       0xa8 ./Middlewares/USB_Host_Library/usbh_core.o
 .text.USBH_RegisterClass
                0x0000000008005bd4       0x54 ./Middlewares/USB_Host_Library/usbh_core.o
                0x0000000008005bd4                USBH_RegisterClass
 .text.USBH_SelectInterface
                0x0000000008005c28       0x38 ./Middlewares/USB_Host_Library/usbh_core.o
                0x0000000008005c28                USBH_SelectInterface
 .text.USBH_FindInterface
                0x0000000008005c60       0x8c ./Middlewares/USB_Host_Library/usbh_core.o
                0x0000000008005c60                USBH_FindInterface
 .text.USBH_Start
                0x0000000008005cec       0x20 ./Middlewares/USB_Host_Library/usbh_core.o
                0x0000000008005cec                USBH_Start
 .text.USBH_Process
                0x0000000008005d0c      0x3c0 ./Middlewares/USB_Host_Library/usbh_core.o
                0x0000000008005d0c                USBH_Process
 .text.USBH_HandleEnum
                0x00000000080060cc      0x3c8 ./Middlewares/USB_Host_Library/usbh_core.o
 .text.USBH_LL_SetTimer
                0x0000000008006494       0x1e ./Middlewares/USB_Host_Library/usbh_core.o
                0x0000000008006494                USBH_LL_SetTimer
 .text.USBH_LL_IncTimer
                0x00000000080064b2       0x24 ./Middlewares/USB_Host_Library/usbh_core.o
                0x00000000080064b2                USBH_LL_IncTimer
 .text.USBH_HandleSof
                0x00000000080064d6       0x30 ./Middlewares/USB_Host_Library/usbh_core.o
 .text.USBH_LL_PortEnabled
                0x0000000008006506       0x1c ./Middlewares/USB_Host_Library/usbh_core.o
                0x0000000008006506                USBH_LL_PortEnabled
 .text.USBH_LL_PortDisabled
                0x0000000008006522       0x1c ./Middlewares/USB_Host_Library/usbh_core.o
                0x0000000008006522                USBH_LL_PortDisabled
 .text.USBH_LL_Connect
                0x000000000800653e       0x2e ./Middlewares/USB_Host_Library/usbh_core.o
                0x000000000800653e                USBH_LL_Connect
 .text.USBH_LL_Disconnect
                0x000000000800656c       0x48 ./Middlewares/USB_Host_Library/usbh_core.o
                0x000000000800656c                USBH_LL_Disconnect
 .text.USBH_Get_DevDesc
                0x00000000080065b4       0x50 ./Middlewares/USB_Host_Library/usbh_ctlreq.o
                0x00000000080065b4                USBH_Get_DevDesc
 .text.USBH_Get_CfgDesc
                0x0000000008006604       0x48 ./Middlewares/USB_Host_Library/usbh_ctlreq.o
                0x0000000008006604                USBH_Get_CfgDesc
 .text.USBH_Get_StringDesc
                0x000000000800664c       0x56 ./Middlewares/USB_Host_Library/usbh_ctlreq.o
                0x000000000800664c                USBH_Get_StringDesc
 .text.USBH_GetDescriptor
                0x00000000080066a2       0x6a ./Middlewares/USB_Host_Library/usbh_ctlreq.o
                0x00000000080066a2                USBH_GetDescriptor
 .text.USBH_SetAddress
                0x000000000800670c       0x48 ./Middlewares/USB_Host_Library/usbh_ctlreq.o
                0x000000000800670c                USBH_SetAddress
 .text.USBH_SetCfg
                0x0000000008006754       0x46 ./Middlewares/USB_Host_Library/usbh_ctlreq.o
                0x0000000008006754                USBH_SetCfg
 .text.USBH_SetFeature
                0x000000000800679a       0x48 ./Middlewares/USB_Host_Library/usbh_ctlreq.o
                0x000000000800679a                USBH_SetFeature
 .text.USBH_ClrFeature
                0x00000000080067e2       0x48 ./Middlewares/USB_Host_Library/usbh_ctlreq.o
                0x00000000080067e2                USBH_ClrFeature
 .text.USBH_ParseDevDesc
                0x000000000800682a       0xe0 ./Middlewares/USB_Host_Library/usbh_ctlreq.o
 .text.USBH_ParseCfgDesc
                0x000000000800690a      0x144 ./Middlewares/USB_Host_Library/usbh_ctlreq.o
 .text.USBH_ParseInterfaceDesc
                0x0000000008006a4e       0x5e ./Middlewares/USB_Host_Library/usbh_ctlreq.o
 .text.USBH_ParseEPDesc
                0x0000000008006aac       0x5a ./Middlewares/USB_Host_Library/usbh_ctlreq.o
 .text.USBH_ParseStringDesc
                0x0000000008006b06       0x66 ./Middlewares/USB_Host_Library/usbh_ctlreq.o
 .text.USBH_GetNextDesc
                0x0000000008006b6c       0x36 ./Middlewares/USB_Host_Library/usbh_ctlreq.o
                0x0000000008006b6c                USBH_GetNextDesc
 .text.USBH_CtlReq
                0x0000000008006ba2       0x7a ./Middlewares/USB_Host_Library/usbh_ctlreq.o
                0x0000000008006ba2                USBH_CtlReq
 .text.USBH_HandleControl
                0x0000000008006c1c      0x2e8 ./Middlewares/USB_Host_Library/usbh_ctlreq.o
 .text.USBH_CtlSendSetup
                0x0000000008006f04       0x34 ./Middlewares/USB_Host_Library/usbh_ioreq.o
                0x0000000008006f04                USBH_CtlSendSetup
 .text.USBH_CtlSendData
                0x0000000008006f38       0x4a ./Middlewares/USB_Host_Library/usbh_ioreq.o
                0x0000000008006f38                USBH_CtlSendData
 .text.USBH_CtlReceiveData
                0x0000000008006f82       0x3c ./Middlewares/USB_Host_Library/usbh_ioreq.o
                0x0000000008006f82                USBH_CtlReceiveData
 .text.USBH_BulkSendData
                0x0000000008006fbe       0x4a ./Middlewares/USB_Host_Library/usbh_ioreq.o
                0x0000000008006fbe                USBH_BulkSendData
 .text.USBH_BulkReceiveData
                0x0000000008007008       0x3c ./Middlewares/USB_Host_Library/usbh_ioreq.o
                0x0000000008007008                USBH_BulkReceiveData
 .text.USBH_OpenPipe
                0x0000000008007044       0x3e ./Middlewares/USB_Host_Library/usbh_pipes.o
                0x0000000008007044                USBH_OpenPipe
 .text.USBH_ClosePipe
                0x0000000008007082       0x20 ./Middlewares/USB_Host_Library/usbh_pipes.o
                0x0000000008007082                USBH_ClosePipe
 .text.USBH_AllocPipe
                0x00000000080070a2       0x42 ./Middlewares/USB_Host_Library/usbh_pipes.o
                0x00000000080070a2                USBH_AllocPipe
 .text.USBH_FreePipe
                0x00000000080070e4       0x3c ./Middlewares/USB_Host_Library/usbh_pipes.o
                0x00000000080070e4                USBH_FreePipe
 .text.USBH_GetFreePipe
                0x0000000008007120       0x48 ./Middlewares/USB_Host_Library/usbh_pipes.o
 .text.MX_USB_HOST_Init
                0x0000000008007168       0x4c ./USB_HOST/App/usb_host.o
                0x0000000008007168                MX_USB_HOST_Init
 .text.MX_USB_HOST_Process
                0x00000000080071b4       0x14 ./USB_HOST/App/usb_host.o
                0x00000000080071b4                MX_USB_HOST_Process
 .text.USBH_UserProcess
                0x00000000080071c8       0x5c ./USB_HOST/App/usb_host.o
 .text.HAL_HCD_MspInit
                0x0000000008007224       0xa8 ./USB_HOST/Target/usbh_conf.o
                0x0000000008007224                HAL_HCD_MspInit
 .text.HAL_HCD_SOF_Callback
                0x00000000080072cc       0x1c ./USB_HOST/Target/usbh_conf.o
                0x00000000080072cc                HAL_HCD_SOF_Callback
 .text.HAL_HCD_Connect_Callback
                0x00000000080072e8       0x1c ./USB_HOST/Target/usbh_conf.o
                0x00000000080072e8                HAL_HCD_Connect_Callback
 .text.HAL_HCD_Disconnect_Callback
                0x0000000008007304       0x1c ./USB_HOST/Target/usbh_conf.o
                0x0000000008007304                HAL_HCD_Disconnect_Callback
 .text.HAL_HCD_HC_NotifyURBChange_Callback
                0x0000000008007320       0x1c ./USB_HOST/Target/usbh_conf.o
                0x0000000008007320                HAL_HCD_HC_NotifyURBChange_Callback
 .text.HAL_HCD_PortEnabled_Callback
                0x000000000800733c       0x1c ./USB_HOST/Target/usbh_conf.o
                0x000000000800733c                HAL_HCD_PortEnabled_Callback
 .text.HAL_HCD_PortDisabled_Callback
                0x0000000008007358       0x1c ./USB_HOST/Target/usbh_conf.o
                0x0000000008007358                HAL_HCD_PortDisabled_Callback
 .text.USBH_LL_Init
                0x0000000008007374       0x78 ./USB_HOST/Target/usbh_conf.o
                0x0000000008007374                USBH_LL_Init
 .text.USBH_LL_Start
                0x00000000080073ec       0x36 ./USB_HOST/Target/usbh_conf.o
                0x00000000080073ec                USBH_LL_Start
 .text.USBH_LL_Stop
                0x0000000008007422       0x36 ./USB_HOST/Target/usbh_conf.o
                0x0000000008007422                USBH_LL_Stop
 .text.USBH_LL_GetSpeed
                0x0000000008007458       0x4e ./USB_HOST/Target/usbh_conf.o
                0x0000000008007458                USBH_LL_GetSpeed
 .text.USBH_LL_ResetPort
                0x00000000080074a6       0x36 ./USB_HOST/Target/usbh_conf.o
                0x00000000080074a6                USBH_LL_ResetPort
 .text.USBH_LL_GetLastXferSize
                0x00000000080074dc       0x26 ./USB_HOST/Target/usbh_conf.o
                0x00000000080074dc                USBH_LL_GetLastXferSize
 .text.USBH_LL_OpenPipe
                0x0000000008007502       0x5e ./USB_HOST/Target/usbh_conf.o
                0x0000000008007502                USBH_LL_OpenPipe
 .text.USBH_LL_ClosePipe
                0x0000000008007560       0x3e ./USB_HOST/Target/usbh_conf.o
                0x0000000008007560                USBH_LL_ClosePipe
 .text.USBH_LL_SubmitURB
                0x000000000800759e       0x62 ./USB_HOST/Target/usbh_conf.o
                0x000000000800759e                USBH_LL_SubmitURB
 .text.USBH_LL_GetURBState
                0x0000000008007600       0x26 ./USB_HOST/Target/usbh_conf.o
                0x0000000008007600                USBH_LL_GetURBState
 .text.USBH_LL_DriverVBUS
                0x0000000008007626       0x2e ./USB_HOST/Target/usbh_conf.o
                0x0000000008007626                USBH_LL_DriverVBUS
 .text.USBH_LL_SetToggle
                0x0000000008007654       0x60 ./USB_HOST/Target/usbh_conf.o
                0x0000000008007654                USBH_LL_SetToggle
 .text.USBH_Delay
                0x00000000080076b4       0x16 ./USB_HOST/Target/usbh_conf.o
                0x00000000080076b4                USBH_Delay
 *fill*         0x00000000080076ca        0x2 
 .text.USBH_Get_USB_Status
                0x00000000080076cc       0x58 ./USB_HOST/Target/usbh_conf.o
                0x00000000080076cc                USBH_Get_USB_Status
 .text.MX_DriverVbusFS
                0x0000000008007724       0x38 ./USB_HOST/Target/usbh_platform.o
                0x0000000008007724                MX_DriverVbusFS
 .text.__errno  0x000000000800775c        0xc c:/st/stm32cubeide_1.7.0/stm32cubeide/plugins/com.st.stm32cube.ide.mcu.externaltools.gnu-tools-for-stm32.9-2020-q2-update.win32_2.0.0.202105311346/tools/bin/../lib/gcc/arm-none-eabi/9.3.1/../../../../arm-none-eabi/lib/thumb/v7e-m+fp/hard\libc_nano.a(lib_a-errno.o)
                0x000000000800775c                __errno
 .text.__libc_init_array
                0x0000000008007768       0x48 c:/st/stm32cubeide_1.7.0/stm32cubeide/plugins/com.st.stm32cube.ide.mcu.externaltools.gnu-tools-for-stm32.9-2020-q2-update.win32_2.0.0.202105311346/tools/bin/../lib/gcc/arm-none-eabi/9.3.1/../../../../arm-none-eabi/lib/thumb/v7e-m+fp/hard\libc_nano.a(lib_a-init.o)
                0x0000000008007768                __libc_init_array
 .text.malloc   0x00000000080077b0       0x10 c:/st/stm32cubeide_1.7.0/stm32cubeide/plugins/com.st.stm32cube.ide.mcu.externaltools.gnu-tools-for-stm32.9-2020-q2-update.win32_2.0.0.202105311346/tools/bin/../lib/gcc/arm-none-eabi/9.3.1/../../../../arm-none-eabi/lib/thumb/v7e-m+fp/hard\libc_nano.a(lib_a-malloc.o)
                0x00000000080077b0                malloc
 .text.free     0x00000000080077c0       0x10 c:/st/stm32cubeide_1.7.0/stm32cubeide/plugins/com.st.stm32cube.ide.mcu.externaltools.gnu-tools-for-stm32.9-2020-q2-update.win32_2.0.0.202105311346/tools/bin/../lib/gcc/arm-none-eabi/9.3.1/../../../../arm-none-eabi/lib/thumb/v7e-m+fp/hard\libc_nano.a(lib_a-malloc.o)
                0x00000000080077c0                free
 .text.memset   0x00000000080077d0       0x10 c:/st/stm32cubeide_1.7.0/stm32cubeide/plugins/com.st.stm32cube.ide.mcu.externaltools.gnu-tools-for-stm32.9-2020-q2-update.win32_2.0.0.202105311346/tools/bin/../lib/gcc/arm-none-eabi/9.3.1/../../../../arm-none-eabi/lib/thumb/v7e-m+fp/hard\libc_nano.a(lib_a-memset.o)
                0x00000000080077d0                memset
 .text._free_r  0x00000000080077e0       0xa0 c:/st/stm32cubeide_1.7.0/stm32cubeide/plugins/com.st.stm32cube.ide.mcu.externaltools.gnu-tools-for-stm32.9-2020-q2-update.win32_2.0.0.202105311346/tools/bin/../lib/gcc/arm-none-eabi/9.3.1/../../../../arm-none-eabi/lib/thumb/v7e-m+fp/hard\libc_nano.a(lib_a-nano-freer.o)
                0x00000000080077e0                _free_r
 .text._malloc_r
                0x0000000008007880       0xb4 c:/st/stm32cubeide_1.7.0/stm32cubeide/plugins/com.st.stm32cube.ide.mcu.externaltools.gnu-tools-for-stm32.9-2020-q2-update.win32_2.0.0.202105311346/tools/bin/../lib/gcc/arm-none-eabi/9.3.1/../../../../arm-none-eabi/lib/thumb/v7e-m+fp/hard\libc_nano.a(lib_a-nano-mallocr.o)
                0x0000000008007880                _malloc_r
 .text._sbrk_r  0x0000000008007934       0x20 c:/st/stm32cubeide_1.7.0/stm32cubeide/plugins/com.st.stm32cube.ide.mcu.externaltools.gnu-tools-for-stm32.9-2020-q2-update.win32_2.0.0.202105311346/tools/bin/../lib/gcc/arm-none-eabi/9.3.1/../../../../arm-none-eabi/lib/thumb/v7e-m+fp/hard\libc_nano.a(lib_a-sbrkr.o)
                0x0000000008007934                _sbrk_r
 .text.__malloc_lock
                0x0000000008007954        0xc c:/st/stm32cubeide_1.7.0/stm32cubeide/plugins/com.st.stm32cube.ide.mcu.externaltools.gnu-tools-for-stm32.9-2020-q2-update.win32_2.0.0.202105311346/tools/bin/../lib/gcc/arm-none-eabi/9.3.1/../../../../arm-none-eabi/lib/thumb/v7e-m+fp/hard\libc_nano.a(lib_a-mlock.o)
                0x0000000008007954                __malloc_lock
 .text.__malloc_unlock
                0x0000000008007960        0xc c:/st/stm32cubeide_1.7.0/stm32cubeide/plugins/com.st.stm32cube.ide.mcu.externaltools.gnu-tools-for-stm32.9-2020-q2-update.win32_2.0.0.202105311346/tools/bin/../lib/gcc/arm-none-eabi/9.3.1/../../../../arm-none-eabi/lib/thumb/v7e-m+fp/hard\libc_nano.a(lib_a-mlock.o)
                0x0000000008007960                __malloc_unlock
 .text.__retarget_lock_acquire_recursive
                0x000000000800796c        0x2 c:/st/stm32cubeide_1.7.0/stm32cubeide/plugins/com.st.stm32cube.ide.mcu.externaltools.gnu-tools-for-stm32.9-2020-q2-update.win32_2.0.0.202105311346/tools/bin/../lib/gcc/arm-none-eabi/9.3.1/../../../../arm-none-eabi/lib/thumb/v7e-m+fp/hard\libc_nano.a(lib_a-lock.o)
                0x000000000800796c                __retarget_lock_acquire_recursive
 .text.__retarget_lock_release_recursive
                0x000000000800796e        0x2 c:/st/stm32cubeide_1.7.0/stm32cubeide/plugins/com.st.stm32cube.ide.mcu.externaltools.gnu-tools-for-stm32.9-2020-q2-update.win32_2.0.0.202105311346/tools/bin/../lib/gcc/arm-none-eabi/9.3.1/../../../../arm-none-eabi/lib/thumb/v7e-m+fp/hard\libc_nano.a(lib_a-lock.o)
                0x000000000800796e                __retarget_lock_release_recursive
 *(.glue_7)
 .glue_7        0x0000000008007970        0x0 linker stubs
 *(.glue_7t)
 .glue_7t       0x0000000008007970        0x0 linker stubs
 *(.eh_frame)
 .eh_frame      0x0000000008007970        0x0 c:/st/stm32cubeide_1.7.0/stm32cubeide/plugins/com.st.stm32cube.ide.mcu.externaltools.gnu-tools-for-stm32.9-2020-q2-update.win32_2.0.0.202105311346/tools/bin/../lib/gcc/arm-none-eabi/9.3.1/thumb/v7e-m+fp/hard/crtbegin.o
 *(.init)
 .init          0x0000000008007970        0x4 c:/st/stm32cubeide_1.7.0/stm32cubeide/plugins/com.st.stm32cube.ide.mcu.externaltools.gnu-tools-for-stm32.9-2020-q2-update.win32_2.0.0.202105311346/tools/bin/../lib/gcc/arm-none-eabi/9.3.1/thumb/v7e-m+fp/hard/crti.o
                0x0000000008007970                _init
 .init          0x0000000008007974        0x8 c:/st/stm32cubeide_1.7.0/stm32cubeide/plugins/com.st.stm32cube.ide.mcu.externaltools.gnu-tools-for-stm32.9-2020-q2-update.win32_2.0.0.202105311346/tools/bin/../lib/gcc/arm-none-eabi/9.3.1/thumb/v7e-m+fp/hard/crtn.o
 *(.fini)
 .fini          0x000000000800797c        0x4 c:/st/stm32cubeide_1.7.0/stm32cubeide/plugins/com.st.stm32cube.ide.mcu.externaltools.gnu-tools-for-stm32.9-2020-q2-update.win32_2.0.0.202105311346/tools/bin/../lib/gcc/arm-none-eabi/9.3.1/thumb/v7e-m+fp/hard/crti.o
                0x000000000800797c                _fini
 .fini          0x0000000008007980        0x8 c:/st/stm32cubeide_1.7.0/stm32cubeide/plugins/com.st.stm32cube.ide.mcu.externaltools.gnu-tools-for-stm32.9-2020-q2-update.win32_2.0.0.202105311346/tools/bin/../lib/gcc/arm-none-eabi/9.3.1/thumb/v7e-m+fp/hard/crtn.o
                0x0000000008007988                . = ALIGN (0x4)
                0x0000000008007988                _etext = .

.vfp11_veneer   0x0000000008007988        0x0
 .vfp11_veneer  0x0000000008007988        0x0 linker stubs

.v4_bx          0x0000000008007988        0x0
 .v4_bx         0x0000000008007988        0x0 linker stubs

.iplt           0x0000000008007988        0x0
 .iplt          0x0000000008007988        0x0 c:/st/stm32cubeide_1.7.0/stm32cubeide/plugins/com.st.stm32cube.ide.mcu.externaltools.gnu-tools-for-stm32.9-2020-q2-update.win32_2.0.0.202105311346/tools/bin/../lib/gcc/arm-none-eabi/9.3.1/thumb/v7e-m+fp/hard/crtbegin.o

.rodata         0x0000000008007988       0x14
                0x0000000008007988                . = ALIGN (0x4)
 *(.rodata)
 .rodata        0x0000000008007988        0x4 ./Middlewares/USB_Host_Library/usbh_cdc.o
 *(.rodata*)
 .rodata.AHBPrescTable
                0x000000000800798c       0x10 ./Core/Src/system_stm32f4xx.o
                0x000000000800798c                AHBPrescTable
                0x000000000800799c                . = ALIGN (0x4)

.ARM.extab      0x000000000800799c        0x0
                0x000000000800799c                . = ALIGN (0x4)
 *(.ARM.extab* .gnu.linkonce.armextab.*)
                0x000000000800799c                . = ALIGN (0x4)

.ARM            0x000000000800799c        0x8
                0x000000000800799c                . = ALIGN (0x4)
                0x000000000800799c                __exidx_start = .
 *(.ARM.exidx*)
 .ARM.exidx     0x000000000800799c        0x8 c:/st/stm32cubeide_1.7.0/stm32cubeide/plugins/com.st.stm32cube.ide.mcu.externaltools.gnu-tools-for-stm32.9-2020-q2-update.win32_2.0.0.202105311346/tools/bin/../lib/gcc/arm-none-eabi/9.3.1/thumb/v7e-m+fp/hard\libgcc.a(_udivmoddi4.o)
                0x00000000080079a4                __exidx_end = .
                0x00000000080079a4                . = ALIGN (0x4)

.rel.dyn        0x00000000080079a4        0x0
 .rel.iplt      0x00000000080079a4        0x0 c:/st/stm32cubeide_1.7.0/stm32cubeide/plugins/com.st.stm32cube.ide.mcu.externaltools.gnu-tools-for-stm32.9-2020-q2-update.win32_2.0.0.202105311346/tools/bin/../lib/gcc/arm-none-eabi/9.3.1/thumb/v7e-m+fp/hard/crtbegin.o

.preinit_array  0x00000000080079a4        0x0
                0x00000000080079a4                . = ALIGN (0x4)
                0x00000000080079a4                PROVIDE (__preinit_array_start = .)
 *(.preinit_array*)
                0x00000000080079a4                PROVIDE (__preinit_array_end = .)
                0x00000000080079a4                . = ALIGN (0x4)

.init_array     0x00000000080079a4        0x4
                0x00000000080079a4                . = ALIGN (0x4)
                0x00000000080079a4                PROVIDE (__init_array_start = .)
 *(SORT_BY_NAME(.init_array.*))
 *(.init_array*)
 .init_array    0x00000000080079a4        0x4 c:/st/stm32cubeide_1.7.0/stm32cubeide/plugins/com.st.stm32cube.ide.mcu.externaltools.gnu-tools-for-stm32.9-2020-q2-update.win32_2.0.0.202105311346/tools/bin/../lib/gcc/arm-none-eabi/9.3.1/thumb/v7e-m+fp/hard/crtbegin.o
                0x00000000080079a8                PROVIDE (__init_array_end = .)
                0x00000000080079a8                . = ALIGN (0x4)

.fini_array     0x00000000080079a8        0x4
                0x00000000080079a8                . = ALIGN (0x4)
                [!provide]                        PROVIDE (__fini_array_start = .)
 *(SORT_BY_NAME(.fini_array.*))
 *(.fini_array*)
 .fini_array    0x00000000080079a8        0x4 c:/st/stm32cubeide_1.7.0/stm32cubeide/plugins/com.st.stm32cube.ide.mcu.externaltools.gnu-tools-for-stm32.9-2020-q2-update.win32_2.0.0.202105311346/tools/bin/../lib/gcc/arm-none-eabi/9.3.1/thumb/v7e-m+fp/hard/crtbegin.o
                [!provide]                        PROVIDE (__fini_array_end = .)
                0x00000000080079ac                . = ALIGN (0x4)
                0x00000000080079ac                _sidata = LOADADDR (.data)

.data           0x0000000020000000       0x90 load address 0x00000000080079ac
                0x0000000020000000                . = ALIGN (0x4)
                0x0000000020000000                _sdata = .
 *(.data)
 *(.data*)
 .data.SystemCoreClock
                0x0000000020000000        0x4 ./Core/Src/system_stm32f4xx.o
                0x0000000020000000                SystemCoreClock
 .data.uwTickPrio
                0x0000000020000004        0x4 ./Drivers/STM32F4xx_HAL_Driver/stm32f4xx_hal.o
                0x0000000020000004                uwTickPrio
 .data.uwTickFreq
                0x0000000020000008        0x1 ./Drivers/STM32F4xx_HAL_Driver/stm32f4xx_hal.o
                0x0000000020000008                uwTickFreq
 *fill*         0x0000000020000009        0x3 
 .data.CDC_Class
                0x000000002000000c       0x20 ./Middlewares/USB_Host_Library/usbh_cdc.o
                0x000000002000000c                CDC_Class
 .data._impure_ptr
                0x000000002000002c        0x4 c:/st/stm32cubeide_1.7.0/stm32cubeide/plugins/com.st.stm32cube.ide.mcu.externaltools.gnu-tools-for-stm32.9-2020-q2-update.win32_2.0.0.202105311346/tools/bin/../lib/gcc/arm-none-eabi/9.3.1/../../../../arm-none-eabi/lib/thumb/v7e-m+fp/hard\libc_nano.a(lib_a-impure.o)
                0x000000002000002c                _impure_ptr
 .data.impure_data
                0x0000000020000030       0x60 c:/st/stm32cubeide_1.7.0/stm32cubeide/plugins/com.st.stm32cube.ide.mcu.externaltools.gnu-tools-for-stm32.9-2020-q2-update.win32_2.0.0.202105311346/tools/bin/../lib/gcc/arm-none-eabi/9.3.1/../../../../arm-none-eabi/lib/thumb/v7e-m+fp/hard\libc_nano.a(lib_a-impure.o)
 *(.RamFunc)
 *(.RamFunc*)
                0x0000000020000090                . = ALIGN (0x4)
                0x0000000020000090                _edata = .
                0x0000000008007a3c                _siccmram = LOADADDR (.ccmram)

.igot.plt       0x0000000020000090        0x0 load address 0x0000000008007a3c
 .igot.plt      0x0000000020000090        0x0 c:/st/stm32cubeide_1.7.0/stm32cubeide/plugins/com.st.stm32cube.ide.mcu.externaltools.gnu-tools-for-stm32.9-2020-q2-update.win32_2.0.0.202105311346/tools/bin/../lib/gcc/arm-none-eabi/9.3.1/thumb/v7e-m+fp/hard/crtbegin.o

.ccmram         0x0000000010000000        0x0 load address 0x0000000008007a3c
                0x0000000010000000                . = ALIGN (0x4)
                0x0000000010000000                _sccmram = .
 *(.ccmram)
 *(.ccmram*)
                0x0000000010000000                . = ALIGN (0x4)
                0x0000000010000000                _eccmram = .
                0x0000000010000000                . = ALIGN (0x4)

.bss            0x0000000020000090      0x7ac
                0x0000000020000090                _sbss = .
                0x0000000020000090                __bss_start__ = _sbss
 *(.bss)
 .bss           0x0000000020000090       0x1c c:/st/stm32cubeide_1.7.0/stm32cubeide/plugins/com.st.stm32cube.ide.mcu.externaltools.gnu-tools-for-stm32.9-2020-q2-update.win32_2.0.0.202105311346/tools/bin/../lib/gcc/arm-none-eabi/9.3.1/thumb/v7e-m+fp/hard/crtbegin.o
 *(.bss*)
 .bss.__sbrk_heap_end
                0x00000000200000ac        0x4 ./Core/Src/sysmem.o
 .bss.Appli_state
                0x00000000200000b0        0x1 ./USB_HOST/App/usb_host.o
                0x00000000200000b0                Appli_state
 *fill*         0x00000000200000b1        0x3 
 .bss.__malloc_free_list
                0x00000000200000b4        0x4 c:/st/stm32cubeide_1.7.0/stm32cubeide/plugins/com.st.stm32cube.ide.mcu.externaltools.gnu-tools-for-stm32.9-2020-q2-update.win32_2.0.0.202105311346/tools/bin/../lib/gcc/arm-none-eabi/9.3.1/../../../../arm-none-eabi/lib/thumb/v7e-m+fp/hard\libc_nano.a(lib_a-nano-mallocr.o)
                0x00000000200000b4                __malloc_free_list
 .bss.__malloc_sbrk_start
                0x00000000200000b8        0x4 c:/st/stm32cubeide_1.7.0/stm32cubeide/plugins/com.st.stm32cube.ide.mcu.externaltools.gnu-tools-for-stm32.9-2020-q2-update.win32_2.0.0.202105311346/tools/bin/../lib/gcc/arm-none-eabi/9.3.1/../../../../arm-none-eabi/lib/thumb/v7e-m+fp/hard\libc_nano.a(lib_a-nano-mallocr.o)
                0x00000000200000b8                __malloc_sbrk_start
 *(COMMON)
 COMMON         0x00000000200000bc       0x90 ./Core/Src/main.o
                0x00000000200000bc                htim1
                0x0000000020000104                htim2
 COMMON         0x000000002000014c        0x4 ./Drivers/STM32F4xx_HAL_Driver/stm32f4xx_hal.o
                0x000000002000014c                uwTick
 COMMON         0x0000000020000150      0x3d8 ./USB_HOST/App/usb_host.o
                0x0000000020000150                hUsbHostFS
 COMMON         0x0000000020000528      0x304 ./USB_HOST/Target/usbh_conf.o
                0x0000000020000528                hhcd_USB_OTG_FS
 COMMON         0x000000002000082c        0x4 c:/st/stm32cubeide_1.7.0/stm32cubeide/plugins/com.st.stm32cube.ide.mcu.externaltools.gnu-tools-for-stm32.9-2020-q2-update.win32_2.0.0.202105311346/tools/bin/../lib/gcc/arm-none-eabi/9.3.1/../../../../arm-none-eabi/lib/thumb/v7e-m+fp/hard\libc_nano.a(lib_a-reent.o)
                0x000000002000082c                errno
 COMMON         0x0000000020000830        0x9 c:/st/stm32cubeide_1.7.0/stm32cubeide/plugins/com.st.stm32cube.ide.mcu.externaltools.gnu-tools-for-stm32.9-2020-q2-update.win32_2.0.0.202105311346/tools/bin/../lib/gcc/arm-none-eabi/9.3.1/../../../../arm-none-eabi/lib/thumb/v7e-m+fp/hard\libc_nano.a(lib_a-lock.o)
                0x0000000020000830                __lock___atexit_recursive_mutex
                0x0000000020000831                __lock___arc4random_mutex
                0x0000000020000832                __lock___env_recursive_mutex
                0x0000000020000833                __lock___sinit_recursive_mutex
                0x0000000020000834                __lock___malloc_recursive_mutex
                0x0000000020000835                __lock___at_quick_exit_mutex
                0x0000000020000836                __lock___dd_hash_mutex
                0x0000000020000837                __lock___tz_mutex
                0x0000000020000838                __lock___sfp_recursive_mutex
                0x000000002000083c                . = ALIGN (0x4)
 *fill*         0x0000000020000839        0x3 
                0x000000002000083c                _ebss = .
                0x000000002000083c                __bss_end__ = _ebss

._user_heap_stack
                0x000000002000083c      0x604
                0x0000000020000840                . = ALIGN (0x8)
 *fill*         0x000000002000083c        0x4 
                [!provide]                        PROVIDE (end = .)
                0x0000000020000840                PROVIDE (_end = .)
                0x0000000020000a40                . = (. + _Min_Heap_Size)
 *fill*         0x0000000020000840      0x200 
                0x0000000020000e40                . = (. + _Min_Stack_Size)
 *fill*         0x0000000020000a40      0x400 
                0x0000000020000e40                . = ALIGN (0x8)

/DISCARD/
 libc.a(*)
 libm.a(*)
 libgcc.a(*)

.ARM.attributes
                0x0000000000000000       0x30
 *(.ARM.attributes)
 .ARM.attributes
                0x0000000000000000       0x1e c:/st/stm32cubeide_1.7.0/stm32cubeide/plugins/com.st.stm32cube.ide.mcu.externaltools.gnu-tools-for-stm32.9-2020-q2-update.win32_2.0.0.202105311346/tools/bin/../lib/gcc/arm-none-eabi/9.3.1/thumb/v7e-m+fp/hard/crti.o
 .ARM.attributes
                0x000000000000001e       0x34 c:/st/stm32cubeide_1.7.0/stm32cubeide/plugins/com.st.stm32cube.ide.mcu.externaltools.gnu-tools-for-stm32.9-2020-q2-update.win32_2.0.0.202105311346/tools/bin/../lib/gcc/arm-none-eabi/9.3.1/thumb/v7e-m+fp/hard/crtbegin.o
 .ARM.attributes
                0x0000000000000052       0x34 ./Core/Src/main.o
 .ARM.attributes
                0x0000000000000086       0x34 ./Core/Src/stm32f4xx_hal_msp.o
 .ARM.attributes
                0x00000000000000ba       0x34 ./Core/Src/stm32f4xx_it.o
 .ARM.attributes
                0x00000000000000ee       0x34 ./Core/Src/sysmem.o
 .ARM.attributes
                0x0000000000000122       0x34 ./Core/Src/system_stm32f4xx.o
 .ARM.attributes
                0x0000000000000156       0x21 ./Core/Startup/startup_stm32f407vgtx.o
 .ARM.attributes
                0x0000000000000177       0x34 ./Drivers/STM32F4xx_HAL_Driver/stm32f4xx_hal.o
 .ARM.attributes
                0x00000000000001ab       0x34 ./Drivers/STM32F4xx_HAL_Driver/stm32f4xx_hal_cortex.o
 .ARM.attributes
                0x00000000000001df       0x34 ./Drivers/STM32F4xx_HAL_Driver/stm32f4xx_hal_gpio.o
 .ARM.attributes
                0x0000000000000213       0x34 ./Drivers/STM32F4xx_HAL_Driver/stm32f4xx_hal_hcd.o
 .ARM.attributes
                0x0000000000000247       0x34 ./Drivers/STM32F4xx_HAL_Driver/stm32f4xx_hal_rcc.o
 .ARM.attributes
                0x000000000000027b       0x34 ./Drivers/STM32F4xx_HAL_Driver/stm32f4xx_hal_tim.o
 .ARM.attributes
                0x00000000000002af       0x34 ./Drivers/STM32F4xx_HAL_Driver/stm32f4xx_hal_tim_ex.o
 .ARM.attributes
                0x00000000000002e3       0x34 ./Drivers/STM32F4xx_HAL_Driver/stm32f4xx_ll_usb.o
 .ARM.attributes
                0x0000000000000317       0x34 ./Middlewares/USB_Host_Library/usbh_cdc.o
 .ARM.attributes
                0x000000000000034b       0x34 ./Middlewares/USB_Host_Library/usbh_core.o
 .ARM.attributes
                0x000000000000037f       0x34 ./Middlewares/USB_Host_Library/usbh_ctlreq.o
 .ARM.attributes
                0x00000000000003b3       0x34 ./Middlewares/USB_Host_Library/usbh_ioreq.o
 .ARM.attributes
                0x00000000000003e7       0x34 ./Middlewares/USB_Host_Library/usbh_pipes.o
 .ARM.attributes
                0x000000000000041b       0x34 ./USB_HOST/App/usb_host.o
 .ARM.attributes
                0x000000000000044f       0x34 ./USB_HOST/Target/usbh_conf.o
 .ARM.attributes
                0x0000000000000483       0x34 ./USB_HOST/Target/usbh_platform.o
 .ARM.attributes
                0x00000000000004b7       0x34 c:/st/stm32cubeide_1.7.0/stm32cubeide/plugins/com.st.stm32cube.ide.mcu.externaltools.gnu-tools-for-stm32.9-2020-q2-update.win32_2.0.0.202105311346/tools/bin/../lib/gcc/arm-none-eabi/9.3.1/../../../../arm-none-eabi/lib/thumb/v7e-m+fp/hard\libc_nano.a(lib_a-errno.o)
 .ARM.attributes
                0x00000000000004eb       0x32 c:/st/stm32cubeide_1.7.0/stm32cubeide/plugins/com.st.stm32cube.ide.mcu.externaltools.gnu-tools-for-stm32.9-2020-q2-update.win32_2.0.0.202105311346/tools/bin/../lib/gcc/arm-none-eabi/9.3.1/../../../../arm-none-eabi/lib/thumb/v7e-m+fp/hard\libc_nano.a(lib_a-impure.o)
 .ARM.attributes
                0x000000000000051d       0x34 c:/st/stm32cubeide_1.7.0/stm32cubeide/plugins/com.st.stm32cube.ide.mcu.externaltools.gnu-tools-for-stm32.9-2020-q2-update.win32_2.0.0.202105311346/tools/bin/../lib/gcc/arm-none-eabi/9.3.1/../../../../arm-none-eabi/lib/thumb/v7e-m+fp/hard\libc_nano.a(lib_a-init.o)
 .ARM.attributes
                0x0000000000000551       0x34 c:/st/stm32cubeide_1.7.0/stm32cubeide/plugins/com.st.stm32cube.ide.mcu.externaltools.gnu-tools-for-stm32.9-2020-q2-update.win32_2.0.0.202105311346/tools/bin/../lib/gcc/arm-none-eabi/9.3.1/../../../../arm-none-eabi/lib/thumb/v7e-m+fp/hard\libc_nano.a(lib_a-malloc.o)
 .ARM.attributes
                0x0000000000000585       0x34 c:/st/stm32cubeide_1.7.0/stm32cubeide/plugins/com.st.stm32cube.ide.mcu.externaltools.gnu-tools-for-stm32.9-2020-q2-update.win32_2.0.0.202105311346/tools/bin/../lib/gcc/arm-none-eabi/9.3.1/../../../../arm-none-eabi/lib/thumb/v7e-m+fp/hard\libc_nano.a(lib_a-memset.o)
 .ARM.attributes
                0x00000000000005b9       0x34 c:/st/stm32cubeide_1.7.0/stm32cubeide/plugins/com.st.stm32cube.ide.mcu.externaltools.gnu-tools-for-stm32.9-2020-q2-update.win32_2.0.0.202105311346/tools/bin/../lib/gcc/arm-none-eabi/9.3.1/../../../../arm-none-eabi/lib/thumb/v7e-m+fp/hard\libc_nano.a(lib_a-nano-freer.o)
 .ARM.attributes
                0x00000000000005ed       0x34 c:/st/stm32cubeide_1.7.0/stm32cubeide/plugins/com.st.stm32cube.ide.mcu.externaltools.gnu-tools-for-stm32.9-2020-q2-update.win32_2.0.0.202105311346/tools/bin/../lib/gcc/arm-none-eabi/9.3.1/../../../../arm-none-eabi/lib/thumb/v7e-m+fp/hard\libc_nano.a(lib_a-nano-mallocr.o)
 .ARM.attributes
                0x0000000000000621       0x34 c:/st/stm32cubeide_1.7.0/stm32cubeide/plugins/com.st.stm32cube.ide.mcu.externaltools.gnu-tools-for-stm32.9-2020-q2-update.win32_2.0.0.202105311346/tools/bin/../lib/gcc/arm-none-eabi/9.3.1/../../../../arm-none-eabi/lib/thumb/v7e-m+fp/hard\libc_nano.a(lib_a-sbrkr.o)
 .ARM.attributes
                0x0000000000000655       0x34 c:/st/stm32cubeide_1.7.0/stm32cubeide/plugins/com.st.stm32cube.ide.mcu.externaltools.gnu-tools-for-stm32.9-2020-q2-update.win32_2.0.0.202105311346/tools/bin/../lib/gcc/arm-none-eabi/9.3.1/../../../../arm-none-eabi/lib/thumb/v7e-m+fp/hard\libc_nano.a(lib_a-mlock.o)
 .ARM.attributes
                0x0000000000000689       0x34 c:/st/stm32cubeide_1.7.0/stm32cubeide/plugins/com.st.stm32cube.ide.mcu.externaltools.gnu-tools-for-stm32.9-2020-q2-update.win32_2.0.0.202105311346/tools/bin/../lib/gcc/arm-none-eabi/9.3.1/../../../../arm-none-eabi/lib/thumb/v7e-m+fp/hard\libc_nano.a(lib_a-reent.o)
 .ARM.attributes
                0x00000000000006bd       0x34 c:/st/stm32cubeide_1.7.0/stm32cubeide/plugins/com.st.stm32cube.ide.mcu.externaltools.gnu-tools-for-stm32.9-2020-q2-update.win32_2.0.0.202105311346/tools/bin/../lib/gcc/arm-none-eabi/9.3.1/../../../../arm-none-eabi/lib/thumb/v7e-m+fp/hard\libc_nano.a(lib_a-lock.o)
 .ARM.attributes
                0x00000000000006f1       0x1e c:/st/stm32cubeide_1.7.0/stm32cubeide/plugins/com.st.stm32cube.ide.mcu.externaltools.gnu-tools-for-stm32.9-2020-q2-update.win32_2.0.0.202105311346/tools/bin/../lib/gcc/arm-none-eabi/9.3.1/thumb/v7e-m+fp/hard\libgcc.a(_aeabi_uldivmod.o)
 .ARM.attributes
                0x000000000000070f       0x34 c:/st/stm32cubeide_1.7.0/stm32cubeide/plugins/com.st.stm32cube.ide.mcu.externaltools.gnu-tools-for-stm32.9-2020-q2-update.win32_2.0.0.202105311346/tools/bin/../lib/gcc/arm-none-eabi/9.3.1/thumb/v7e-m+fp/hard\libgcc.a(_udivmoddi4.o)
 .ARM.attributes
                0x0000000000000743       0x1e c:/st/stm32cubeide_1.7.0/stm32cubeide/plugins/com.st.stm32cube.ide.mcu.externaltools.gnu-tools-for-stm32.9-2020-q2-update.win32_2.0.0.202105311346/tools/bin/../lib/gcc/arm-none-eabi/9.3.1/thumb/v7e-m+fp/hard\libgcc.a(_dvmd_tls.o)
 .ARM.attributes
                0x0000000000000761       0x1e c:/st/stm32cubeide_1.7.0/stm32cubeide/plugins/com.st.stm32cube.ide.mcu.externaltools.gnu-tools-for-stm32.9-2020-q2-update.win32_2.0.0.202105311346/tools/bin/../lib/gcc/arm-none-eabi/9.3.1/thumb/v7e-m+fp/hard/crtn.o
OUTPUT(simple-dc-inverter.elf elf32-littlearm)
LOAD linker stubs
LOAD c:/st/stm32cubeide_1.7.0/stm32cubeide/plugins/com.st.stm32cube.ide.mcu.externaltools.gnu-tools-for-stm32.9-2020-q2-update.win32_2.0.0.202105311346/tools/bin/../lib/gcc/arm-none-eabi/9.3.1/../../../../arm-none-eabi/lib/thumb/v7e-m+fp/hard\libc.a
LOAD c:/st/stm32cubeide_1.7.0/stm32cubeide/plugins/com.st.stm32cube.ide.mcu.externaltools.gnu-tools-for-stm32.9-2020-q2-update.win32_2.0.0.202105311346/tools/bin/../lib/gcc/arm-none-eabi/9.3.1/../../../../arm-none-eabi/lib/thumb/v7e-m+fp/hard\libm.a
LOAD c:/st/stm32cubeide_1.7.0/stm32cubeide/plugins/com.st.stm32cube.ide.mcu.externaltools.gnu-tools-for-stm32.9-2020-q2-update.win32_2.0.0.202105311346/tools/bin/../lib/gcc/arm-none-eabi/9.3.1/thumb/v7e-m+fp/hard\libgcc.a

.debug_info     0x0000000000000000    0x17aa1
 .debug_info    0x0000000000000000      0xf9b ./Core/Src/main.o
 .debug_info    0x0000000000000f9b      0xb62 ./Core/Src/stm32f4xx_hal_msp.o
 .debug_info    0x0000000000001afd      0x729 ./Core/Src/stm32f4xx_it.o
 .debug_info    0x0000000000002226      0xa25 ./Core/Src/sysmem.o
 .debug_info    0x0000000000002c4b      0x5a4 ./Core/Src/system_stm32f4xx.o
 .debug_info    0x00000000000031ef       0x22 ./Core/Startup/startup_stm32f407vgtx.o
 .debug_info    0x0000000000003211      0x9b2 ./Drivers/STM32F4xx_HAL_Driver/stm32f4xx_hal.o
 .debug_info    0x0000000000003bc3      0xed7 ./Drivers/STM32F4xx_HAL_Driver/stm32f4xx_hal_cortex.o
 .debug_info    0x0000000000004a9a      0x83e ./Drivers/STM32F4xx_HAL_Driver/stm32f4xx_hal_gpio.o
 .debug_info    0x00000000000052d8      0xf67 ./Drivers/STM32F4xx_HAL_Driver/stm32f4xx_hal_hcd.o
 .debug_info    0x000000000000623f      0x996 ./Drivers/STM32F4xx_HAL_Driver/stm32f4xx_hal_rcc.o
 .debug_info    0x0000000000006bd5     0x2c22 ./Drivers/STM32F4xx_HAL_Driver/stm32f4xx_hal_tim.o
 .debug_info    0x00000000000097f7     0x15a2 ./Drivers/STM32F4xx_HAL_Driver/stm32f4xx_hal_tim_ex.o
 .debug_info    0x000000000000ad99     0x1ab4 ./Drivers/STM32F4xx_HAL_Driver/stm32f4xx_ll_usb.o
 .debug_info    0x000000000000c84d     0x1c86 ./Middlewares/USB_Host_Library/usbh_cdc.o
 .debug_info    0x000000000000e4d3     0x1815 ./Middlewares/USB_Host_Library/usbh_core.o
 .debug_info    0x000000000000fce8     0x18e6 ./Middlewares/USB_Host_Library/usbh_ctlreq.o
 .debug_info    0x00000000000115ce     0x162f ./Middlewares/USB_Host_Library/usbh_ioreq.o
 .debug_info    0x0000000000012bfd     0x1457 ./Middlewares/USB_Host_Library/usbh_pipes.o
 .debug_info    0x0000000000014054     0x13a0 ./USB_HOST/App/usb_host.o
 .debug_info    0x00000000000153f4     0x2412 ./USB_HOST/Target/usbh_conf.o
 .debug_info    0x0000000000017806      0x29b ./USB_HOST/Target/usbh_platform.o

.debug_abbrev   0x0000000000000000     0x33ae
 .debug_abbrev  0x0000000000000000      0x248 ./Core/Src/main.o
 .debug_abbrev  0x0000000000000248      0x1db ./Core/Src/stm32f4xx_hal_msp.o
 .debug_abbrev  0x0000000000000423      0x184 ./Core/Src/stm32f4xx_it.o
 .debug_abbrev  0x00000000000005a7      0x1bf ./Core/Src/sysmem.o
 .debug_abbrev  0x0000000000000766      0x145 ./Core/Src/system_stm32f4xx.o
 .debug_abbrev  0x00000000000008ab       0x12 ./Core/Startup/startup_stm32f407vgtx.o
 .debug_abbrev  0x00000000000008bd      0x1ed ./Drivers/STM32F4xx_HAL_Driver/stm32f4xx_hal.o
 .debug_abbrev  0x0000000000000aaa      0x33c ./Drivers/STM32F4xx_HAL_Driver/stm32f4xx_hal_cortex.o
 .debug_abbrev  0x0000000000000de6      0x1f1 ./Drivers/STM32F4xx_HAL_Driver/stm32f4xx_hal_gpio.o
 .debug_abbrev  0x0000000000000fd7      0x28d ./Drivers/STM32F4xx_HAL_Driver/stm32f4xx_hal_hcd.o
 .debug_abbrev  0x0000000000001264      0x275 ./Drivers/STM32F4xx_HAL_Driver/stm32f4xx_hal_rcc.o
 .debug_abbrev  0x00000000000014d9      0x25e ./Drivers/STM32F4xx_HAL_Driver/stm32f4xx_hal_tim.o
 .debug_abbrev  0x0000000000001737      0x266 ./Drivers/STM32F4xx_HAL_Driver/stm32f4xx_hal_tim_ex.o
 .debug_abbrev  0x000000000000199d      0x2a7 ./Drivers/STM32F4xx_HAL_Driver/stm32f4xx_ll_usb.o
 .debug_abbrev  0x0000000000001c44      0x352 ./Middlewares/USB_Host_Library/usbh_cdc.o
 .debug_abbrev  0x0000000000001f96      0x3b4 ./Middlewares/USB_Host_Library/usbh_core.o
 .debug_abbrev  0x000000000000234a      0x367 ./Middlewares/USB_Host_Library/usbh_ctlreq.o
 .debug_abbrev  0x00000000000026b1      0x2b5 ./Middlewares/USB_Host_Library/usbh_ioreq.o
 .debug_abbrev  0x0000000000002966      0x2f3 ./Middlewares/USB_Host_Library/usbh_pipes.o
 .debug_abbrev  0x0000000000002c59      0x2a4 ./USB_HOST/App/usb_host.o
 .debug_abbrev  0x0000000000002efd      0x397 ./USB_HOST/Target/usbh_conf.o
 .debug_abbrev  0x0000000000003294      0x11a ./USB_HOST/Target/usbh_platform.o

.debug_aranges  0x0000000000000000      0xfd8
 .debug_aranges
                0x0000000000000000       0x48 ./Core/Src/main.o
 .debug_aranges
                0x0000000000000048       0x38 ./Core/Src/stm32f4xx_hal_msp.o
 .debug_aranges
                0x0000000000000080       0x68 ./Core/Src/stm32f4xx_it.o
 .debug_aranges
                0x00000000000000e8       0x20 ./Core/Src/sysmem.o
 .debug_aranges
                0x0000000000000108       0x28 ./Core/Src/system_stm32f4xx.o
 .debug_aranges
                0x0000000000000130       0x28 ./Core/Startup/startup_stm32f407vgtx.o
 .debug_aranges
                0x0000000000000158       0xf0 ./Drivers/STM32F4xx_HAL_Driver/stm32f4xx_hal.o
 .debug_aranges
                0x0000000000000248      0x118 ./Drivers/STM32F4xx_HAL_Driver/stm32f4xx_hal_cortex.o
 .debug_aranges
                0x0000000000000360       0x58 ./Drivers/STM32F4xx_HAL_Driver/stm32f4xx_hal_gpio.o
 .debug_aranges
                0x00000000000003b8       0xf8 ./Drivers/STM32F4xx_HAL_Driver/stm32f4xx_hal_hcd.o
 .debug_aranges
                0x00000000000004b0       0x88 ./Drivers/STM32F4xx_HAL_Driver/stm32f4xx_hal_rcc.o
 .debug_aranges
                0x0000000000000538      0x3d0 ./Drivers/STM32F4xx_HAL_Driver/stm32f4xx_hal_tim.o
 .debug_aranges
                0x0000000000000908      0x168 ./Drivers/STM32F4xx_HAL_Driver/stm32f4xx_hal_tim_ex.o
 .debug_aranges
                0x0000000000000a70      0x198 ./Drivers/STM32F4xx_HAL_Driver/stm32f4xx_ll_usb.o
 .debug_aranges
                0x0000000000000c08       0xa8 ./Middlewares/USB_Host_Library/usbh_cdc.o
 .debug_aranges
                0x0000000000000cb0       0xc0 ./Middlewares/USB_Host_Library/usbh_core.o
 .debug_aranges
                0x0000000000000d70       0xa0 ./Middlewares/USB_Host_Library/usbh_ctlreq.o
 .debug_aranges
                0x0000000000000e10       0x60 ./Middlewares/USB_Host_Library/usbh_ioreq.o
 .debug_aranges
                0x0000000000000e70       0x40 ./Middlewares/USB_Host_Library/usbh_pipes.o
 .debug_aranges
                0x0000000000000eb0       0x30 ./USB_HOST/App/usb_host.o
 .debug_aranges
                0x0000000000000ee0       0xd8 ./USB_HOST/Target/usbh_conf.o
 .debug_aranges
                0x0000000000000fb8       0x20 ./USB_HOST/Target/usbh_platform.o

.debug_ranges   0x0000000000000000      0xe80
 .debug_ranges  0x0000000000000000       0x38 ./Core/Src/main.o
 .debug_ranges  0x0000000000000038       0x28 ./Core/Src/stm32f4xx_hal_msp.o
 .debug_ranges  0x0000000000000060       0x58 ./Core/Src/stm32f4xx_it.o
 .debug_ranges  0x00000000000000b8       0x10 ./Core/Src/sysmem.o
 .debug_ranges  0x00000000000000c8       0x18 ./Core/Src/system_stm32f4xx.o
 .debug_ranges  0x00000000000000e0       0x20 ./Core/Startup/startup_stm32f407vgtx.o
 .debug_ranges  0x0000000000000100       0xe0 ./Drivers/STM32F4xx_HAL_Driver/stm32f4xx_hal.o
 .debug_ranges  0x00000000000001e0      0x108 ./Drivers/STM32F4xx_HAL_Driver/stm32f4xx_hal_cortex.o
 .debug_ranges  0x00000000000002e8       0x48 ./Drivers/STM32F4xx_HAL_Driver/stm32f4xx_hal_gpio.o
 .debug_ranges  0x0000000000000330       0xe8 ./Drivers/STM32F4xx_HAL_Driver/stm32f4xx_hal_hcd.o
 .debug_ranges  0x0000000000000418       0x78 ./Drivers/STM32F4xx_HAL_Driver/stm32f4xx_hal_rcc.o
 .debug_ranges  0x0000000000000490      0x3c0 ./Drivers/STM32F4xx_HAL_Driver/stm32f4xx_hal_tim.o
 .debug_ranges  0x0000000000000850      0x158 ./Drivers/STM32F4xx_HAL_Driver/stm32f4xx_hal_tim_ex.o
 .debug_ranges  0x00000000000009a8      0x188 ./Drivers/STM32F4xx_HAL_Driver/stm32f4xx_ll_usb.o
 .debug_ranges  0x0000000000000b30       0x98 ./Middlewares/USB_Host_Library/usbh_cdc.o
 .debug_ranges  0x0000000000000bc8       0xb0 ./Middlewares/USB_Host_Library/usbh_core.o
 .debug_ranges  0x0000000000000c78       0x90 ./Middlewares/USB_Host_Library/usbh_ctlreq.o
 .debug_ranges  0x0000000000000d08       0x50 ./Middlewares/USB_Host_Library/usbh_ioreq.o
 .debug_ranges  0x0000000000000d58       0x30 ./Middlewares/USB_Host_Library/usbh_pipes.o
 .debug_ranges  0x0000000000000d88       0x20 ./USB_HOST/App/usb_host.o
 .debug_ranges  0x0000000000000da8       0xc8 ./USB_HOST/Target/usbh_conf.o
 .debug_ranges  0x0000000000000e70       0x10 ./USB_HOST/Target/usbh_platform.o

.debug_macro    0x0000000000000000    0x2310f
 .debug_macro   0x0000000000000000      0x1f6 ./Core/Src/main.o
 .debug_macro   0x00000000000001f6      0xaa8 ./Core/Src/main.o
 .debug_macro   0x0000000000000c9e      0x29b ./Core/Src/main.o
 .debug_macro   0x0000000000000f39       0x2e ./Core/Src/main.o
 .debug_macro   0x0000000000000f67       0x2f ./Core/Src/main.o
 .debug_macro   0x0000000000000f96       0x22 ./Core/Src/main.o
 .debug_macro   0x0000000000000fb8       0x8e ./Core/Src/main.o
 .debug_macro   0x0000000000001046       0x51 ./Core/Src/main.o
 .debug_macro   0x0000000000001097      0x103 ./Core/Src/main.o
 .debug_macro   0x000000000000119a       0x6a ./Core/Src/main.o
 .debug_macro   0x0000000000001204      0x1df ./Core/Src/main.o
 .debug_macro   0x00000000000013e3       0x1c ./Core/Src/main.o
 .debug_macro   0x00000000000013ff       0x22 ./Core/Src/main.o
 .debug_macro   0x0000000000001421       0xdf ./Core/Src/main.o
 .debug_macro   0x0000000000001500     0x102d ./Core/Src/main.o
 .debug_macro   0x000000000000252d      0x11f ./Core/Src/main.o
 .debug_macro   0x000000000000264c    0x15e58 ./Core/Src/main.o
 .debug_macro   0x00000000000184a4       0x6d ./Core/Src/main.o
 .debug_macro   0x0000000000018511     0x3666 ./Core/Src/main.o
 .debug_macro   0x000000000001bb77      0x174 ./Core/Src/main.o
 .debug_macro   0x000000000001bceb       0x5c ./Core/Src/main.o
 .debug_macro   0x000000000001bd47      0x96b ./Core/Src/main.o
 .debug_macro   0x000000000001c6b2      0x9fe ./Core/Src/main.o
 .debug_macro   0x000000000001d0b0      0x116 ./Core/Src/main.o
 .debug_macro   0x000000000001d1c6      0x13e ./Core/Src/main.o
 .debug_macro   0x000000000001d304       0xa5 ./Core/Src/main.o
 .debug_macro   0x000000000001d3a9      0x174 ./Core/Src/main.o
 .debug_macro   0x000000000001d51d      0x287 ./Core/Src/main.o
 .debug_macro   0x000000000001d7a4       0x5f ./Core/Src/main.o
 .debug_macro   0x000000000001d803      0x236 ./Core/Src/main.o
 .debug_macro   0x000000000001da39      0x12c ./Core/Src/main.o
 .debug_macro   0x000000000001db65      0x21e ./Core/Src/main.o
 .debug_macro   0x000000000001dd83       0x2e ./Core/Src/main.o
 .debug_macro   0x000000000001ddb1      0x11a ./Core/Src/main.o
 .debug_macro   0x000000000001decb       0x7e ./Core/Src/main.o
 .debug_macro   0x000000000001df49       0x89 ./Core/Src/main.o
 .debug_macro   0x000000000001dfd2      0x8d1 ./Core/Src/main.o
 .debug_macro   0x000000000001e8a3       0x47 ./Core/Src/main.o
 .debug_macro   0x000000000001e8ea      0x21e ./Core/Src/main.o
 .debug_macro   0x000000000001eb08       0x7c ./Core/Src/main.o
 .debug_macro   0x000000000001eb84      0x12d ./Core/Src/main.o
 .debug_macro   0x000000000001ecb1       0xac ./Core/Src/main.o
 .debug_macro   0x000000000001ed5d      0x1ec ./Core/Src/stm32f4xx_hal_msp.o
 .debug_macro   0x000000000001ef49      0x1f6 ./Core/Src/stm32f4xx_it.o
 .debug_macro   0x000000000001f13f       0xff ./Core/Src/sysmem.o
 .debug_macro   0x000000000001f23e      0x23b ./Core/Src/sysmem.o
 .debug_macro   0x000000000001f479      0x1dd ./Core/Src/system_stm32f4xx.o
 .debug_macro   0x000000000001f656      0x23d ./Drivers/STM32F4xx_HAL_Driver/stm32f4xx_hal.o
 .debug_macro   0x000000000001f893      0x1dd ./Drivers/STM32F4xx_HAL_Driver/stm32f4xx_hal_cortex.o
 .debug_macro   0x000000000001fa70      0x1e3 ./Drivers/STM32F4xx_HAL_Driver/stm32f4xx_hal_gpio.o
 .debug_macro   0x000000000001fc53      0x1dd ./Drivers/STM32F4xx_HAL_Driver/stm32f4xx_hal_hcd.o
 .debug_macro   0x000000000001fe30      0x201 ./Drivers/STM32F4xx_HAL_Driver/stm32f4xx_hal_rcc.o
 .debug_macro   0x0000000000020031      0x1de ./Drivers/STM32F4xx_HAL_Driver/stm32f4xx_hal_tim.o
 .debug_macro   0x000000000002020f      0x1dd ./Drivers/STM32F4xx_HAL_Driver/stm32f4xx_hal_tim_ex.o
 .debug_macro   0x00000000000203ec      0x1dd ./Drivers/STM32F4xx_HAL_Driver/stm32f4xx_ll_usb.o
 .debug_macro   0x00000000000205c9      0x40b ./Middlewares/USB_Host_Library/usbh_cdc.o
 .debug_macro   0x00000000000209d4       0x16 ./Middlewares/USB_Host_Library/usbh_cdc.o
 .debug_macro   0x00000000000209ea       0x97 ./Middlewares/USB_Host_Library/usbh_cdc.o
 .debug_macro   0x0000000000020a81       0xfd ./Middlewares/USB_Host_Library/usbh_cdc.o
 .debug_macro   0x0000000000020b7e       0x16 ./Middlewares/USB_Host_Library/usbh_cdc.o
 .debug_macro   0x0000000000020b94       0x20 ./Middlewares/USB_Host_Library/usbh_cdc.o
 .debug_macro   0x0000000000020bb4       0xd9 ./Middlewares/USB_Host_Library/usbh_cdc.o
 .debug_macro   0x0000000000020c8d       0x56 ./Middlewares/USB_Host_Library/usbh_cdc.o
 .debug_macro   0x0000000000020ce3       0x73 ./Middlewares/USB_Host_Library/usbh_cdc.o
 .debug_macro   0x0000000000020d56      0x218 ./Middlewares/USB_Host_Library/usbh_cdc.o
 .debug_macro   0x0000000000020f6e       0x2e ./Middlewares/USB_Host_Library/usbh_cdc.o
 .debug_macro   0x0000000000020f9c       0x2e ./Middlewares/USB_Host_Library/usbh_cdc.o
 .debug_macro   0x0000000000020fca       0x28 ./Middlewares/USB_Host_Library/usbh_cdc.o
 .debug_macro   0x0000000000020ff2      0x15c ./Middlewares/USB_Host_Library/usbh_cdc.o
 .debug_macro   0x000000000002114e      0x408 ./Middlewares/USB_Host_Library/usbh_core.o
 .debug_macro   0x0000000000021556      0x400 ./Middlewares/USB_Host_Library/usbh_ctlreq.o
 .debug_macro   0x0000000000021956       0x28 ./Middlewares/USB_Host_Library/usbh_ctlreq.o
 .debug_macro   0x000000000002197e      0x3fa ./Middlewares/USB_Host_Library/usbh_ioreq.o
 .debug_macro   0x0000000000021d78      0x3fa ./Middlewares/USB_Host_Library/usbh_pipes.o
 .debug_macro   0x0000000000022172      0x409 ./USB_HOST/App/usb_host.o
 .debug_macro   0x000000000002257b       0x52 ./USB_HOST/App/usb_host.o
 .debug_macro   0x00000000000225cd      0x333 ./USB_HOST/App/usb_host.o
 .debug_macro   0x0000000000022900       0xb2 ./USB_HOST/App/usb_host.o
 .debug_macro   0x00000000000229b2      0x162 ./USB_HOST/App/usb_host.o
 .debug_macro   0x0000000000022b14      0x40a ./USB_HOST/Target/usbh_conf.o
 .debug_macro   0x0000000000022f1e      0x1f1 ./USB_HOST/Target/usbh_platform.o

.debug_line     0x0000000000000000    0x1492b
 .debug_line    0x0000000000000000      0x9d4 ./Core/Src/main.o
 .debug_line    0x00000000000009d4      0x868 ./Core/Src/stm32f4xx_hal_msp.o
 .debug_line    0x000000000000123c      0x89a ./Core/Src/stm32f4xx_it.o
 .debug_line    0x0000000000001ad6      0x4f8 ./Core/Src/sysmem.o
 .debug_line    0x0000000000001fce      0x841 ./Core/Src/system_stm32f4xx.o
 .debug_line    0x000000000000280f       0x88 ./Core/Startup/startup_stm32f407vgtx.o
 .debug_line    0x0000000000002897      0xae0 ./Drivers/STM32F4xx_HAL_Driver/stm32f4xx_hal.o
 .debug_line    0x0000000000003377      0xd8f ./Drivers/STM32F4xx_HAL_Driver/stm32f4xx_hal_cortex.o
 .debug_line    0x0000000000004106      0xc56 ./Drivers/STM32F4xx_HAL_Driver/stm32f4xx_hal_gpio.o
 .debug_line    0x0000000000004d5c     0x1305 ./Drivers/STM32F4xx_HAL_Driver/stm32f4xx_hal_hcd.o
 .debug_line    0x0000000000006061      0xe5c ./Drivers/STM32F4xx_HAL_Driver/stm32f4xx_hal_rcc.o
 .debug_line    0x0000000000006ebd     0x37d4 ./Drivers/STM32F4xx_HAL_Driver/stm32f4xx_hal_tim.o
 .debug_line    0x000000000000a691     0x1add ./Drivers/STM32F4xx_HAL_Driver/stm32f4xx_hal_tim_ex.o
 .debug_line    0x000000000000c16e     0x1a6f ./Drivers/STM32F4xx_HAL_Driver/stm32f4xx_ll_usb.o
 .debug_line    0x000000000000dbdd     0x107d ./Middlewares/USB_Host_Library/usbh_cdc.o
 .debug_line    0x000000000000ec5a     0x12a2 ./Middlewares/USB_Host_Library/usbh_core.o
 .debug_line    0x000000000000fefc     0x1056 ./Middlewares/USB_Host_Library/usbh_ctlreq.o
 .debug_line    0x0000000000010f52      0xc20 ./Middlewares/USB_Host_Library/usbh_ioreq.o
 .debug_line    0x0000000000011b72      0xbca ./Middlewares/USB_Host_Library/usbh_pipes.o
 .debug_line    0x000000000001273c      0xbb4 ./USB_HOST/App/usb_host.o
 .debug_line    0x00000000000132f0      0xe49 ./USB_HOST/Target/usbh_conf.o
 .debug_line    0x0000000000014139      0x7f2 ./USB_HOST/Target/usbh_platform.o

.debug_str      0x0000000000000000    0xcdaf9
 .debug_str     0x0000000000000000    0xc302b ./Core/Src/main.o
                                      0xc337e (size before relaxing)
 .debug_str     0x00000000000c302b       0x7b ./Core/Src/stm32f4xx_hal_msp.o
                                      0xc3060 (size before relaxing)
 .debug_str     0x00000000000c30a6      0x43d ./Core/Src/stm32f4xx_it.o
                                      0xc2e33 (size before relaxing)
 .debug_str     0x00000000000c34e3     0x220d ./Core/Src/sysmem.o
                                       0x62a2 (size before relaxing)
 .debug_str     0x00000000000c56f0       0xaf ./Core/Src/system_stm32f4xx.o
                                      0xc282c (size before relaxing)
 .debug_str     0x00000000000c579f       0x36 ./Core/Startup/startup_stm32f407vgtx.o
                                         0x73 (size before relaxing)
 .debug_str     0x00000000000c57d5      0xa97 ./Drivers/STM32F4xx_HAL_Driver/stm32f4xx_hal.o
                                      0xc3347 (size before relaxing)
 .debug_str     0x00000000000c626c      0x3cb ./Drivers/STM32F4xx_HAL_Driver/stm32f4xx_hal_cortex.o
                                      0xc3136 (size before relaxing)
 .debug_str     0x00000000000c6637      0x198 ./Drivers/STM32F4xx_HAL_Driver/stm32f4xx_hal_gpio.o
                                      0xc2a0c (size before relaxing)
 .debug_str     0x00000000000c67cf      0x439 ./Drivers/STM32F4xx_HAL_Driver/stm32f4xx_hal_hcd.o
                                      0xc2f16 (size before relaxing)
 .debug_str     0x00000000000c6c08      0x292 ./Drivers/STM32F4xx_HAL_Driver/stm32f4xx_hal_rcc.o
                                      0xc2c67 (size before relaxing)
 .debug_str     0x00000000000c6e9a      0xdaf ./Drivers/STM32F4xx_HAL_Driver/stm32f4xx_hal_tim.o
                                      0xc3b94 (size before relaxing)
 .debug_str     0x00000000000c7c49      0x493 ./Drivers/STM32F4xx_HAL_Driver/stm32f4xx_hal_tim_ex.o
                                      0xc3345 (size before relaxing)
 .debug_str     0x00000000000c80dc      0x681 ./Drivers/STM32F4xx_HAL_Driver/stm32f4xx_ll_usb.o
                                      0xc3186 (size before relaxing)
 .debug_str     0x00000000000c875d     0x4a1b ./Middlewares/USB_Host_Library/usbh_cdc.o
                                      0xc920b (size before relaxing)
 .debug_str     0x00000000000cd178      0x29f ./Middlewares/USB_Host_Library/usbh_core.o
                                      0xc8711 (size before relaxing)
 .debug_str     0x00000000000cd417      0x25b ./Middlewares/USB_Host_Library/usbh_ctlreq.o
                                      0xc8735 (size before relaxing)
 .debug_str     0x00000000000cd672      0x137 ./Middlewares/USB_Host_Library/usbh_ioreq.o
                                      0xc85b0 (size before relaxing)
 .debug_str     0x00000000000cd7a9       0xd0 ./Middlewares/USB_Host_Library/usbh_pipes.o
                                      0xc8535 (size before relaxing)
 .debug_str     0x00000000000cd879       0xc7 ./USB_HOST/App/usb_host.o
                                      0xc8be9 (size before relaxing)
 .debug_str     0x00000000000cd940      0x186 ./USB_HOST/Target/usbh_conf.o
                                      0xc9236 (size before relaxing)
 .debug_str     0x00000000000cdac6       0x33 ./USB_HOST/Target/usbh_platform.o
                                      0xc2755 (size before relaxing)

.comment        0x0000000000000000       0x53
 .comment       0x0000000000000000       0x53 ./Core/Src/main.o
                                         0x54 (size before relaxing)
 .comment       0x0000000000000053       0x54 ./Core/Src/stm32f4xx_hal_msp.o
 .comment       0x0000000000000053       0x54 ./Core/Src/stm32f4xx_it.o
 .comment       0x0000000000000053       0x54 ./Core/Src/sysmem.o
 .comment       0x0000000000000053       0x54 ./Core/Src/system_stm32f4xx.o
 .comment       0x0000000000000053       0x54 ./Drivers/STM32F4xx_HAL_Driver/stm32f4xx_hal.o
 .comment       0x0000000000000053       0x54 ./Drivers/STM32F4xx_HAL_Driver/stm32f4xx_hal_cortex.o
 .comment       0x0000000000000053       0x54 ./Drivers/STM32F4xx_HAL_Driver/stm32f4xx_hal_gpio.o
 .comment       0x0000000000000053       0x54 ./Drivers/STM32F4xx_HAL_Driver/stm32f4xx_hal_hcd.o
 .comment       0x0000000000000053       0x54 ./Drivers/STM32F4xx_HAL_Driver/stm32f4xx_hal_rcc.o
 .comment       0x0000000000000053       0x54 ./Drivers/STM32F4xx_HAL_Driver/stm32f4xx_hal_tim.o
 .comment       0x0000000000000053       0x54 ./Drivers/STM32F4xx_HAL_Driver/stm32f4xx_hal_tim_ex.o
 .comment       0x0000000000000053       0x54 ./Drivers/STM32F4xx_HAL_Driver/stm32f4xx_ll_usb.o
 .comment       0x0000000000000053       0x54 ./Middlewares/USB_Host_Library/usbh_cdc.o
 .comment       0x0000000000000053       0x54 ./Middlewares/USB_Host_Library/usbh_core.o
 .comment       0x0000000000000053       0x54 ./Middlewares/USB_Host_Library/usbh_ctlreq.o
 .comment       0x0000000000000053       0x54 ./Middlewares/USB_Host_Library/usbh_ioreq.o
 .comment       0x0000000000000053       0x54 ./Middlewares/USB_Host_Library/usbh_pipes.o
 .comment       0x0000000000000053       0x54 ./USB_HOST/App/usb_host.o
 .comment       0x0000000000000053       0x54 ./USB_HOST/Target/usbh_conf.o
 .comment       0x0000000000000053       0x54 ./USB_HOST/Target/usbh_platform.o

.debug_frame    0x0000000000000000     0x43f4
 .debug_frame   0x0000000000000000       0xd8 ./Core/Src/main.o
 .debug_frame   0x00000000000000d8       0xa8 ./Core/Src/stm32f4xx_hal_msp.o
 .debug_frame   0x0000000000000180      0x120 ./Core/Src/stm32f4xx_it.o
 .debug_frame   0x00000000000002a0       0x34 ./Core/Src/sysmem.o
 .debug_frame   0x00000000000002d4       0x58 ./Core/Src/system_stm32f4xx.o
 .debug_frame   0x000000000000032c      0x374 ./Drivers/STM32F4xx_HAL_Driver/stm32f4xx_hal.o
 .debug_frame   0x00000000000006a0      0x498 ./Drivers/STM32F4xx_HAL_Driver/stm32f4xx_hal_cortex.o
 .debug_frame   0x0000000000000b38      0x14c ./Drivers/STM32F4xx_HAL_Driver/stm32f4xx_hal_gpio.o
 .debug_frame   0x0000000000000c84      0x450 ./Drivers/STM32F4xx_HAL_Driver/stm32f4xx_hal_hcd.o
 .debug_frame   0x00000000000010d4      0x1f0 ./Drivers/STM32F4xx_HAL_Driver/stm32f4xx_hal_rcc.o
 .debug_frame   0x00000000000012c4     0x11c4 ./Drivers/STM32F4xx_HAL_Driver/stm32f4xx_hal_tim.o
 .debug_frame   0x0000000000002488      0x638 ./Drivers/STM32F4xx_HAL_Driver/stm32f4xx_hal_tim_ex.o
 .debug_frame   0x0000000000002ac0      0x798 ./Drivers/STM32F4xx_HAL_Driver/stm32f4xx_ll_usb.o
 .debug_frame   0x0000000000003258      0x2c0 ./Middlewares/USB_Host_Library/usbh_cdc.o
 .debug_frame   0x0000000000003518      0x338 ./Middlewares/USB_Host_Library/usbh_core.o
 .debug_frame   0x0000000000003850      0x28c ./Middlewares/USB_Host_Library/usbh_ctlreq.o
 .debug_frame   0x0000000000003adc      0x154 ./Middlewares/USB_Host_Library/usbh_ioreq.o
 .debug_frame   0x0000000000003c30       0xcc ./Middlewares/USB_Host_Library/usbh_pipes.o
 .debug_frame   0x0000000000003cfc       0x70 ./USB_HOST/App/usb_host.o
 .debug_frame   0x0000000000003d6c      0x388 ./USB_HOST/Target/usbh_conf.o
 .debug_frame   0x00000000000040f4       0x34 ./USB_HOST/Target/usbh_platform.o
 .debug_frame   0x0000000000004128       0x20 c:/st/stm32cubeide_1.7.0/stm32cubeide/plugins/com.st.stm32cube.ide.mcu.externaltools.gnu-tools-for-stm32.9-2020-q2-update.win32_2.0.0.202105311346/tools/bin/../lib/gcc/arm-none-eabi/9.3.1/../../../../arm-none-eabi/lib/thumb/v7e-m+fp/hard\libc_nano.a(lib_a-errno.o)
 .debug_frame   0x0000000000004148       0x2c c:/st/stm32cubeide_1.7.0/stm32cubeide/plugins/com.st.stm32cube.ide.mcu.externaltools.gnu-tools-for-stm32.9-2020-q2-update.win32_2.0.0.202105311346/tools/bin/../lib/gcc/arm-none-eabi/9.3.1/../../../../arm-none-eabi/lib/thumb/v7e-m+fp/hard\libc_nano.a(lib_a-init.o)
 .debug_frame   0x0000000000004174       0x30 c:/st/stm32cubeide_1.7.0/stm32cubeide/plugins/com.st.stm32cube.ide.mcu.externaltools.gnu-tools-for-stm32.9-2020-q2-update.win32_2.0.0.202105311346/tools/bin/../lib/gcc/arm-none-eabi/9.3.1/../../../../arm-none-eabi/lib/thumb/v7e-m+fp/hard\libc_nano.a(lib_a-malloc.o)