Archive member included to satisfy reference by file (symbol)

c:/st/stm32cubeide_1.7.0/stm32cubeide/plugins/com.st.stm32cube.ide.mcu.externaltools.gnu-tools-for-stm32.9-2020-q2-update.win32_2.0.0.202105311346/tools/bin/../lib/gcc/arm-none-eabi/9.3.1/../../../../arm-none-eabi/lib/thumb/v7e-m+fp/hard\libc_nano.a(lib_a-errno.o)
                              ./Core/Src/syscalls.o (__errno)
c:/st/stm32cubeide_1.7.0/stm32cubeide/plugins/com.st.stm32cube.ide.mcu.externaltools.gnu-tools-for-stm32.9-2020-q2-update.win32_2.0.0.202105311346/tools/bin/../lib/gcc/arm-none-eabi/9.3.1/../../../../arm-none-eabi/lib/thumb/v7e-m+fp/hard\libc_nano.a(lib_a-exit.o)
                              c:/st/stm32cubeide_1.7.0/stm32cubeide/plugins/com.st.stm32cube.ide.mcu.externaltools.gnu-tools-for-stm32.9-2020-q2-update.win32_2.0.0.202105311346/tools/bin/../lib/gcc/arm-none-eabi/9.3.1/../../../../arm-none-eabi/lib/thumb/v7e-m+fp/hard/crt0.o (exit)
c:/st/stm32cubeide_1.7.0/stm32cubeide/plugins/com.st.stm32cube.ide.mcu.externaltools.gnu-tools-for-stm32.9-2020-q2-update.win32_2.0.0.202105311346/tools/bin/../lib/gcc/arm-none-eabi/9.3.1/../../../../arm-none-eabi/lib/thumb/v7e-m+fp/hard\libc_nano.a(lib_a-impure.o)
                              c:/st/stm32cubeide_1.7.0/stm32cubeide/plugins/com.st.stm32cube.ide.mcu.externaltools.gnu-tools-for-stm32.9-2020-q2-update.win32_2.0.0.202105311346/tools/bin/../lib/gcc/arm-none-eabi/9.3.1/../../../../arm-none-eabi/lib/thumb/v7e-m+fp/hard\libc_nano.a(lib_a-exit.o) (_global_impure_ptr)
c:/st/stm32cubeide_1.7.0/stm32cubeide/plugins/com.st.stm32cube.ide.mcu.externaltools.gnu-tools-for-stm32.9-2020-q2-update.win32_2.0.0.202105311346/tools/bin/../lib/gcc/arm-none-eabi/9.3.1/../../../../arm-none-eabi/lib/thumb/v7e-m+fp/hard\libc_nano.a(lib_a-init.o)
                              c:/st/stm32cubeide_1.7.0/stm32cubeide/plugins/com.st.stm32cube.ide.mcu.externaltools.gnu-tools-for-stm32.9-2020-q2-update.win32_2.0.0.202105311346/tools/bin/../lib/gcc/arm-none-eabi/9.3.1/../../../../arm-none-eabi/lib/thumb/v7e-m+fp/hard/crt0.o (__libc_init_array)
c:/st/stm32cubeide_1.7.0/stm32cubeide/plugins/com.st.stm32cube.ide.mcu.externaltools.gnu-tools-for-stm32.9-2020-q2-update.win32_2.0.0.202105311346/tools/bin/../lib/gcc/arm-none-eabi/9.3.1/../../../../arm-none-eabi/lib/thumb/v7e-m+fp/hard\libc_nano.a(lib_a-malloc.o)
                              ./Middlewares/USB_Host_Library/usbh_cdc.o (malloc)
c:/st/stm32cubeide_1.7.0/stm32cubeide/plugins/com.st.stm32cube.ide.mcu.externaltools.gnu-tools-for-stm32.9-2020-q2-update.win32_2.0.0.202105311346/tools/bin/../lib/gcc/arm-none-eabi/9.3.1/../../../../arm-none-eabi/lib/thumb/v7e-m+fp/hard\libc_nano.a(lib_a-memset.o)
                              c:/st/stm32cubeide_1.7.0/stm32cubeide/plugins/com.st.stm32cube.ide.mcu.externaltools.gnu-tools-for-stm32.9-2020-q2-update.win32_2.0.0.202105311346/tools/bin/../lib/gcc/arm-none-eabi/9.3.1/../../../../arm-none-eabi/lib/thumb/v7e-m+fp/hard/crt0.o (memset)
c:/st/stm32cubeide_1.7.0/stm32cubeide/plugins/com.st.stm32cube.ide.mcu.externaltools.gnu-tools-for-stm32.9-2020-q2-update.win32_2.0.0.202105311346/tools/bin/../lib/gcc/arm-none-eabi/9.3.1/../../../../arm-none-eabi/lib/thumb/v7e-m+fp/hard\libc_nano.a(lib_a-nano-freer.o)
                              c:/st/stm32cubeide_1.7.0/stm32cubeide/plugins/com.st.stm32cube.ide.mcu.externaltools.gnu-tools-for-stm32.9-2020-q2-update.win32_2.0.0.202105311346/tools/bin/../lib/gcc/arm-none-eabi/9.3.1/../../../../arm-none-eabi/lib/thumb/v7e-m+fp/hard\libc_nano.a(lib_a-malloc.o) (_free_r)
c:/st/stm32cubeide_1.7.0/stm32cubeide/plugins/com.st.stm32cube.ide.mcu.externaltools.gnu-tools-for-stm32.9-2020-q2-update.win32_2.0.0.202105311346/tools/bin/../lib/gcc/arm-none-eabi/9.3.1/../../../../arm-none-eabi/lib/thumb/v7e-m+fp/hard\libc_nano.a(lib_a-nano-mallocr.o)
                              c:/st/stm32cubeide_1.7.0/stm32cubeide/plugins/com.st.stm32cube.ide.mcu.externaltools.gnu-tools-for-stm32.9-2020-q2-update.win32_2.0.0.202105311346/tools/bin/../lib/gcc/arm-none-eabi/9.3.1/../../../../arm-none-eabi/lib/thumb/v7e-m+fp/hard\libc_nano.a(lib_a-malloc.o) (_malloc_r)
c:/st/stm32cubeide_1.7.0/stm32cubeide/plugins/com.st.stm32cube.ide.mcu.externaltools.gnu-tools-for-stm32.9-2020-q2-update.win32_2.0.0.202105311346/tools/bin/../lib/gcc/arm-none-eabi/9.3.1/../../../../arm-none-eabi/lib/thumb/v7e-m+fp/hard\libc_nano.a(lib_a-sbrkr.o)
                              c:/st/stm32cubeide_1.7.0/stm32cubeide/plugins/com.st.stm32cube.ide.mcu.externaltools.gnu-tools-for-stm32.9-2020-q2-update.win32_2.0.0.202105311346/tools/bin/../lib/gcc/arm-none-eabi/9.3.1/../../../../arm-none-eabi/lib/thumb/v7e-m+fp/hard\libc_nano.a(lib_a-nano-mallocr.o) (_sbrk_r)
c:/st/stm32cubeide_1.7.0/stm32cubeide/plugins/com.st.stm32cube.ide.mcu.externaltools.gnu-tools-for-stm32.9-2020-q2-update.win32_2.0.0.202105311346/tools/bin/../lib/gcc/arm-none-eabi/9.3.1/../../../../arm-none-eabi/lib/thumb/v7e-m+fp/hard\libc_nano.a(lib_a-mlock.o)
[...]
Memory Configuration

Name             Origin             Length             Attributes
CCMRAM           0x0000000010000000 0x0000000000010000 xrw
RAM              0x0000000020000000 0x0000000000020000 xrw
FLASH            0x0000000008000000 0x0000000000100000 xr
*default*        0x0000000000000000 0xffffffffffffffff

Linker script and memory map

LOAD c:/st/stm32cubeide_1.7.0/stm32cubeide/plugins/com.st.stm32cube.ide.mcu.externaltools.gnu-tools-for-stm32.9-2020-q2-update.win32_2.0.0.202105311346/tools/bin/../lib/gcc/arm-none-eabi/9.3.1/thumb/v7e-m+fp/hard/crti.o
LOAD c:/st/stm32cubeide_1.7.0/stm32cubeide/plugins/com.st.stm32cube.ide.mcu.externaltools.gnu-tools-for-stm32.9-2020-q2-update.win32_2.0.0.202105311346/tools/bin/../lib/gcc/arm-none-eabi/9.3.1/thumb/v7e-m+fp/hard/crtbegin.o
LOAD c:/st/stm32cubeide_1.7.0/stm32cubeide/plugins/com.st.stm32cube.ide.mcu.externaltools.gnu-tools-for-stm32.9-2020-q2-update.win32_2.0.0.202105311346/tools/bin/../lib/gcc/arm-none-eabi/9.3.1/../../../../arm-none-eabi/lib/thumb/v7e-m+fp/hard/crt0.o
LOAD ./Core/Src/main.o
LOAD ./Core/Src/stm32f4xx_hal_msp.o
LOAD ./Core/Src/stm32f4xx_it.o
LOAD ./Core/Src/syscalls.o
LOAD ./Core/Src/sysmem.o
LOAD ./Core/Src/system_stm32f4xx.o
LOAD ./Core/Startup/startup_stm32f407vgtx.o
LOAD ./Drivers/STM32F4xx_HAL_Driver/stm32f4xx_hal.o
LOAD ./Drivers/STM32F4xx_HAL_Driver/stm32f4xx_hal_cortex.o
LOAD ./Drivers/STM32F4xx_HAL_Driver/stm32f4xx_hal_dma.o
LOAD ./Drivers/STM32F4xx_HAL_Driver/stm32f4xx_hal_dma_ex.o
LOAD ./Drivers/STM32F4xx_HAL_Driver/stm32f4xx_hal_exti.o
LOAD ./Drivers/STM32F4xx_HAL_Driver/stm32f4xx_hal_flash.o
LOAD ./Drivers/STM32F4xx_HAL_Driver/stm32f4xx_hal_flash_ex.o
LOAD ./Drivers/STM32F4xx_HAL_Driver/stm32f4xx_hal_flash_ramfunc.o
LOAD ./Drivers/STM32F4xx_HAL_Driver/stm32f4xx_hal_gpio.o
LOAD ./Drivers/STM32F4xx_HAL_Driver/stm32f4xx_hal_hcd.o
LOAD ./Drivers/STM32F4xx_HAL_Driver/stm32f4xx_hal_pwr.o
LOAD ./Drivers/STM32F4xx_HAL_Driver/stm32f4xx_hal_pwr_ex.o
LOAD ./Drivers/STM32F4xx_HAL_Driver/stm32f4xx_hal_rcc.o
LOAD ./Drivers/STM32F4xx_HAL_Driver/stm32f4xx_hal_rcc_ex.o
LOAD ./Drivers/STM32F4xx_HAL_Driver/stm32f4xx_hal_tim.o
LOAD ./Drivers/STM32F4xx_HAL_Driver/stm32f4xx_hal_tim_ex.o
LOAD ./Drivers/STM32F4xx_HAL_Driver/stm32f4xx_ll_usb.o
LOAD ./Middlewares/USB_Host_Library/usbh_cdc.o
LOAD ./Middlewares/USB_Host_Library/usbh_core.o
LOAD ./Middlewares/USB_Host_Library/usbh_ctlreq.o
LOAD ./Middlewares/USB_Host_Library/usbh_ioreq.o
LOAD ./Middlewares/USB_Host_Library/usbh_pipes.o
LOAD ./USB_HOST/App/usb_host.o
LOAD ./USB_HOST/Target/usbh_conf.o
LOAD ./USB_HOST/Target/usbh_platform.o
START GROUP
LOAD c:/st/stm32cubeide_1.7.0/stm32cubeide/plugins/com.st.stm32cube.ide.mcu.externaltools.gnu-tools-for-stm32.9-2020-q2-update.win32_2.0.0.202105311346/tools/bin/../lib/gcc/arm-none-eabi/9.3.1/../../../../arm-none-eabi/lib/thumb/v7e-m+fp/hard\libc_nano.a
LOAD c:/st/stm32cubeide_1.7.0/stm32cubeide/plugins/com.st.stm32cube.ide.mcu.externaltools.gnu-tools-for-stm32.9-2020-q2-update.win32_2.0.0.202105311346/tools/bin/../lib/gcc/arm-none-eabi/9.3.1/../../../../arm-none-eabi/lib/thumb/v7e-m+fp/hard\libm.a
END GROUP
START GROUP
LOAD c:/st/stm32cubeide_1.7.0/stm32cubeide/plugins/com.st.stm32cube.ide.mcu.externaltools.gnu-tools-for-stm32.9-2020-q2-update.win32_2.0.0.202105311346/tools/bin/../lib/gcc/arm-none-eabi/9.3.1/thumb/v7e-m+fp/hard\libgcc.a
LOAD c:/st/stm32cubeide_1.7.0/stm32cubeide/plugins/com.st.stm32cube.ide.mcu.externaltools.gnu-tools-for-stm32.9-2020-q2-update.win32_2.0.0.202105311346/tools/bin/../lib/gcc/arm-none-eabi/9.3.1/../../../../arm-none-eabi/lib/thumb/v7e-m+fp/hard\libc_nano.a
END GROUP
START GROUP
LOAD c:/st/stm32cubeide_1.7.0/stm32cubeide/plugins/com.st.stm32cube.ide.mcu.externaltools.gnu-tools-for-stm32.9-2020-q2-update.win32_2.0.0.202105311346/tools/bin/../lib/gcc/arm-none-eabi/9.3.1/thumb/v7e-m+fp/hard\libgcc.a
LOAD c:/st/stm32cubeide_1.7.0/stm32cubeide/plugins/com.st.stm32cube.ide.mcu.externaltools.gnu-tools-for-stm32.9-2020-q2-update.win32_2.0.0.202105311346/tools/bin/../lib/gcc/arm-none-eabi/9.3.1/../../../../arm-none-eabi/lib/thumb/v7e-m+fp/hard\libc_nano.a
LOAD c:/st/stm32cubeide_1.7.0/stm32cubeide/plugins/com.st.stm32cube.ide.mcu.externaltools.gnu-tools-for-stm32.9-2020-q2-update.win32_2.0.0.202105311346/tools/bin/../lib/gcc/arm-none-eabi/9.3.1/../../../../arm-none-eabi/lib/thumb/v7e-m+fp/hard\libnosys.a
END GROUP
START GROUP
LOAD c:/st/stm32cubeide_1.7.0/stm32cubeide/plugins/com.st.stm32cube.ide.mcu.externaltools.gnu-tools-for-stm32.9-2020-q2-update.win32_2.0.0.202105311346/tools/bin/../lib/gcc/arm-none-eabi/9.3.1/thumb/v7e-m+fp/hard\libgcc.a
LOAD c:/st/stm32cubeide_1.7.0/stm32cubeide/plugins/com.st.stm32cube.ide.mcu.externaltools.gnu-tools-for-stm32.9-2020-q2-update.win32_2.0.0.202105311346/tools/bin/../lib/gcc/arm-none-eabi/9.3.1/../../../../arm-none-eabi/lib/thumb/v7e-m+fp/hard\libc_nano.a
LOAD c:/st/stm32cubeide_1.7.0/stm32cubeide/plugins/com.st.stm32cube.ide.mcu.externaltools.gnu-tools-for-stm32.9-2020-q2-update.win32_2.0.0.202105311346/tools/bin/../lib/gcc/arm-none-eabi/9.3.1/../../../../arm-none-eabi/lib/thumb/v7e-m+fp/hard\libnosys.a
END GROUP
LOAD c:/st/stm32cubeide_1.7.0/stm32cubeide/plugins/com.st.stm32cube.ide.mcu.externaltools.gnu-tools-for-stm32.9-2020-q2-update.win32_2.0.0.202105311346/tools/bin/../lib/gcc/arm-none-eabi/9.3.1/thumb/v7e-m+fp/hard/crtend.o
LOAD c:/st/stm32cubeide_1.7.0/stm32cubeide/plugins/com.st.stm32cube.ide.mcu.externaltools.gnu-tools-for-stm32.9-2020-q2-update.win32_2.0.0.202105311346/tools/bin/../lib/gcc/arm-none-eabi/9.3.1/thumb/v7e-m+fp/hard/crtn.o
                0x0000000020020000                _estack = (ORIGIN (RAM) + LENGTH (RAM))
                0x0000000000000200                _Min_Heap_Size = 0x200
                0x0000000000000400                _Min_Stack_Size = 0x400

.isr_vector     0x0000000008000000      0x188
                0x0000000008000000                . = ALIGN (0x4)
 *(.isr_vector)
 .isr_vector    0x0000000008000000      0x188 ./Core/Startup/startup_stm32f407vgtx.o
                0x0000000008000000                g_pfnVectors
                0x0000000008000188                . = ALIGN (0x4)

.text           0x0000000008000188     0x7854
                0x0000000008000188                . = ALIGN (0x4)
 *(.text)
 .text          0x0000000008000188       0x40 c:/st/stm32cubeide_1.7.0/stm32cubeide/plugins/com.st.stm32cube.ide.mcu.externaltools.gnu-tools-for-stm32.9-2020-q2-update.win32_2.0.0.202105311346/tools/bin/../lib/gcc/arm-none-eabi/9.3.1/thumb/v7e-m+fp/hard/crtbegin.o
 .text          0x00000000080001c8       0x30 c:/st/stm32cubeide_1.7.0/stm32cubeide/plugins/com.st.stm32cube.ide.mcu.externaltools.gnu-tools-for-stm32.9-2020-q2-update.win32_2.0.0.202105311346/tools/bin/../lib/gcc/arm-none-eabi/9.3.1/thumb/v7e-m+fp/hard\libgcc.a(_aeabi_uldivmod.o)
                0x00000000080001c8                __aeabi_uldivmod
 .text          0x00000000080001f8      0x2c4 c:/st/stm32cubeide_1.7.0/stm32cubeide/plugins/com.st.stm32cube.ide.mcu.externaltools.gnu-tools-for-stm32.9-2020-q2-update.win32_2.0.0.202105311346/tools/bin/../lib/gcc/arm-none-eabi/9.3.1/thumb/v7e-m+fp/hard\libgcc.a(_udivmoddi4.o)
                0x00000000080001f8                __udivmoddi4
 .text          0x00000000080004bc        0x4 c:/st/stm32cubeide_1.7.0/stm32cubeide/plugins/com.st.stm32cube.ide.mcu.externaltools.gnu-tools-for-stm32.9-2020-q2-update.win32_2.0.0.202105311346/tools/bin/../lib/gcc/arm-none-eabi/9.3.1/thumb/v7e-m+fp/hard\libgcc.a(_dvmd_tls.o)
                0x00000000080004bc                __aeabi_idiv0
                0x00000000080004bc                __aeabi_ldiv0
 *(.text*)
 .text.main     0x00000000080004c0       0xc4 ./Core/Src/main.o
                0x00000000080004c0                main
 .text.SystemClock_Config
                0x0000000008000584       0xd4 ./Core/Src/main.o
                0x0000000008000584                SystemClock_Config
 .text.MX_TIM1_Init
                0x0000000008000658      0x140 ./Core/Src/main.o
 .text.MX_TIM2_Init
                0x0000000008000798       0xec ./Core/Src/main.o
 .text.MX_GPIO_Init
                0x0000000008000884      0x140 ./Core/Src/main.o
 .text.Error_Handler
                0x00000000080009c4        0xa ./Core/Src/main.o
                0x00000000080009c4                Error_Handler
 *fill*         0x00000000080009ce        0x2 
 .text.HAL_MspInit
                0x00000000080009d0       0x50 ./Core/Src/stm32f4xx_hal_msp.o
                0x00000000080009d0                HAL_MspInit
 .text.HAL_TIM_Base_MspInit
                0x0000000008000a20       0x6c ./Core/Src/stm32f4xx_hal_msp.o
                0x0000000008000a20                HAL_TIM_Base_MspInit
 .text.HAL_TIM_MspPostInit
                0x0000000008000a8c       0xc0 ./Core/Src/stm32f4xx_hal_msp.o
                0x0000000008000a8c                HAL_TIM_MspPostInit
 .text.NMI_Handler
                0x0000000008000b4c        0x6 ./Core/Src/stm32f4xx_it.o
                0x0000000008000b4c                NMI_Handler
 .text.HardFault_Handler
                0x0000000008000b52        0x6 ./Core/Src/stm32f4xx_it.o
                0x0000000008000b52                HardFault_Handler
 .text.MemManage_Handler
                0x0000000008000b58        0x6 ./Core/Src/stm32f4xx_it.o
                0x0000000008000b58                MemManage_Handler
 .text.BusFault_Handler
                0x0000000008000b5e        0x6 ./Core/Src/stm32f4xx_it.o
                0x0000000008000b5e                BusFault_Handler
 .text.UsageFault_Handler
                0x0000000008000b64        0x6 ./Core/Src/stm32f4xx_it.o
                0x0000000008000b64                UsageFault_Handler
 .text.SVC_Handler
                0x0000000008000b6a        0xe ./Core/Src/stm32f4xx_it.o
                0x0000000008000b6a                SVC_Handler
 .text.DebugMon_Handler
                0x0000000008000b78        0xe ./Core/Src/stm32f4xx_it.o
                0x0000000008000b78                DebugMon_Handler
 .text.PendSV_Handler
                0x0000000008000b86        0xe ./Core/Src/stm32f4xx_it.o
                0x0000000008000b86                PendSV_Handler
 .text.SysTick_Handler
                0x0000000008000b94        0xc ./Core/Src/stm32f4xx_it.o
                0x0000000008000b94                SysTick_Handler
 .text.OTG_FS_IRQHandler
                0x0000000008000ba0       0x14 ./Core/Src/stm32f4xx_it.o
                0x0000000008000ba0                OTG_FS_IRQHandler
 .text._sbrk    0x0000000008000bb4       0x6c ./Core/Src/sysmem.o
                0x0000000008000bb4                _sbrk
 .text.SystemInit
                0x0000000008000c20       0x24 ./Core/Src/system_stm32f4xx.o
                0x0000000008000c20                SystemInit
 .text.Reset_Handler
                0x0000000008000c44       0x50 ./Core/Startup/startup_stm32f407vgtx.o
                0x0000000008000c44                Reset_Handler
 .text.Default_Handler
                0x0000000008000c94        0x2 ./Core/Startup/startup_stm32f407vgtx.o
                0x0000000008000c94                RTC_Alarm_IRQHandler
                0x0000000008000c94                HASH_RNG_IRQHandler
                0x0000000008000c94                EXTI2_IRQHandler
                0x0000000008000c94                TIM8_CC_IRQHandler
                0x0000000008000c94                TIM1_CC_IRQHandler
                0x0000000008000c94                DMA2_Stream5_IRQHandler
                0x0000000008000c94                DMA1_Stream5_IRQHandler
                0x0000000008000c94                PVD_IRQHandler
                0x0000000008000c94                SDIO_IRQHandler
                0x0000000008000c94                TAMP_STAMP_IRQHandler
                0x0000000008000c94                CAN2_RX1_IRQHandler
                0x0000000008000c94                EXTI3_IRQHandler
                0x0000000008000c94                TIM8_TRG_COM_TIM14_IRQHandler
                0x0000000008000c94                TIM1_UP_TIM10_IRQHandler
                0x0000000008000c94                TIM8_UP_TIM13_IRQHandler
                0x0000000008000c94                I2C3_ER_IRQHandler
                0x0000000008000c94                EXTI0_IRQHandler
                0x0000000008000c94                I2C2_EV_IRQHandler
                0x0000000008000c94                DMA1_Stream2_IRQHandler
                0x0000000008000c94                CAN1_RX0_IRQHandler
                0x0000000008000c94                FPU_IRQHandler
                0x0000000008000c94                OTG_HS_WKUP_IRQHandler
                0x0000000008000c94                CAN2_SCE_IRQHandler
                0x0000000008000c94                DMA2_Stream2_IRQHandler
                0x0000000008000c94                SPI1_IRQHandler
                0x0000000008000c94                TIM6_DAC_IRQHandler
                0x0000000008000c94                TIM1_BRK_TIM9_IRQHandler
                0x0000000008000c94                DCMI_IRQHandler
                0x0000000008000c94                CAN2_RX0_IRQHandler
                0x0000000008000c94                DMA2_Stream3_IRQHandler
                0x0000000008000c94                USART6_IRQHandler
                0x0000000008000c94                USART3_IRQHandler
                0x0000000008000c94                CAN1_RX1_IRQHandler
                0x0000000008000c94                UART5_IRQHandler
                0x0000000008000c94                DMA2_Stream0_IRQHandler
                0x0000000008000c94                TIM4_IRQHandler
                0x0000000008000c94                I2C1_EV_IRQHandler
                0x0000000008000c94                DMA1_Stream6_IRQHandler
                0x0000000008000c94                DMA1_Stream1_IRQHandler
                0x0000000008000c94                UART4_IRQHandler
                0x0000000008000c94                TIM3_IRQHandler
                0x0000000008000c94                RCC_IRQHandler
                0x0000000008000c94                TIM8_BRK_TIM12_IRQHandler
                0x0000000008000c94                Default_Handler
                0x0000000008000c94                EXTI15_10_IRQHandler
                0x0000000008000c94                ADC_IRQHandler
                0x0000000008000c94                DMA1_Stream7_IRQHandler
                0x0000000008000c94                TIM7_IRQHandler
                0x0000000008000c94                CAN2_TX_IRQHandler
                0x0000000008000c94                TIM5_IRQHandler
                0x0000000008000c94                DMA2_Stream7_IRQHandler
                0x0000000008000c94                I2C3_EV_IRQHandler
                0x0000000008000c94                EXTI9_5_IRQHandler
                0x0000000008000c94                RTC_WKUP_IRQHandler
                0x0000000008000c94                ETH_WKUP_IRQHandler
                0x0000000008000c94                SPI2_IRQHandler
                0x0000000008000c94                OTG_HS_EP1_IN_IRQHandler
                0x0000000008000c94                DMA1_Stream0_IRQHandler
                0x0000000008000c94                CAN1_TX_IRQHandler
                0x0000000008000c94                EXTI4_IRQHandler
                0x0000000008000c94                FSMC_IRQHandler
                0x0000000008000c94                ETH_IRQHandler
                0x0000000008000c94                OTG_HS_EP1_OUT_IRQHandler
                0x0000000008000c94                WWDG_IRQHandler
                0x0000000008000c94                TIM2_IRQHandler
                0x0000000008000c94                OTG_FS_WKUP_IRQHandler
                0x0000000008000c94                TIM1_TRG_COM_TIM11_IRQHandler
                0x0000000008000c94                OTG_HS_IRQHandler
                0x0000000008000c94                EXTI1_IRQHandler
                0x0000000008000c94                USART2_IRQHandler
                0x0000000008000c94                I2C2_ER_IRQHandler
                0x0000000008000c94                DMA2_Stream1_IRQHandler
                0x0000000008000c94                CAN1_SCE_IRQHandler
                0x0000000008000c94                FLASH_IRQHandler
                0x0000000008000c94                DMA2_Stream4_IRQHandler
                0x0000000008000c94                USART1_IRQHandler
                0x0000000008000c94                SPI3_IRQHandler
                0x0000000008000c94                DMA1_Stream4_IRQHandler
                0x0000000008000c94                I2C1_ER_IRQHandler
                0x0000000008000c94                DMA2_Stream6_IRQHandler
                0x0000000008000c94                DMA1_Stream3_IRQHandler
 *fill*         0x0000000008000c96        0x2 
 .text.HAL_Init
                0x0000000008000c98       0x44 ./Drivers/STM32F4xx_HAL_Driver/stm32f4xx_hal.o
                0x0000000008000c98                HAL_Init
 .text.HAL_InitTick
                0x0000000008000cdc       0x60 ./Drivers/STM32F4xx_HAL_Driver/stm32f4xx_hal.o
                0x0000000008000cdc                HAL_InitTick
 .text.HAL_IncTick
                0x0000000008000d3c       0x28 ./Drivers/STM32F4xx_HAL_Driver/stm32f4xx_hal.o
                0x0000000008000d3c                HAL_IncTick
 .text.HAL_GetTick
                0x0000000008000d64       0x18 ./Drivers/STM32F4xx_HAL_Driver/stm32f4xx_hal.o
                0x0000000008000d64                HAL_GetTick
 .text.HAL_Delay
                0x0000000008000d7c       0x48 ./Drivers/STM32F4xx_HAL_Driver/stm32f4xx_hal.o
                0x0000000008000d7c                HAL_Delay
 .text.__NVIC_SetPriorityGrouping
                0x0000000008000dc4       0x48 ./Drivers/STM32F4xx_HAL_Driver/stm32f4xx_hal_cortex.o
 .text.__NVIC_GetPriorityGrouping
                0x0000000008000e0c       0x1c ./Drivers/STM32F4xx_HAL_Driver/stm32f4xx_hal_cortex.o
 .text.__NVIC_EnableIRQ
                0x0000000008000e28       0x3c ./Drivers/STM32F4xx_HAL_Driver/stm32f4xx_hal_cortex.o
 .text.__NVIC_SetPriority
                0x0000000008000e64       0x54 ./Drivers/STM32F4xx_HAL_Driver/stm32f4xx_hal_cortex.o
 .text.NVIC_EncodePriority
                0x0000000008000eb8       0x66 ./Drivers/STM32F4xx_HAL_Driver/stm32f4xx_hal_cortex.o
 *fill*         0x0000000008000f1e        0x2 
 .text.SysTick_Config
                0x0000000008000f20       0x44 ./Drivers/STM32F4xx_HAL_Driver/stm32f4xx_hal_cortex.o
 .text.HAL_NVIC_SetPriorityGrouping
                0x0000000008000f64       0x16 ./Drivers/STM32F4xx_HAL_Driver/stm32f4xx_hal_cortex.o
                0x0000000008000f64                HAL_NVIC_SetPriorityGrouping
 .text.HAL_NVIC_SetPriority
                0x0000000008000f7a       0x38 ./Drivers/STM32F4xx_HAL_Driver/stm32f4xx_hal_cortex.o
                0x0000000008000f7a                HAL_NVIC_SetPriority
 .text.HAL_NVIC_EnableIRQ
                0x0000000008000fb2       0x1c ./Drivers/STM32F4xx_HAL_Driver/stm32f4xx_hal_cortex.o
                0x0000000008000fb2                HAL_NVIC_EnableIRQ
 .text.HAL_SYSTICK_Config
                0x0000000008000fce       0x18 ./Drivers/STM32F4xx_HAL_Driver/stm32f4xx_hal_cortex.o
                0x0000000008000fce                HAL_SYSTICK_Config
 *fill*         0x0000000008000fe6        0x2 
 .text.HAL_GPIO_Init
                0x0000000008000fe8      0x338 ./Drivers/STM32F4xx_HAL_Driver/stm32f4xx_hal_gpio.o
                0x0000000008000fe8                HAL_GPIO_Init
 .text.HAL_GPIO_WritePin
                0x0000000008001320       0x32 ./Drivers/STM32F4xx_HAL_Driver/stm32f4xx_hal_gpio.o
                0x0000000008001320                HAL_GPIO_WritePin
 .text.HAL_HCD_Init
                0x0000000008001352       0xc4 ./Drivers/STM32F4xx_HAL_Driver/stm32f4xx_hal_hcd.o
                0x0000000008001352                HAL_HCD_Init
 .text.HAL_HCD_HC_Init
                0x0000000008001416      0x11e ./Drivers/STM32F4xx_HAL_Driver/stm32f4xx_hal_hcd.o
                0x0000000008001416                HAL_HCD_HC_Init
 .text.HAL_HCD_HC_Halt
                0x0000000008001534       0x46 ./Drivers/STM32F4xx_HAL_Driver/stm32f4xx_hal_hcd.o
                0x0000000008001534                HAL_HCD_HC_Halt
 *fill*         0x000000000800157a        0x2 
 .text.HAL_HCD_HC_SubmitRequest
                0x000000000800157c      0x2ac ./Drivers/STM32F4xx_HAL_Driver/stm32f4xx_hal_hcd.o
                0x000000000800157c                HAL_HCD_HC_SubmitRequest
 .text.HAL_HCD_IRQHandler
                0x0000000008001828      0x216 ./Drivers/STM32F4xx_HAL_Driver/stm32f4xx_hal_hcd.o
                0x0000000008001828                HAL_HCD_IRQHandler
 .text.HAL_HCD_Start
                0x0000000008001a3e       0x46 ./Drivers/STM32F4xx_HAL_Driver/stm32f4xx_hal_hcd.o
                0x0000000008001a3e                HAL_HCD_Start
 .text.HAL_HCD_Stop
                0x0000000008001a84       0x3a ./Drivers/STM32F4xx_HAL_Driver/stm32f4xx_hal_hcd.o
                0x0000000008001a84                HAL_HCD_Stop
 .text.HAL_HCD_ResetPort
                0x0000000008001abe       0x1c ./Drivers/STM32F4xx_HAL_Driver/stm32f4xx_hal_hcd.o
                0x0000000008001abe                HAL_HCD_ResetPort
 .text.HAL_HCD_HC_GetURBState
                0x0000000008001ada       0x28 ./Drivers/STM32F4xx_HAL_Driver/stm32f4xx_hal_hcd.o
                0x0000000008001ada                HAL_HCD_HC_GetURBState
 .text.HAL_HCD_HC_GetXferCount
                0x0000000008001b02       0x28 ./Drivers/STM32F4xx_HAL_Driver/stm32f4xx_hal_hcd.o
                0x0000000008001b02                HAL_HCD_HC_GetXferCount
 .text.HAL_HCD_GetCurrentFrame
                0x0000000008001b2a       0x1c ./Drivers/STM32F4xx_HAL_Driver/stm32f4xx_hal_hcd.o
                0x0000000008001b2a                HAL_HCD_GetCurrentFrame
 .text.HAL_HCD_GetCurrentSpeed
                0x0000000008001b46       0x1c ./Drivers/STM32F4xx_HAL_Driver/stm32f4xx_hal_hcd.o
                0x0000000008001b46                HAL_HCD_GetCurrentSpeed
 .text.HCD_HC_IN_IRQHandler
                0x0000000008001b62      0x844 ./Drivers/STM32F4xx_HAL_Driver/stm32f4xx_hal_hcd.o
 .text.HCD_HC_OUT_IRQHandler
                0x00000000080023a6      0x802 ./Drivers/STM32F4xx_HAL_Driver/stm32f4xx_hal_hcd.o
 .text.HCD_RXQLVL_IRQHandler
                0x0000000008002ba8      0x1a4 ./Drivers/STM32F4xx_HAL_Driver/stm32f4xx_hal_hcd.o
 .text.HCD_Port_IRQHandler
                0x0000000008002d4c       0xe6 ./Drivers/STM32F4xx_HAL_Driver/stm32f4xx_hal_hcd.o
 *fill*         0x0000000008002e32        0x2 
 .text.HAL_RCC_OscConfig
                0x0000000008002e34      0x4f0 ./Drivers/STM32F4xx_HAL_Driver/stm32f4xx_hal_rcc.o
                0x0000000008002e34                HAL_RCC_OscConfig
 .text.HAL_RCC_ClockConfig
                0x0000000008003324      0x1cc ./Drivers/STM32F4xx_HAL_Driver/stm32f4xx_hal_rcc.o
                0x0000000008003324                HAL_RCC_ClockConfig
 .text.HAL_RCC_GetSysClockFreq
                0x00000000080034f0      0x1c4 ./Drivers/STM32F4xx_HAL_Driver/stm32f4xx_hal_rcc.o
                0x00000000080034f0                HAL_RCC_GetSysClockFreq
 .text.HAL_TIM_Base_Init
                0x00000000080036b4       0x9e ./Drivers/STM32F4xx_HAL_Driver/stm32f4xx_hal_tim.o
                0x00000000080036b4                HAL_TIM_Base_Init
 .text.HAL_TIM_PWM_Init
                0x0000000008003752       0x9e ./Drivers/STM32F4xx_HAL_Driver/stm32f4xx_hal_tim.o
                0x0000000008003752                HAL_TIM_PWM_Init
 .text.HAL_TIM_PWM_MspInit
                0x00000000080037f0       0x14 ./Drivers/STM32F4xx_HAL_Driver/stm32f4xx_hal_tim.o
                0x00000000080037f0                HAL_TIM_PWM_MspInit
 .text.HAL_TIM_PWM_Start
                0x0000000008003804      0x190 ./Drivers/STM32F4xx_HAL_Driver/stm32f4xx_hal_tim.o
                0x0000000008003804                HAL_TIM_PWM_Start
 .text.HAL_TIM_PWM_ConfigChannel
                0x0000000008003994      0x184 ./Drivers/STM32F4xx_HAL_Driver/stm32f4xx_hal_tim.o
                0x0000000008003994                HAL_TIM_PWM_ConfigChannel
 .text.HAL_TIM_ConfigClockSource
                0x0000000008003b18      0x18e ./Drivers/STM32F4xx_HAL_Driver/stm32f4xx_hal_tim.o
                0x0000000008003b18                HAL_TIM_ConfigClockSource
 *fill*         0x0000000008003ca6        0x2 
 .text.TIM_Base_SetConfig
                0x0000000008003ca8      0x140 ./Drivers/STM32F4xx_HAL_Driver/stm32f4xx_hal_tim.o
                0x0000000008003ca8                TIM_Base_SetConfig
 .text.TIM_OC1_SetConfig
                0x0000000008003de8       0xe0 ./Drivers/STM32F4xx_HAL_Driver/stm32f4xx_hal_tim.o
 .text.TIM_OC2_SetConfig
                0x0000000008003ec8       0xec ./Drivers/STM32F4xx_HAL_Driver/stm32f4xx_hal_tim.o
                0x0000000008003ec8                TIM_OC2_SetConfig
 .text.TIM_OC3_SetConfig
                0x0000000008003fb4       0xe8 ./Drivers/STM32F4xx_HAL_Driver/stm32f4xx_hal_tim.o
 .text.TIM_OC4_SetConfig
                0x000000000800409c       0xac ./Drivers/STM32F4xx_HAL_Driver/stm32f4xx_hal_tim.o
 .text.TIM_TI1_ConfigInputStage
                0x0000000008004148       0x5e ./Drivers/STM32F4xx_HAL_Driver/stm32f4xx_hal_tim.o
 .text.TIM_TI2_ConfigInputStage
                0x00000000080041a6       0x60 ./Drivers/STM32F4xx_HAL_Driver/stm32f4xx_hal_tim.o
 .text.TIM_ITRx_SetConfig
                0x0000000008004206       0x36 ./Drivers/STM32F4xx_HAL_Driver/stm32f4xx_hal_tim.o
 .text.TIM_ETR_SetConfig
                0x000000000800423c       0x40 ./Drivers/STM32F4xx_HAL_Driver/stm32f4xx_hal_tim.o
                0x000000000800423c                TIM_ETR_SetConfig
 .text.TIM_CCxChannelCmd
                0x000000000800427c       0x4a ./Drivers/STM32F4xx_HAL_Driver/stm32f4xx_hal_tim.o
                0x000000000800427c                TIM_CCxChannelCmd
 *fill*         0x00000000080042c6        0x2 
 .text.HAL_TIMEx_MasterConfigSynchronization
                0x00000000080042c8       0xf8 ./Drivers/STM32F4xx_HAL_Driver/stm32f4xx_hal_tim_ex.o
                0x00000000080042c8                HAL_TIMEx_MasterConfigSynchronization
 .text.HAL_TIMEx_ConfigBreakDeadTime
                0x00000000080043c0       0xa4 ./Drivers/STM32F4xx_HAL_Driver/stm32f4xx_hal_tim_ex.o
                0x00000000080043c0                HAL_TIMEx_ConfigBreakDeadTime
 .text.USB_CoreInit
                0x0000000008004464       0xc2 ./Drivers/STM32F4xx_HAL_Driver/stm32f4xx_ll_usb.o
                0x0000000008004464                USB_CoreInit
 .text.USB_EnableGlobalInt
                0x0000000008004526       0x22 ./Drivers/STM32F4xx_HAL_Driver/stm32f4xx_ll_usb.o
                0x0000000008004526                USB_EnableGlobalInt
 .text.USB_DisableGlobalInt
                0x0000000008004548       0x22 ./Drivers/STM32F4xx_HAL_Driver/stm32f4xx_ll_usb.o
                0x0000000008004548                USB_DisableGlobalInt
 .text.USB_SetCurrentMode
                0x000000000800456a       0x98 ./Drivers/STM32F4xx_HAL_Driver/stm32f4xx_ll_usb.o
                0x000000000800456a                USB_SetCurrentMode
 *fill*         0x0000000008004602        0x2 
 .text.USB_FlushTxFifo
                0x0000000008004604       0x48 ./Drivers/STM32F4xx_HAL_Driver/stm32f4xx_ll_usb.o
                0x0000000008004604                USB_FlushTxFifo
 .text.USB_FlushRxFifo
                0x000000000800464c       0x40 ./Drivers/STM32F4xx_HAL_Driver/stm32f4xx_ll_usb.o
                0x000000000800464c                USB_FlushRxFifo
 .text.USB_WritePacket
                0x000000000800468c       0x7c ./Drivers/STM32F4xx_HAL_Driver/stm32f4xx_ll_usb.o
                0x000000000800468c                USB_WritePacket
 .text.USB_ReadPacket
                0x0000000008004708       0xb0 ./Drivers/STM32F4xx_HAL_Driver/stm32f4xx_ll_usb.o
                0x0000000008004708                USB_ReadPacket
 .text.USB_ReadInterrupts
                0x00000000080047b8       0x26 ./Drivers/STM32F4xx_HAL_Driver/stm32f4xx_ll_usb.o
                0x00000000080047b8                USB_ReadInterrupts
 .text.USB_GetMode
                0x00000000080047de       0x1c ./Drivers/STM32F4xx_HAL_Driver/stm32f4xx_ll_usb.o
                0x00000000080047de                USB_GetMode
 *fill*         0x00000000080047fa        0x2 
 .text.USB_CoreReset
                0x00000000080047fc       0x64 ./Drivers/STM32F4xx_HAL_Driver/stm32f4xx_ll_usb.o
 .text.USB_HostInit
                0x0000000008004860      0x168 ./Drivers/STM32F4xx_HAL_Driver/stm32f4xx_ll_usb.o
                0x0000000008004860                USB_HostInit
 .text.USB_InitFSLSPClkSel
                0x00000000080049c8       0x74 ./Drivers/STM32F4xx_HAL_Driver/stm32f4xx_ll_usb.o
                0x00000000080049c8                USB_InitFSLSPClkSel
 .text.USB_ResetPort
                0x0000000008004a3c       0x54 ./Drivers/STM32F4xx_HAL_Driver/stm32f4xx_ll_usb.o
                0x0000000008004a3c                USB_ResetPort
 .text.USB_DriveVbus
                0x0000000008004a90       0x72 ./Drivers/STM32F4xx_HAL_Driver/stm32f4xx_ll_usb.o
                0x0000000008004a90                USB_DriveVbus
 .text.USB_GetHostSpeed
                0x0000000008004b02       0x2e ./Drivers/STM32F4xx_HAL_Driver/stm32f4xx_ll_usb.o
                0x0000000008004b02                USB_GetHostSpeed
 .text.USB_GetCurrentFrame
                0x0000000008004b30       0x22 ./Drivers/STM32F4xx_HAL_Driver/stm32f4xx_ll_usb.o
                0x0000000008004b30                USB_GetCurrentFrame
 *fill*         0x0000000008004b52        0x2 
 .text.USB_HC_Init
                0x0000000008004b54      0x21c ./Drivers/STM32F4xx_HAL_Driver/stm32f4xx_ll_usb.o
                0x0000000008004b54                USB_HC_Init
 .text.USB_HC_StartXfer
                0x0000000008004d70      0x284 ./Drivers/STM32F4xx_HAL_Driver/stm32f4xx_ll_usb.o
                0x0000000008004d70                USB_HC_StartXfer
 .text.USB_HC_ReadInterrupt
                0x0000000008004ff4       0x22 ./Drivers/STM32F4xx_HAL_Driver/stm32f4xx_ll_usb.o
                0x0000000008004ff4                USB_HC_ReadInterrupt
 .text.USB_HC_Halt
                0x0000000008005016      0x238 ./Drivers/STM32F4xx_HAL_Driver/stm32f4xx_ll_usb.o
                0x0000000008005016                USB_HC_Halt
 *fill*         0x000000000800524e        0x2 
 .text.USB_DoPing
                0x0000000008005250       0x78 ./Drivers/STM32F4xx_HAL_Driver/stm32f4xx_ll_usb.o
                0x0000000008005250                USB_DoPing
 .text.USB_StopHost
                0x00000000080052c8      0x10c ./Drivers/STM32F4xx_HAL_Driver/stm32f4xx_ll_usb.o
                0x00000000080052c8                USB_StopHost
 .text.USBH_CDC_InterfaceInit
                0x00000000080053d4      0x2ac ./Middlewares/USB_Host_Library/usbh_cdc.o
 .text.USBH_CDC_InterfaceDeInit
                0x0000000008005680       0xb2 ./Middlewares/USB_Host_Library/usbh_cdc.o
 .text.USBH_CDC_ClassRequest
                0x0000000008005732       0x3e ./Middlewares/USB_Host_Library/usbh_cdc.o
 .text.USBH_CDC_Process
                0x0000000008005770      0x12c ./Middlewares/USB_Host_Library/usbh_cdc.o
 .text.USBH_CDC_SOFProcess
                0x000000000800589c       0x16 ./Middlewares/USB_Host_Library/usbh_cdc.o
 .text.GetLineCoding
                0x00000000080058b2       0x3e ./Middlewares/USB_Host_Library/usbh_cdc.o
 .text.SetLineCoding
                0x00000000080058f0       0x3e ./Middlewares/USB_Host_Library/usbh_cdc.o
 .text.CDC_ProcessTransmission
                0x000000000800592e       0xec ./Middlewares/USB_Host_Library/usbh_cdc.o
 .text.CDC_ProcessReception
                0x0000000008005a1a       0xb6 ./Middlewares/USB_Host_Library/usbh_cdc.o
 .text.USBH_CDC_TransmitCallback
                0x0000000008005ad0       0x14 ./Middlewares/USB_Host_Library/usbh_cdc.o
                0x0000000008005ad0                USBH_CDC_TransmitCallback
 .text.USBH_CDC_ReceiveCallback
                0x0000000008005ae4       0x14 ./Middlewares/USB_Host_Library/usbh_cdc.o
                0x0000000008005ae4                USBH_CDC_ReceiveCallback
 .text.USBH_CDC_LineCodingChanged
                0x0000000008005af8       0x14 ./Middlewares/USB_Host_Library/usbh_cdc.o
                0x0000000008005af8                USBH_CDC_LineCodingChanged
 .text.USBH_Init
                0x0000000008005b0c       0x74 ./Middlewares/USB_Host_Library/usbh_core.o
                0x0000000008005b0c                USBH_Init
 .text.DeInitStateMachine
                0x0000000008005b80       0xa8 ./Middlewares/USB_Host_Library/usbh_core.o
 .text.USBH_RegisterClass
                0x0000000008005c28       0x54 ./Middlewares/USB_Host_Library/usbh_core.o
                0x0000000008005c28                USBH_RegisterClass
 .text.USBH_SelectInterface
                0x0000000008005c7c       0x38 ./Middlewares/USB_Host_Library/usbh_core.o
                0x0000000008005c7c                USBH_SelectInterface
 .text.USBH_FindInterface
                0x0000000008005cb4       0x8c ./Middlewares/USB_Host_Library/usbh_core.o
                0x0000000008005cb4                USBH_FindInterface
 .text.USBH_Start
                0x0000000008005d40       0x20 ./Middlewares/USB_Host_Library/usbh_core.o
                0x0000000008005d40                USBH_Start
 .text.USBH_Process
                0x0000000008005d60      0x3c0 ./Middlewares/USB_Host_Library/usbh_core.o
                0x0000000008005d60                USBH_Process
 .text.USBH_HandleEnum
                0x0000000008006120      0x3c8 ./Middlewares/USB_Host_Library/usbh_core.o
 .text.USBH_LL_SetTimer
                0x00000000080064e8       0x1e ./Middlewares/USB_Host_Library/usbh_core.o
                0x00000000080064e8                USBH_LL_SetTimer
 .text.USBH_LL_IncTimer
                0x0000000008006506       0x24 ./Middlewares/USB_Host_Library/usbh_core.o
                0x0000000008006506                USBH_LL_IncTimer
 .text.USBH_HandleSof
                0x000000000800652a       0x30 ./Middlewares/USB_Host_Library/usbh_core.o
 .text.USBH_LL_PortEnabled
                0x000000000800655a       0x1c ./Middlewares/USB_Host_Library/usbh_core.o
                0x000000000800655a                USBH_LL_PortEnabled
 .text.USBH_LL_PortDisabled
                0x0000000008006576       0x1c ./Middlewares/USB_Host_Library/usbh_core.o
                0x0000000008006576                USBH_LL_PortDisabled
 .text.USBH_LL_Connect
                0x0000000008006592       0x2e ./Middlewares/USB_Host_Library/usbh_core.o
                0x0000000008006592                USBH_LL_Connect
 .text.USBH_LL_Disconnect
                0x00000000080065c0       0x48 ./Middlewares/USB_Host_Library/usbh_core.o
                0x00000000080065c0                USBH_LL_Disconnect
 .text.USBH_Get_DevDesc
                0x0000000008006608       0x50 ./Middlewares/USB_Host_Library/usbh_ctlreq.o
                0x0000000008006608                USBH_Get_DevDesc
 .text.USBH_Get_CfgDesc
                0x0000000008006658       0x48 ./Middlewares/USB_Host_Library/usbh_ctlreq.o
                0x0000000008006658                USBH_Get_CfgDesc
 .text.USBH_Get_StringDesc
                0x00000000080066a0       0x56 ./Middlewares/USB_Host_Library/usbh_ctlreq.o
                0x00000000080066a0                USBH_Get_StringDesc
 .text.USBH_GetDescriptor
                0x00000000080066f6       0x6a ./Middlewares/USB_Host_Library/usbh_ctlreq.o
                0x00000000080066f6                USBH_GetDescriptor
 .text.USBH_SetAddress
                0x0000000008006760       0x48 ./Middlewares/USB_Host_Library/usbh_ctlreq.o
                0x0000000008006760                USBH_SetAddress
 .text.USBH_SetCfg
                0x00000000080067a8       0x46 ./Middlewares/USB_Host_Library/usbh_ctlreq.o
                0x00000000080067a8                USBH_SetCfg
 .text.USBH_SetFeature
                0x00000000080067ee       0x48 ./Middlewares/USB_Host_Library/usbh_ctlreq.o
                0x00000000080067ee                USBH_SetFeature
 .text.USBH_ClrFeature
                0x0000000008006836       0x48 ./Middlewares/USB_Host_Library/usbh_ctlreq.o
                0x0000000008006836                USBH_ClrFeature
 .text.USBH_ParseDevDesc
                0x000000000800687e       0xe0 ./Middlewares/USB_Host_Library/usbh_ctlreq.o
 .text.USBH_ParseCfgDesc
                0x000000000800695e      0x144 ./Middlewares/USB_Host_Library/usbh_ctlreq.o
 .text.USBH_ParseInterfaceDesc
                0x0000000008006aa2       0x5e ./Middlewares/USB_Host_Library/usbh_ctlreq.o
 .text.USBH_ParseEPDesc
                0x0000000008006b00       0x5a ./Middlewares/USB_Host_Library/usbh_ctlreq.o
 .text.USBH_ParseStringDesc
                0x0000000008006b5a       0x66 ./Middlewares/USB_Host_Library/usbh_ctlreq.o
 .text.USBH_GetNextDesc
                0x0000000008006bc0       0x36 ./Middlewares/USB_Host_Library/usbh_ctlreq.o
                0x0000000008006bc0                USBH_GetNextDesc
 .text.USBH_CtlReq
                0x0000000008006bf6       0x7a ./Middlewares/USB_Host_Library/usbh_ctlreq.o
                0x0000000008006bf6                USBH_CtlReq
 .text.USBH_HandleControl
                0x0000000008006c70      0x2e8 ./Middlewares/USB_Host_Library/usbh_ctlreq.o
 .text.USBH_CtlSendSetup
                0x0000000008006f58       0x34 ./Middlewares/USB_Host_Library/usbh_ioreq.o
                0x0000000008006f58                USBH_CtlSendSetup
 .text.USBH_CtlSendData
                0x0000000008006f8c       0x4a ./Middlewares/USB_Host_Library/usbh_ioreq.o
                0x0000000008006f8c                USBH_CtlSendData
 .text.USBH_CtlReceiveData
                0x0000000008006fd6       0x3c ./Middlewares/USB_Host_Library/usbh_ioreq.o
                0x0000000008006fd6                USBH_CtlReceiveData
 .text.USBH_BulkSendData
                0x0000000008007012       0x4a ./Middlewares/USB_Host_Library/usbh_ioreq.o
                0x0000000008007012                USBH_BulkSendData
 .text.USBH_BulkReceiveData
                0x000000000800705c       0x3c ./Middlewares/USB_Host_Library/usbh_ioreq.o
                0x000000000800705c                USBH_BulkReceiveData
 .text.USBH_OpenPipe
                0x0000000008007098       0x3e ./Middlewares/USB_Host_Library/usbh_pipes.o
                0x0000000008007098                USBH_OpenPipe
 .text.USBH_ClosePipe
                0x00000000080070d6       0x20 ./Middlewares/USB_Host_Library/usbh_pipes.o
                0x00000000080070d6                USBH_ClosePipe
 .text.USBH_AllocPipe
                0x00000000080070f6       0x42 ./Middlewares/USB_Host_Library/usbh_pipes.o
                0x00000000080070f6                USBH_AllocPipe
 .text.USBH_FreePipe
                0x0000000008007138       0x3c ./Middlewares/USB_Host_Library/usbh_pipes.o
                0x0000000008007138                USBH_FreePipe
 .text.USBH_GetFreePipe
                0x0000000008007174       0x48 ./Middlewares/USB_Host_Library/usbh_pipes.o
 .text.MX_USB_HOST_Init
                0x00000000080071bc       0x4c ./USB_HOST/App/usb_host.o
                0x00000000080071bc                MX_USB_HOST_Init
 .text.MX_USB_HOST_Process
                0x0000000008007208       0x14 ./USB_HOST/App/usb_host.o
                0x0000000008007208                MX_USB_HOST_Process
 .text.USBH_UserProcess
                0x000000000800721c       0x5c ./USB_HOST/App/usb_host.o
 .text.HAL_HCD_MspInit
                0x0000000008007278       0xa8 ./USB_HOST/Target/usbh_conf.o
                0x0000000008007278                HAL_HCD_MspInit
 .text.HAL_HCD_SOF_Callback
                0x0000000008007320       0x1c ./USB_HOST/Target/usbh_conf.o
                0x0000000008007320                HAL_HCD_SOF_Callback
 .text.HAL_HCD_Connect_Callback
                0x000000000800733c       0x1c ./USB_HOST/Target/usbh_conf.o
                0x000000000800733c                HAL_HCD_Connect_Callback
 .text.HAL_HCD_Disconnect_Callback
                0x0000000008007358       0x1c ./USB_HOST/Target/usbh_conf.o
                0x0000000008007358                HAL_HCD_Disconnect_Callback
 .text.HAL_HCD_HC_NotifyURBChange_Callback
                0x0000000008007374       0x1c ./USB_HOST/Target/usbh_conf.o
                0x0000000008007374                HAL_HCD_HC_NotifyURBChange_Callback
 .text.HAL_HCD_PortEnabled_Callback
                0x0000000008007390       0x1c ./USB_HOST/Target/usbh_conf.o
                0x0000000008007390                HAL_HCD_PortEnabled_Callback
 .text.HAL_HCD_PortDisabled_Callback
                0x00000000080073ac       0x1c ./USB_HOST/Target/usbh_conf.o
                0x00000000080073ac                HAL_HCD_PortDisabled_Callback
 .text.USBH_LL_Init
                0x00000000080073c8       0x78 ./USB_HOST/Target/usbh_conf.o
                0x00000000080073c8                USBH_LL_Init
 .text.USBH_LL_Start
                0x0000000008007440       0x36 ./USB_HOST/Target/usbh_conf.o
                0x0000000008007440                USBH_LL_Start
 .text.USBH_LL_Stop
                0x0000000008007476       0x36 ./USB_HOST/Target/usbh_conf.o
                0x0000000008007476                USBH_LL_Stop
 .text.USBH_LL_GetSpeed
                0x00000000080074ac       0x4e ./USB_HOST/Target/usbh_conf.o
                0x00000000080074ac                USBH_LL_GetSpeed
 .text.USBH_LL_ResetPort
                0x00000000080074fa       0x36 ./USB_HOST/Target/usbh_conf.o
                0x00000000080074fa                USBH_LL_ResetPort
 .text.USBH_LL_GetLastXferSize
                0x0000000008007530       0x26 ./USB_HOST/Target/usbh_conf.o
                0x0000000008007530                USBH_LL_GetLastXferSize
 .text.USBH_LL_OpenPipe
                0x0000000008007556       0x5e ./USB_HOST/Target/usbh_conf.o
                0x0000000008007556                USBH_LL_OpenPipe
 .text.USBH_LL_ClosePipe
                0x00000000080075b4       0x3e ./USB_HOST/Target/usbh_conf.o
                0x00000000080075b4                USBH_LL_ClosePipe
 .text.USBH_LL_SubmitURB
                0x00000000080075f2       0x62 ./USB_HOST/Target/usbh_conf.o
                0x00000000080075f2                USBH_LL_SubmitURB
 .text.USBH_LL_GetURBState
                0x0000000008007654       0x26 ./USB_HOST/Target/usbh_conf.o
                0x0000000008007654                USBH_LL_GetURBState
 .text.USBH_LL_DriverVBUS
                0x000000000800767a       0x2e ./USB_HOST/Target/usbh_conf.o
                0x000000000800767a                USBH_LL_DriverVBUS
 .text.USBH_LL_SetToggle
                0x00000000080076a8       0x60 ./USB_HOST/Target/usbh_conf.o
                0x00000000080076a8                USBH_LL_SetToggle
 .text.USBH_Delay
                0x0000000008007708       0x16 ./USB_HOST/Target/usbh_conf.o
                0x0000000008007708                USBH_Delay
 *fill*         0x000000000800771e        0x2 
 .text.USBH_Get_USB_Status
                0x0000000008007720       0x58 ./USB_HOST/Target/usbh_conf.o
                0x0000000008007720                USBH_Get_USB_Status
 .text.MX_DriverVbusFS
                0x0000000008007778       0x38 ./USB_HOST/Target/usbh_platform.o
                0x0000000008007778                MX_DriverVbusFS
 .text.__errno  0x00000000080077b0        0xc c:/st/stm32cubeide_1.7.0/stm32cubeide/plugins/com.st.stm32cube.ide.mcu.externaltools.gnu-tools-for-stm32.9-2020-q2-update.win32_2.0.0.202105311346/tools/bin/../lib/gcc/arm-none-eabi/9.3.1/../../../../arm-none-eabi/lib/thumb/v7e-m+fp/hard\libc_nano.a(lib_a-errno.o)
                0x00000000080077b0                __errno
 .text.__libc_init_array
                0x00000000080077bc       0x48 c:/st/stm32cubeide_1.7.0/stm32cubeide/plugins/com.st.stm32cube.ide.mcu.externaltools.gnu-tools-for-stm32.9-2020-q2-update.win32_2.0.0.202105311346/tools/bin/../lib/gcc/arm-none-eabi/9.3.1/../../../../arm-none-eabi/lib/thumb/v7e-m+fp/hard\libc_nano.a(lib_a-init.o)
                0x00000000080077bc                __libc_init_array
 .text.malloc   0x0000000008007804       0x10 c:/st/stm32cubeide_1.7.0/stm32cubeide/plugins/com.st.stm32cube.ide.mcu.externaltools.gnu-tools-for-stm32.9-2020-q2-update.win32_2.0.0.202105311346/tools/bin/../lib/gcc/arm-none-eabi/9.3.1/../../../../arm-none-eabi/lib/thumb/v7e-m+fp/hard\libc_nano.a(lib_a-malloc.o)
                0x0000000008007804                malloc
 .text.free     0x0000000008007814       0x10 c:/st/stm32cubeide_1.7.0/stm32cubeide/plugins/com.st.stm32cube.ide.mcu.externaltools.gnu-tools-for-stm32.9-2020-q2-update.win32_2.0.0.202105311346/tools/bin/../lib/gcc/arm-none-eabi/9.3.1/../../../../arm-none-eabi/lib/thumb/v7e-m+fp/hard\libc_nano.a(lib_a-malloc.o)
                0x0000000008007814                free
 .text.memset   0x0000000008007824       0x10 c:/st/stm32cubeide_1.7.0/stm32cubeide/plugins/com.st.stm32cube.ide.mcu.externaltools.gnu-tools-for-stm32.9-2020-q2-update.win32_2.0.0.202105311346/tools/bin/../lib/gcc/arm-none-eabi/9.3.1/../../../../arm-none-eabi/lib/thumb/v7e-m+fp/hard\libc_nano.a(lib_a-memset.o)
                0x0000000008007824                memset
 .text._free_r  0x0000000008007834       0xa0 c:/st/stm32cubeide_1.7.0/stm32cubeide/plugins/com.st.stm32cube.ide.mcu.externaltools.gnu-tools-for-stm32.9-2020-q2-update.win32_2.0.0.202105311346/tools/bin/../lib/gcc/arm-none-eabi/9.3.1/../../../../arm-none-eabi/lib/thumb/v7e-m+fp/hard\libc_nano.a(lib_a-nano-freer.o)
                0x0000000008007834                _free_r
 .text._malloc_r
                0x00000000080078d4       0xb4 c:/st/stm32cubeide_1.7.0/stm32cubeide/plugins/com.st.stm32cube.ide.mcu.externaltools.gnu-tools-for-stm32.9-2020-q2-update.win32_2.0.0.202105311346/tools/bin/../lib/gcc/arm-none-eabi/9.3.1/../../../../arm-none-eabi/lib/thumb/v7e-m+fp/hard\libc_nano.a(lib_a-nano-mallocr.o)
                0x00000000080078d4                _malloc_r
 .text._sbrk_r  0x0000000008007988       0x20 c:/st/stm32cubeide_1.7.0/stm32cubeide/plugins/com.st.stm32cube.ide.mcu.externaltools.gnu-tools-for-stm32.9-2020-q2-update.win32_2.0.0.202105311346/tools/bin/../lib/gcc/arm-none-eabi/9.3.1/../../../../arm-none-eabi/lib/thumb/v7e-m+fp/hard\libc_nano.a(lib_a-sbrkr.o)
                0x0000000008007988                _sbrk_r
 .text.__malloc_lock
                0x00000000080079a8        0xc c:/st/stm32cubeide_1.7.0/stm32cubeide/plugins/com.st.stm32cube.ide.mcu.externaltools.gnu-tools-for-stm32.9-2020-q2-update.win32_2.0.0.202105311346/tools/bin/../lib/gcc/arm-none-eabi/9.3.1/../../../../arm-none-eabi/lib/thumb/v7e-m+fp/hard\libc_nano.a(lib_a-mlock.o)
                0x00000000080079a8                __malloc_lock
 .text.__malloc_unlock
                0x00000000080079b4        0xc c:/st/stm32cubeide_1.7.0/stm32cubeide/plugins/com.st.stm32cube.ide.mcu.externaltools.gnu-tools-for-stm32.9-2020-q2-update.win32_2.0.0.202105311346/tools/bin/../lib/gcc/arm-none-eabi/9.3.1/../../../../arm-none-eabi/lib/thumb/v7e-m+fp/hard\libc_nano.a(lib_a-mlock.o)
                0x00000000080079b4                __malloc_unlock
 .text.__retarget_lock_acquire_recursive
                0x00000000080079c0        0x2 c:/st/stm32cubeide_1.7.0/stm32cubeide/plugins/com.st.stm32cube.ide.mcu.externaltools.gnu-tools-for-stm32.9-2020-q2-update.win32_2.0.0.202105311346/tools/bin/../lib/gcc/arm-none-eabi/9.3.1/../../../../arm-none-eabi/lib/thumb/v7e-m+fp/hard\libc_nano.a(lib_a-lock.o)
                0x00000000080079c0                __retarget_lock_acquire_recursive
 .text.__retarget_lock_release_recursive
                0x00000000080079c2        0x2 c:/st/stm32cubeide_1.7.0/stm32cubeide/plugins/com.st.stm32cube.ide.mcu.externaltools.gnu-tools-for-stm32.9-2020-q2-update.win32_2.0.0.202105311346/tools/bin/../lib/gcc/arm-none-eabi/9.3.1/../../../../arm-none-eabi/lib/thumb/v7e-m+fp/hard\libc_nano.a(lib_a-lock.o)
                0x00000000080079c2                __retarget_lock_release_recursive
 *(.glue_7)
 .glue_7        0x00000000080079c4        0x0 linker stubs
 *(.glue_7t)
 .glue_7t       0x00000000080079c4        0x0 linker stubs
 *(.eh_frame)
 .eh_frame      0x00000000080079c4        0x0 c:/st/stm32cubeide_1.7.0/stm32cubeide/plugins/com.st.stm32cube.ide.mcu.externaltools.gnu-tools-for-stm32.9-2020-q2-update.win32_2.0.0.202105311346/tools/bin/../lib/gcc/arm-none-eabi/9.3.1/thumb/v7e-m+fp/hard/crtbegin.o
 *(.init)
 .init          0x00000000080079c4        0x4 c:/st/stm32cubeide_1.7.0/stm32cubeide/plugins/com.st.stm32cube.ide.mcu.externaltools.gnu-tools-for-stm32.9-2020-q2-update.win32_2.0.0.202105311346/tools/bin/../lib/gcc/arm-none-eabi/9.3.1/thumb/v7e-m+fp/hard/crti.o
                0x00000000080079c4                _init
 .init          0x00000000080079c8        0x8 c:/st/stm32cubeide_1.7.0/stm32cubeide/plugins/com.st.stm32cube.ide.mcu.externaltools.gnu-tools-for-stm32.9-2020-q2-update.win32_2.0.0.202105311346/tools/bin/../lib/gcc/arm-none-eabi/9.3.1/thumb/v7e-m+fp/hard/crtn.o
 *(.fini)
 .fini          0x00000000080079d0        0x4 c:/st/stm32cubeide_1.7.0/stm32cubeide/plugins/com.st.stm32cube.ide.mcu.externaltools.gnu-tools-for-stm32.9-2020-q2-update.win32_2.0.0.202105311346/tools/bin/../lib/gcc/arm-none-eabi/9.3.1/thumb/v7e-m+fp/hard/crti.o
                0x00000000080079d0                _fini
 .fini          0x00000000080079d4        0x8 c:/st/stm32cubeide_1.7.0/stm32cubeide/plugins/com.st.stm32cube.ide.mcu.externaltools.gnu-tools-for-stm32.9-2020-q2-update.win32_2.0.0.202105311346/tools/bin/../lib/gcc/arm-none-eabi/9.3.1/thumb/v7e-m+fp/hard/crtn.o
                0x00000000080079dc                . = ALIGN (0x4)
                0x00000000080079dc                _etext = .

.vfp11_veneer   0x00000000080079dc        0x0
 .vfp11_veneer  0x00000000080079dc        0x0 linker stubs

.v4_bx          0x00000000080079dc        0x0
 .v4_bx         0x00000000080079dc        0x0 linker stubs

.iplt           0x00000000080079dc        0x0
 .iplt          0x00000000080079dc        0x0 c:/st/stm32cubeide_1.7.0/stm32cubeide/plugins/com.st.stm32cube.ide.mcu.externaltools.gnu-tools-for-stm32.9-2020-q2-update.win32_2.0.0.202105311346/tools/bin/../lib/gcc/arm-none-eabi/9.3.1/thumb/v7e-m+fp/hard/crtbegin.o

.rodata         0x00000000080079dc       0x14
                0x00000000080079dc                . = ALIGN (0x4)
 *(.rodata)
 .rodata        0x00000000080079dc        0x4 ./Middlewares/USB_Host_Library/usbh_cdc.o
 *(.rodata*)
 .rodata.AHBPrescTable
                0x00000000080079e0       0x10 ./Core/Src/system_stm32f4xx.o
                0x00000000080079e0                AHBPrescTable
                0x00000000080079f0                . = ALIGN (0x4)

.ARM.extab      0x00000000080079f0        0x0
                0x00000000080079f0                . = ALIGN (0x4)
 *(.ARM.extab* .gnu.linkonce.armextab.*)
                0x00000000080079f0                . = ALIGN (0x4)

.ARM            0x00000000080079f0        0x8
                0x00000000080079f0                . = ALIGN (0x4)
                0x00000000080079f0                __exidx_start = .
 *(.ARM.exidx*)
 .ARM.exidx     0x00000000080079f0        0x8 c:/st/stm32cubeide_1.7.0/stm32cubeide/plugins/com.st.stm32cube.ide.mcu.externaltools.gnu-tools-for-stm32.9-2020-q2-update.win32_2.0.0.202105311346/tools/bin/../lib/gcc/arm-none-eabi/9.3.1/thumb/v7e-m+fp/hard\libgcc.a(_udivmoddi4.o)
                0x00000000080079f8                __exidx_end = .
                0x00000000080079f8                . = ALIGN (0x4)

.rel.dyn        0x00000000080079f8        0x0
 .rel.iplt      0x00000000080079f8        0x0 c:/st/stm32cubeide_1.7.0/stm32cubeide/plugins/com.st.stm32cube.ide.mcu.externaltools.gnu-tools-for-stm32.9-2020-q2-update.win32_2.0.0.202105311346/tools/bin/../lib/gcc/arm-none-eabi/9.3.1/thumb/v7e-m+fp/hard/crtbegin.o

.preinit_array  0x00000000080079f8        0x0
                0x00000000080079f8                . = ALIGN (0x4)
                0x00000000080079f8                PROVIDE (__preinit_array_start = .)
 *(.preinit_array*)
                0x00000000080079f8                PROVIDE (__preinit_array_end = .)
                0x00000000080079f8                . = ALIGN (0x4)

.init_array     0x00000000080079f8        0x4
                0x00000000080079f8                . = ALIGN (0x4)
                0x00000000080079f8                PROVIDE (__init_array_start = .)
 *(SORT_BY_NAME(.init_array.*))
 *(.init_array*)
 .init_array    0x00000000080079f8        0x4 c:/st/stm32cubeide_1.7.0/stm32cubeide/plugins/com.st.stm32cube.ide.mcu.externaltools.gnu-tools-for-stm32.9-2020-q2-update.win32_2.0.0.202105311346/tools/bin/../lib/gcc/arm-none-eabi/9.3.1/thumb/v7e-m+fp/hard/crtbegin.o
                0x00000000080079fc                PROVIDE (__init_array_end = .)
                0x00000000080079fc                . = ALIGN (0x4)

.fini_array     0x00000000080079fc        0x4
                0x00000000080079fc                . = ALIGN (0x4)
                [!provide]                        PROVIDE (__fini_array_start = .)
 *(SORT_BY_NAME(.fini_array.*))
 *(.fini_array*)
 .fini_array    0x00000000080079fc        0x4 c:/st/stm32cubeide_1.7.0/stm32cubeide/plugins/com.st.stm32cube.ide.mcu.externaltools.gnu-tools-for-stm32.9-2020-q2-update.win32_2.0.0.202105311346/tools/bin/../lib/gcc/arm-none-eabi/9.3.1/thumb/v7e-m+fp/hard/crtbegin.o
                [!provide]                        PROVIDE (__fini_array_end = .)
                0x0000000008007a00                . = ALIGN (0x4)
                0x0000000008007a00                _sidata = LOADADDR (.data)

.data           0x0000000020000000       0x90 load address 0x0000000008007a00
                0x0000000020000000                . = ALIGN (0x4)
                0x0000000020000000                _sdata = .
 *(.data)
 *(.data*)
 .data.SystemCoreClock
                0x0000000020000000        0x4 ./Core/Src/system_stm32f4xx.o
                0x0000000020000000                SystemCoreClock
 .data.uwTickPrio
                0x0000000020000004        0x4 ./Drivers/STM32F4xx_HAL_Driver/stm32f4xx_hal.o
                0x0000000020000004                uwTickPrio
 .data.uwTickFreq
                0x0000000020000008        0x1 ./Drivers/STM32F4xx_HAL_Driver/stm32f4xx_hal.o
                0x0000000020000008                uwTickFreq
 *fill*         0x0000000020000009        0x3 
 .data.CDC_Class
                0x000000002000000c       0x20 ./Middlewares/USB_Host_Library/usbh_cdc.o
                0x000000002000000c                CDC_Class
 .data._impure_ptr
                0x000000002000002c        0x4 c:/st/stm32cubeide_1.7.0/stm32cubeide/plugins/com.st.stm32cube.ide.mcu.externaltools.gnu-tools-for-stm32.9-2020-q2-update.win32_2.0.0.202105311346/tools/bin/../lib/gcc/arm-none-eabi/9.3.1/../../../../arm-none-eabi/lib/thumb/v7e-m+fp/hard\libc_nano.a(lib_a-impure.o)
                0x000000002000002c                _impure_ptr
 .data.impure_data
                0x0000000020000030       0x60 c:/st/stm32cubeide_1.7.0/stm32cubeide/plugins/com.st.stm32cube.ide.mcu.externaltools.gnu-tools-for-stm32.9-2020-q2-update.win32_2.0.0.202105311346/tools/bin/../lib/gcc/arm-none-eabi/9.3.1/../../../../arm-none-eabi/lib/thumb/v7e-m+fp/hard\libc_nano.a(lib_a-impure.o)
 *(.RamFunc)
 *(.RamFunc*)
                0x0000000020000090                . = ALIGN (0x4)
                0x0000000020000090                _edata = .
                0x0000000008007a90                _siccmram = LOADADDR (.ccmram)

.igot.plt       0x0000000020000090        0x0 load address 0x0000000008007a90
 .igot.plt      0x0000000020000090        0x0 c:/st/stm32cubeide_1.7.0/stm32cubeide/plugins/com.st.stm32cube.ide.mcu.externaltools.gnu-tools-for-stm32.9-2020-q2-update.win32_2.0.0.202105311346/tools/bin/../lib/gcc/arm-none-eabi/9.3.1/thumb/v7e-m+fp/hard/crtbegin.o

.ccmram         0x0000000010000000        0x0 load address 0x0000000008007a90
                0x0000000010000000                . = ALIGN (0x4)
                0x0000000010000000                _sccmram = .
 *(.ccmram)
 *(.ccmram*)
                0x0000000010000000                . = ALIGN (0x4)
                0x0000000010000000                _eccmram = .
                0x0000000010000000                . = ALIGN (0x4)

.bss            0x0000000020000090      0x7ac
                0x0000000020000090                _sbss = .
                0x0000000020000090                __bss_start__ = _sbss
 *(.bss)
 .bss           0x0000000020000090       0x1c c:/st/stm32cubeide_1.7.0/stm32cubeide/plugins/com.st.stm32cube.ide.mcu.externaltools.gnu-tools-for-stm32.9-2020-q2-update.win32_2.0.0.202105311346/tools/bin/../lib/gcc/arm-none-eabi/9.3.1/thumb/v7e-m+fp/hard/crtbegin.o
 *(.bss*)
 .bss.__sbrk_heap_end
                0x00000000200000ac        0x4 ./Core/Src/sysmem.o
 .bss.Appli_state
                0x00000000200000b0        0x1 ./USB_HOST/App/usb_host.o
                0x00000000200000b0                Appli_state
 *fill*         0x00000000200000b1        0x3 
 .bss.__malloc_free_list
                0x00000000200000b4        0x4 c:/st/stm32cubeide_1.7.0/stm32cubeide/plugins/com.st.stm32cube.ide.mcu.externaltools.gnu-tools-for-stm32.9-2020-q2-update.win32_2.0.0.202105311346/tools/bin/../lib/gcc/arm-none-eabi/9.3.1/../../../../arm-none-eabi/lib/thumb/v7e-m+fp/hard\libc_nano.a(lib_a-nano-mallocr.o)
                0x00000000200000b4                __malloc_free_list
 .bss.__malloc_sbrk_start
                0x00000000200000b8        0x4 c:/st/stm32cubeide_1.7.0/stm32cubeide/plugins/com.st.stm32cube.ide.mcu.externaltools.gnu-tools-for-stm32.9-2020-q2-update.win32_2.0.0.202105311346/tools/bin/../lib/gcc/arm-none-eabi/9.3.1/../../../../arm-none-eabi/lib/thumb/v7e-m+fp/hard\libc_nano.a(lib_a-nano-mallocr.o)
                0x00000000200000b8                __malloc_sbrk_start
 *(COMMON)
 COMMON         0x00000000200000bc       0x90 ./Core/Src/main.o
                0x00000000200000bc                htim1
                0x0000000020000104                htim2
 COMMON         0x000000002000014c        0x4 ./Drivers/STM32F4xx_HAL_Driver/stm32f4xx_hal.o
                0x000000002000014c                uwTick
 COMMON         0x0000000020000150      0x3d8 ./USB_HOST/App/usb_host.o
                0x0000000020000150                hUsbHostFS
 COMMON         0x0000000020000528      0x304 ./USB_HOST/Target/usbh_conf.o
                0x0000000020000528                hhcd_USB_OTG_FS
 COMMON         0x000000002000082c        0x4 c:/st/stm32cubeide_1.7.0/stm32cubeide/plugins/com.st.stm32cube.ide.mcu.externaltools.gnu-tools-for-stm32.9-2020-q2-update.win32_2.0.0.202105311346/tools/bin/../lib/gcc/arm-none-eabi/9.3.1/../../../../arm-none-eabi/lib/thumb/v7e-m+fp/hard\libc_nano.a(lib_a-reent.o)
                0x000000002000082c                errno
 COMMON         0x0000000020000830        0x9 c:/st/stm32cubeide_1.7.0/stm32cubeide/plugins/com.st.stm32cube.ide.mcu.externaltools.gnu-tools-for-stm32.9-2020-q2-update.win32_2.0.0.202105311346/tools/bin/../lib/gcc/arm-none-eabi/9.3.1/../../../../arm-none-eabi/lib/thumb/v7e-m+fp/hard\libc_nano.a(lib_a-lock.o)
                0x0000000020000830                __lock___atexit_recursive_mutex
                0x0000000020000831                __lock___arc4random_mutex
                0x0000000020000832                __lock___env_recursive_mutex
                0x0000000020000833                __lock___sinit_recursive_mutex
                0x0000000020000834                __lock___malloc_recursive_mutex
                0x0000000020000835                __lock___at_quick_exit_mutex
                0x0000000020000836                __lock___dd_hash_mutex
                0x0000000020000837                __lock___tz_mutex
                0x0000000020000838                __lock___sfp_recursive_mutex
                0x000000002000083c                . = ALIGN (0x4)
 *fill*         0x0000000020000839        0x3 
                0x000000002000083c                _ebss = .
                0x000000002000083c                __bss_end__ = _ebss

._user_heap_stack
                0x000000002000083c      0x604
                0x0000000020000840                . = ALIGN (0x8)
 *fill*         0x000000002000083c        0x4 
                [!provide]                        PROVIDE (end = .)
                0x0000000020000840                PROVIDE (_end = .)
                0x0000000020000a40                . = (. + _Min_Heap_Size)
 *fill*         0x0000000020000840      0x200 
                0x0000000020000e40                . = (. + _Min_Stack_Size)
 *fill*         0x0000000020000a40      0x400 
                0x0000000020000e40                . = ALIGN (0x8)

/DISCARD/
 libc.a(*)
 libm.a(*)
 libgcc.a(*)

.ARM.attributes
                0x0000000000000000       0x30
 *(.ARM.attributes)
 .ARM.attributes
                0x0000000000000000       0x1e c:/st/stm32cubeide_1.7.0/stm32cubeide/plugins/com.st.stm32cube.ide.mcu.externaltools.gnu-tools-for-stm32.9-2020-q2-update.win32_2.0.0.202105311346/tools/bin/../lib/gcc/arm-none-eabi/9.3.1/thumb/v7e-m+fp/hard/crti.o
 .ARM.attributes
                0x000000000000001e       0x34 c:/st/stm32cubeide_1.7.0/stm32cubeide/plugins/com.st.stm32cube.ide.mcu.externaltools.gnu-tools-for-stm32.9-2020-q2-update.win32_2.0.0.202105311346/tools/bin/../lib/gcc/arm-none-eabi/9.3.1/thumb/v7e-m+fp/hard/crtbegin.o
 .ARM.attributes
                0x0000000000000052       0x34 ./Core/Src/main.o
 .ARM.attributes
                0x0000000000000086       0x34 ./Core/Src/stm32f4xx_hal_msp.o
 .ARM.attributes
                0x00000000000000ba       0x34 ./Core/Src/stm32f4xx_it.o
 .ARM.attributes
                0x00000000000000ee       0x34 ./Core/Src/sysmem.o
 .ARM.attributes
                0x0000000000000122       0x34 ./Core/Src/system_stm32f4xx.o
 .ARM.attributes
                0x0000000000000156       0x21 ./Core/Startup/startup_stm32f407vgtx.o
 .ARM.attributes
                0x0000000000000177       0x34 ./Drivers/STM32F4xx_HAL_Driver/stm32f4xx_hal.o
 .ARM.attributes
                0x00000000000001ab       0x34 ./Drivers/STM32F4xx_HAL_Driver/stm32f4xx_hal_cortex.o
 .ARM.attributes
                0x00000000000001df       0x34 ./Drivers/STM32F4xx_HAL_Driver/stm32f4xx_hal_gpio.o
 .ARM.attributes
                0x0000000000000213       0x34 ./Drivers/STM32F4xx_HAL_Driver/stm32f4xx_hal_hcd.o
 .ARM.attributes
                0x0000000000000247       0x34 ./Drivers/STM32F4xx_HAL_Driver/stm32f4xx_hal_rcc.o
 .ARM.attributes
                0x000000000000027b       0x34 ./Drivers/STM32F4xx_HAL_Driver/stm32f4xx_hal_tim.o
 .ARM.attributes
                0x00000000000002af       0x34 ./Drivers/STM32F4xx_HAL_Driver/stm32f4xx_hal_tim_ex.o
 .ARM.attributes
                0x00000000000002e3       0x34 ./Drivers/STM32F4xx_HAL_Driver/stm32f4xx_ll_usb.o
 .ARM.attributes
                0x0000000000000317       0x34 ./Middlewares/USB_Host_Library/usbh_cdc.o
 .ARM.attributes
                0x000000000000034b       0x34 ./Middlewares/USB_Host_Library/usbh_core.o
 .ARM.attributes
                0x000000000000037f       0x34 ./Middlewares/USB_Host_Library/usbh_ctlreq.o
 .ARM.attributes
                0x00000000000003b3       0x34 ./Middlewares/USB_Host_Library/usbh_ioreq.o
 .ARM.attributes
                0x00000000000003e7       0x34 ./Middlewares/USB_Host_Library/usbh_pipes.o
 .ARM.attributes
                0x000000000000041b       0x34 ./USB_HOST/App/usb_host.o
 .ARM.attributes
                0x000000000000044f       0x34 ./USB_HOST/Target/usbh_conf.o
 .ARM.attributes
                0x0000000000000483       0x34 ./USB_HOST/Target/usbh_platform.o
 .ARM.attributes
                0x00000000000004b7       0x34 c:/st/stm32cubeide_1.7.0/stm32cubeide/plugins/com.st.stm32cube.ide.mcu.externaltools.gnu-tools-for-stm32.9-2020-q2-update.win32_2.0.0.202105311346/tools/bin/../lib/gcc/arm-none-eabi/9.3.1/../../../../arm-none-eabi/lib/thumb/v7e-m+fp/hard\libc_nano.a(lib_a-errno.o)
 .ARM.attributes
                0x00000000000004eb       0x32 c:/st/stm32cubeide_1.7.0/stm32cubeide/plugins/com.st.stm32cube.ide.mcu.externaltools.gnu-tools-for-stm32.9-2020-q2-update.win32_2.0.0.202105311346/tools/bin/../lib/gcc/arm-none-eabi/9.3.1/../../../../arm-none-eabi/lib/thumb/v7e-m+fp/hard\libc_nano.a(lib_a-impure.o)
 .ARM.attributes
                0x000000000000051d       0x34 c:/st/stm32cubeide_1.7.0/stm32cubeide/plugins/com.st.stm32cube.ide.mcu.externaltools.gnu-tools-for-stm32.9-2020-q2-update.win32_2.0.0.202105311346/tools/bin/../lib/gcc/arm-none-eabi/9.3.1/../../../../arm-none-eabi/lib/thumb/v7e-m+fp/hard\libc_nano.a(lib_a-init.o)
 .ARM.attributes
                0x0000000000000551       0x34 c:/st/stm32cubeide_1.7.0/stm32cubeide/plugins/com.st.stm32cube.ide.mcu.externaltools.gnu-tools-for-stm32.9-2020-q2-update.win32_2.0.0.202105311346/tools/bin/../lib/gcc/arm-none-eabi/9.3.1/../../../../arm-none-eabi/lib/thumb/v7e-m+fp/hard\libc_nano.a(lib_a-malloc.o)
 .ARM.attributes
                0x0000000000000585       0x34 c:/st/stm32cubeide_1.7.0/stm32cubeide/plugins/com.st.stm32cube.ide.mcu.externaltools.gnu-tools-for-stm32.9-2020-q2-update.win32_2.0.0.202105311346/tools/bin/../lib/gcc/arm-none-eabi/9.3.1/../../../../arm-none-eabi/lib/thumb/v7e-m+fp/hard\libc_nano.a(lib_a-memset.o)
 .ARM.attributes
                0x00000000000005b9       0x34 c:/st/stm32cubeide_1.7.0/stm32cubeide/plugins/com.st.stm32cube.ide.mcu.externaltools.gnu-tools-for-stm32.9-2020-q2-update.win32_2.0.0.202105311346/tools/bin/../lib/gcc/arm-none-eabi/9.3.1/../../../../arm-none-eabi/lib/thumb/v7e-m+fp/hard\libc_nano.a(lib_a-nano-freer.o)
 .ARM.attributes
                0x00000000000005ed       0x34 c:/st/stm32cubeide_1.7.0/stm32cubeide/plugins/com.st.stm32cube.ide.mcu.externaltools.gnu-tools-for-stm32.9-2020-q2-update.win32_2.0.0.202105311346/tools/bin/../lib/gcc/arm-none-eabi/9.3.1/../../../../arm-none-eabi/lib/thumb/v7e-m+fp/hard\libc_nano.a(lib_a-nano-mallocr.o)
 .ARM.attributes
                0x0000000000000621       0x34 c:/st/stm32cubeide_1.7.0/stm32cubeide/plugins/com.st.stm32cube.ide.mcu.externaltools.gnu-tools-for-stm32.9-2020-q2-update.win32_2.0.0.202105311346/tools/bin/../lib/gcc/arm-none-eabi/9.3.1/../../../../arm-none-eabi/lib/thumb/v7e-m+fp/hard\libc_nano.a(lib_a-sbrkr.o)
 .ARM.attributes
                0x0000000000000655       0x34 c:/st/stm32cubeide_1.7.0/stm32cubeide/plugins/com.st.stm32cube.ide.mcu.externaltools.gnu-tools-for-stm32.9-2020-q2-update.win32_2.0.0.202105311346/tools/bin/../lib/gcc/arm-none-eabi/9.3.1/../../../../arm-none-eabi/lib/thumb/v7e-m+fp/hard\libc_nano.a(lib_a-mlock.o)
 .ARM.attributes
                0x0000000000000689       0x34 c:/st/stm32cubeide_1.7.0/stm32cubeide/plugins/com.st.stm32cube.ide.mcu.externaltools.gnu-tools-for-stm32.9-2020-q2-update.win32_2.0.0.202105311346/tools/bin/../lib/gcc/arm-none-eabi/9.3.1/../../../../arm-none-eabi/lib/thumb/v7e-m+fp/hard\libc_nano.a(lib_a-reent.o)
 .ARM.attributes
                0x00000000000006bd       0x34 c:/st/stm32cubeide_1.7.0/stm32cubeide/plugins/com.st.stm32cube.ide.mcu.externaltools.gnu-tools-for-stm32.9-2020-q2-update.win32_2.0.0.202105311346/tools/bin/../lib/gcc/arm-none-eabi/9.3.1/../../../../arm-none-eabi/lib/thumb/v7e-m+fp/hard\libc_nano.a(lib_a-lock.o)
 .ARM.attributes
                0x00000000000006f1       0x1e c:/st/stm32cubeide_1.7.0/stm32cubeide/plugins/com.st.stm32cube.ide.mcu.externaltools.gnu-tools-for-stm32.9-2020-q2-update.win32_2.0.0.202105311346/tools/bin/../lib/gcc/arm-none-eabi/9.3.1/thumb/v7e-m+fp/hard\libgcc.a(_aeabi_uldivmod.o)
 .ARM.attributes
                0x000000000000070f       0x34 c:/st/stm32cubeide_1.7.0/stm32cubeide/plugins/com.st.stm32cube.ide.mcu.externaltools.gnu-tools-for-stm32.9-2020-q2-update.win32_2.0.0.202105311346/tools/bin/../lib/gcc/arm-none-eabi/9.3.1/thumb/v7e-m+fp/hard\libgcc.a(_udivmoddi4.o)
 .ARM.attributes
                0x0000000000000743       0x1e c:/st/stm32cubeide_1.7.0/stm32cubeide/plugins/com.st.stm32cube.ide.mcu.externaltools.gnu-tools-for-stm32.9-2020-q2-update.win32_2.0.0.202105311346/tools/bin/../lib/gcc/arm-none-eabi/9.3.1/thumb/v7e-m+fp/hard\libgcc.a(_dvmd_tls.o)
 .ARM.attributes
                0x0000000000000761       0x1e c:/st/stm32cubeide_1.7.0/stm32cubeide/plugins/com.st.stm32cube.ide.mcu.externaltools.gnu-tools-for-stm32.9-2020-q2-update.win32_2.0.0.202105311346/tools/bin/../lib/gcc/arm-none-eabi/9.3.1/thumb/v7e-m+fp/hard/crtn.o
OUTPUT(simple-dc-inverter.elf elf32-littlearm)
LOAD linker stubs
LOAD c:/st/stm32cubeide_1.7.0/stm32cubeide/plugins/com.st.stm32cube.ide.mcu.externaltools.gnu-tools-for-stm32.9-2020-q2-update.win32_2.0.0.202105311346/tools/bin/../lib/gcc/arm-none-eabi/9.3.1/../../../../arm-none-eabi/lib/thumb/v7e-m+fp/hard\libc.a
LOAD c:/st/stm32cubeide_1.7.0/stm32cubeide/plugins/com.st.stm32cube.ide.mcu.externaltools.gnu-tools-for-stm32.9-2020-q2-update.win32_2.0.0.202105311346/tools/bin/../lib/gcc/arm-none-eabi/9.3.1/../../../../arm-none-eabi/lib/thumb/v7e-m+fp/hard\libm.a
LOAD c:/st/stm32cubeide_1.7.0/stm32cubeide/plugins/com.st.stm32cube.ide.mcu.externaltools.gnu-tools-for-stm32.9-2020-q2-update.win32_2.0.0.202105311346/tools/bin/../lib/gcc/arm-none-eabi/9.3.1/thumb/v7e-m+fp/hard\libgcc.a

.debug_info     0x0000000000000000    0x17ab1
 .debug_info    0x0000000000000000      0xfab ./Core/Src/main.o
 .debug_info    0x0000000000000fab      0xb62 ./Core/Src/stm32f4xx_hal_msp.o
 .debug_info    0x0000000000001b0d      0x729 ./Core/Src/stm32f4xx_it.o
 .debug_info    0x0000000000002236      0xa25 ./Core/Src/sysmem.o
 .debug_info    0x0000000000002c5b      0x5a4 ./Core/Src/system_stm32f4xx.o
 .debug_info    0x00000000000031ff       0x22 ./Core/Startup/startup_stm32f407vgtx.o
 .debug_info    0x0000000000003221      0x9b2 ./Drivers/STM32F4xx_HAL_Driver/stm32f4xx_hal.o
 .debug_info    0x0000000000003bd3      0xed7 ./Drivers/STM32F4xx_HAL_Driver/stm32f4xx_hal_cortex.o
 .debug_info    0x0000000000004aaa      0x83e ./Drivers/STM32F4xx_HAL_Driver/stm32f4xx_hal_gpio.o
 .debug_info    0x00000000000052e8      0xf67 ./Drivers/STM32F4xx_HAL_Driver/stm32f4xx_hal_hcd.o
 .debug_info    0x000000000000624f      0x996 ./Drivers/STM32F4xx_HAL_Driver/stm32f4xx_hal_rcc.o
 .debug_info    0x0000000000006be5     0x2c22 ./Drivers/STM32F4xx_HAL_Driver/stm32f4xx_hal_tim.o
 .debug_info    0x0000000000009807     0x15a2 ./Drivers/STM32F4xx_HAL_Driver/stm32f4xx_hal_tim_ex.o
 .debug_info    0x000000000000ada9     0x1ab4 ./Drivers/STM32F4xx_HAL_Driver/stm32f4xx_ll_usb.o
 .debug_info    0x000000000000c85d     0x1c86 ./Middlewares/USB_Host_Library/usbh_cdc.o
 .debug_info    0x000000000000e4e3     0x1815 ./Middlewares/USB_Host_Library/usbh_core.o
 .debug_info    0x000000000000fcf8     0x18e6 ./Middlewares/USB_Host_Library/usbh_ctlreq.o
 .debug_info    0x00000000000115de     0x162f ./Middlewares/USB_Host_Library/usbh_ioreq.o
 .debug_info    0x0000000000012c0d     0x1457 ./Middlewares/USB_Host_Library/usbh_pipes.o
 .debug_info    0x0000000000014064     0x13a0 ./USB_HOST/App/usb_host.o
 .debug_info    0x0000000000015404     0x2412 ./USB_HOST/Target/usbh_conf.o
 .debug_info    0x0000000000017816      0x29b ./USB_HOST/Target/usbh_platform.o

.debug_abbrev   0x0000000000000000     0x33ae
 .debug_abbrev  0x0000000000000000      0x248 ./Core/Src/main.o
 .debug_abbrev  0x0000000000000248      0x1db ./Core/Src/stm32f4xx_hal_msp.o
 .debug_abbrev  0x0000000000000423      0x184 ./Core/Src/stm32f4xx_it.o
 .debug_abbrev  0x00000000000005a7      0x1bf ./Core/Src/sysmem.o
 .debug_abbrev  0x0000000000000766      0x145 ./Core/Src/system_stm32f4xx.o
 .debug_abbrev  0x00000000000008ab       0x12 ./Core/Startup/startup_stm32f407vgtx.o
 .debug_abbrev  0x00000000000008bd      0x1ed ./Drivers/STM32F4xx_HAL_Driver/stm32f4xx_hal.o
 .debug_abbrev  0x0000000000000aaa      0x33c ./Drivers/STM32F4xx_HAL_Driver/stm32f4xx_hal_cortex.o
 .debug_abbrev  0x0000000000000de6      0x1f1 ./Drivers/STM32F4xx_HAL_Driver/stm32f4xx_hal_gpio.o
 .debug_abbrev  0x0000000000000fd7      0x28d ./Drivers/STM32F4xx_HAL_Driver/stm32f4xx_hal_hcd.o
 .debug_abbrev  0x0000000000001264      0x275 ./Drivers/STM32F4xx_HAL_Driver/stm32f4xx_hal_rcc.o
 .debug_abbrev  0x00000000000014d9      0x25e ./Drivers/STM32F4xx_HAL_Driver/stm32f4xx_hal_tim.o
 .debug_abbrev  0x0000000000001737      0x266 ./Drivers/STM32F4xx_HAL_Driver/stm32f4xx_hal_tim_ex.o
 .debug_abbrev  0x000000000000199d      0x2a7 ./Drivers/STM32F4xx_HAL_Driver/stm32f4xx_ll_usb.o
 .debug_abbrev  0x0000000000001c44      0x352 ./Middlewares/USB_Host_Library/usbh_cdc.o
 .debug_abbrev  0x0000000000001f96      0x3b4 ./Middlewares/USB_Host_Library/usbh_core.o
 .debug_abbrev  0x000000000000234a      0x367 ./Middlewares/USB_Host_Library/usbh_ctlreq.o
 .debug_abbrev  0x00000000000026b1      0x2b5 ./Middlewares/USB_Host_Library/usbh_ioreq.o
 .debug_abbrev  0x0000000000002966      0x2f3 ./Middlewares/USB_Host_Library/usbh_pipes.o
 .debug_abbrev  0x0000000000002c59      0x2a4 ./USB_HOST/App/usb_host.o
 .debug_abbrev  0x0000000000002efd      0x397 ./USB_HOST/Target/usbh_conf.o
 .debug_abbrev  0x0000000000003294      0x11a ./USB_HOST/Target/usbh_platform.o

.debug_aranges  0x0000000000000000      0xfd8
 .debug_aranges
                0x0000000000000000       0x48 ./Core/Src/main.o
 .debug_aranges
                0x0000000000000048       0x38 ./Core/Src/stm32f4xx_hal_msp.o
 .debug_aranges
                0x0000000000000080       0x68 ./Core/Src/stm32f4xx_it.o
 .debug_aranges
                0x00000000000000e8       0x20 ./Core/Src/sysmem.o
 .debug_aranges
                0x0000000000000108       0x28 ./Core/Src/system_stm32f4xx.o
 .debug_aranges
                0x0000000000000130       0x28 ./Core/Startup/startup_stm32f407vgtx.o
 .debug_aranges
                0x0000000000000158       0xf0 ./Drivers/STM32F4xx_HAL_Driver/stm32f4xx_hal.o
 .debug_aranges
                0x0000000000000248      0x118 ./Drivers/STM32F4xx_HAL_Driver/stm32f4xx_hal_cortex.o
 .debug_aranges
                0x0000000000000360       0x58 ./Drivers/STM32F4xx_HAL_Driver/stm32f4xx_hal_gpio.o
 .debug_aranges
                0x00000000000003b8       0xf8 ./Drivers/STM32F4xx_HAL_Driver/stm32f4xx_hal_hcd.o
 .debug_aranges
                0x00000000000004b0       0x88 ./Drivers/STM32F4xx_HAL_Driver/stm32f4xx_hal_rcc.o
 .debug_aranges
                0x0000000000000538      0x3d0 ./Drivers/STM32F4xx_HAL_Driver/stm32f4xx_hal_tim.o
 .debug_aranges
                0x0000000000000908      0x168 ./Drivers/STM32F4xx_HAL_Driver/stm32f4xx_hal_tim_ex.o
 .debug_aranges
                0x0000000000000a70      0x198 ./Drivers/STM32F4xx_HAL_Driver/stm32f4xx_ll_usb.o
 .debug_aranges
                0x0000000000000c08       0xa8 ./Middlewares/USB_Host_Library/usbh_cdc.o
 .debug_aranges
                0x0000000000000cb0       0xc0 ./Middlewares/USB_Host_Library/usbh_core.o
 .debug_aranges
                0x0000000000000d70       0xa0 ./Middlewares/USB_Host_Library/usbh_ctlreq.o
 .debug_aranges
                0x0000000000000e10       0x60 ./Middlewares/USB_Host_Library/usbh_ioreq.o
 .debug_aranges
                0x0000000000000e70       0x40 ./Middlewares/USB_Host_Library/usbh_pipes.o
 .debug_aranges
                0x0000000000000eb0       0x30 ./USB_HOST/App/usb_host.o
 .debug_aranges
                0x0000000000000ee0       0xd8 ./USB_HOST/Target/usbh_conf.o
 .debug_aranges
                0x0000000000000fb8       0x20 ./USB_HOST/Target/usbh_platform.o

.debug_ranges   0x0000000000000000      0xe80
 .debug_ranges  0x0000000000000000       0x38 ./Core/Src/main.o
 .debug_ranges  0x0000000000000038       0x28 ./Core/Src/stm32f4xx_hal_msp.o
 .debug_ranges  0x0000000000000060       0x58 ./Core/Src/stm32f4xx_it.o
 .debug_ranges  0x00000000000000b8       0x10 ./Core/Src/sysmem.o
 .debug_ranges  0x00000000000000c8       0x18 ./Core/Src/system_stm32f4xx.o
 .debug_ranges  0x00000000000000e0       0x20 ./Core/Startup/startup_stm32f407vgtx.o
 .debug_ranges  0x0000000000000100       0xe0 ./Drivers/STM32F4xx_HAL_Driver/stm32f4xx_hal.o
 .debug_ranges  0x00000000000001e0      0x108 ./Drivers/STM32F4xx_HAL_Driver/stm32f4xx_hal_cortex.o
 .debug_ranges  0x00000000000002e8       0x48 ./Drivers/STM32F4xx_HAL_Driver/stm32f4xx_hal_gpio.o
 .debug_ranges  0x0000000000000330       0xe8 ./Drivers/STM32F4xx_HAL_Driver/stm32f4xx_hal_hcd.o
 .debug_ranges  0x0000000000000418       0x78 ./Drivers/STM32F4xx_HAL_Driver/stm32f4xx_hal_rcc.o
 .debug_ranges  0x0000000000000490      0x3c0 ./Drivers/STM32F4xx_HAL_Driver/stm32f4xx_hal_tim.o
 .debug_ranges  0x0000000000000850      0x158 ./Drivers/STM32F4xx_HAL_Driver/stm32f4xx_hal_tim_ex.o
 .debug_ranges  0x00000000000009a8      0x188 ./Drivers/STM32F4xx_HAL_Driver/stm32f4xx_ll_usb.o
 .debug_ranges  0x0000000000000b30       0x98 ./Middlewares/USB_Host_Library/usbh_cdc.o
 .debug_ranges  0x0000000000000bc8       0xb0 ./Middlewares/USB_Host_Library/usbh_core.o
 .debug_ranges  0x0000000000000c78       0x90 ./Middlewares/USB_Host_Library/usbh_ctlreq.o
 .debug_ranges  0x0000000000000d08       0x50 ./Middlewares/USB_Host_Library/usbh_ioreq.o
 .debug_ranges  0x0000000000000d58       0x30 ./Middlewares/USB_Host_Library/usbh_pipes.o
 .debug_ranges  0x0000000000000d88       0x20 ./USB_HOST/App/usb_host.o
 .debug_ranges  0x0000000000000da8       0xc8 ./USB_HOST/Target/usbh_conf.o
 .debug_ranges  0x0000000000000e70       0x10 ./USB_HOST/Target/usbh_platform.o

.debug_macro    0x0000000000000000    0x2310f
 .debug_macro   0x0000000000000000      0x1f6 ./Core/Src/main.o
 .debug_macro   0x00000000000001f6      0xaa8 ./Core/Src/main.o
 .debug_macro   0x0000000000000c9e      0x29b ./Core/Src/main.o
 .debug_macro   0x0000000000000f39       0x2e ./Core/Src/main.o
 .debug_macro   0x0000000000000f67       0x2f ./Core/Src/main.o
 .debug_macro   0x0000000000000f96       0x22 ./Core/Src/main.o
 .debug_macro   0x0000000000000fb8       0x8e ./Core/Src/main.o
 .debug_macro   0x0000000000001046       0x51 ./Core/Src/main.o
 .debug_macro   0x0000000000001097      0x103 ./Core/Src/main.o
 .debug_macro   0x000000000000119a       0x6a ./Core/Src/main.o
 .debug_macro   0x0000000000001204      0x1df ./Core/Src/main.o
 .debug_macro   0x00000000000013e3       0x1c ./Core/Src/main.o
 .debug_macro   0x00000000000013ff       0x22 ./Core/Src/main.o
 .debug_macro   0x0000000000001421       0xdf ./Core/Src/main.o
 .debug_macro   0x0000000000001500     0x102d ./Core/Src/main.o
 .debug_macro   0x000000000000252d      0x11f ./Core/Src/main.o
 .debug_macro   0x000000000000264c    0x15e58 ./Core/Src/main.o
 .debug_macro   0x00000000000184a4       0x6d ./Core/Src/main.o
 .debug_macro   0x0000000000018511     0x3666 ./Core/Src/main.o
 .debug_macro   0x000000000001bb77      0x174 ./Core/Src/main.o
 .debug_macro   0x000000000001bceb       0x5c ./Core/Src/main.o
 .debug_macro   0x000000000001bd47      0x96b ./Core/Src/main.o
 .debug_macro   0x000000000001c6b2      0x9fe ./Core/Src/main.o
 .debug_macro   0x000000000001d0b0      0x116 ./Core/Src/main.o
 .debug_macro   0x000000000001d1c6      0x13e ./Core/Src/main.o
 .debug_macro   0x000000000001d304       0xa5 ./Core/Src/main.o
 .debug_macro   0x000000000001d3a9      0x174 ./Core/Src/main.o
 .debug_macro   0x000000000001d51d      0x287 ./Core/Src/main.o
 .debug_macro   0x000000000001d7a4       0x5f ./Core/Src/main.o
 .debug_macro   0x000000000001d803      0x236 ./Core/Src/main.o
 .debug_macro   0x000000000001da39      0x12c ./Core/Src/main.o
 .debug_macro   0x000000000001db65      0x21e ./Core/Src/main.o
 .debug_macro   0x000000000001dd83       0x2e ./Core/Src/main.o
 .debug_macro   0x000000000001ddb1      0x11a ./Core/Src/main.o
 .debug_macro   0x000000000001decb       0x7e ./Core/Src/main.o
 .debug_macro   0x000000000001df49       0x89 ./Core/Src/main.o
 .debug_macro   0x000000000001dfd2      0x8d1 ./Core/Src/main.o
 .debug_macro   0x000000000001e8a3       0x47 ./Core/Src/main.o
 .debug_macro   0x000000000001e8ea      0x21e ./Core/Src/main.o
 .debug_macro   0x000000000001eb08       0x7c ./Core/Src/main.o
 .debug_macro   0x000000000001eb84      0x12d ./Core/Src/main.o
 .debug_macro   0x000000000001ecb1       0xac ./Core/Src/main.o
 .debug_macro   0x000000000001ed5d      0x1ec ./Core/Src/stm32f4xx_hal_msp.o
 .debug_macro   0x000000000001ef49      0x1f6 ./Core/Src/stm32f4xx_it.o
 .debug_macro   0x000000000001f13f       0xff ./Core/Src/sysmem.o
 .debug_macro   0x000000000001f23e      0x23b ./Core/Src/sysmem.o
 .debug_macro   0x000000000001f479      0x1dd ./Core/Src/system_stm32f4xx.o
 .debug_macro   0x000000000001f656      0x23d ./Drivers/STM32F4xx_HAL_Driver/stm32f4xx_hal.o
 .debug_macro   0x000000000001f893      0x1dd ./Drivers/STM32F4xx_HAL_Driver/stm32f4xx_hal_cortex.o
 .debug_macro   0x000000000001fa70      0x1e3 ./Drivers/STM32F4xx_HAL_Driver/stm32f4xx_hal_gpio.o
 .debug_macro   0x000000000001fc53      0x1dd ./Drivers/STM32F4xx_HAL_Driver/stm32f4xx_hal_hcd.o
 .debug_macro   0x000000000001fe30      0x201 ./Drivers/STM32F4xx_HAL_Driver/stm32f4xx_hal_rcc.o
 .debug_macro   0x0000000000020031      0x1de ./Drivers/STM32F4xx_HAL_Driver/stm32f4xx_hal_tim.o
 .debug_macro   0x000000000002020f      0x1dd ./Drivers/STM32F4xx_HAL_Driver/stm32f4xx_hal_tim_ex.o
 .debug_macro   0x00000000000203ec      0x1dd ./Drivers/STM32F4xx_HAL_Driver/stm32f4xx_ll_usb.o
 .debug_macro   0x00000000000205c9      0x40b ./Middlewares/USB_Host_Library/usbh_cdc.o
 .debug_macro   0x00000000000209d4       0x16 ./Middlewares/USB_Host_Library/usbh_cdc.o
 .debug_macro   0x00000000000209ea       0x97 ./Middlewares/USB_Host_Library/usbh_cdc.o
 .debug_macro   0x0000000000020a81       0xfd ./Middlewares/USB_Host_Library/usbh_cdc.o
 .debug_macro   0x0000000000020b7e       0x16 ./Middlewares/USB_Host_Library/usbh_cdc.o
 .debug_macro   0x0000000000020b94       0x20 ./Middlewares/USB_Host_Library/usbh_cdc.o
 .debug_macro   0x0000000000020bb4       0xd9 ./Middlewares/USB_Host_Library/usbh_cdc.o
 .debug_macro   0x0000000000020c8d       0x56 ./Middlewares/USB_Host_Library/usbh_cdc.o
 .debug_macro   0x0000000000020ce3       0x73 ./Middlewares/USB_Host_Library/usbh_cdc.o
 .debug_macro   0x0000000000020d56      0x218 ./Middlewares/USB_Host_Library/usbh_cdc.o
 .debug_macro   0x0000000000020f6e       0x2e ./Middlewares/USB_Host_Library/usbh_cdc.o
 .debug_macro   0x0000000000020f9c       0x2e ./Middlewares/USB_Host_Library/usbh_cdc.o
 .debug_macro   0x0000000000020fca       0x28 ./Middlewares/USB_Host_Library/usbh_cdc.o
 .debug_macro   0x0000000000020ff2      0x15c ./Middlewares/USB_Host_Library/usbh_cdc.o
 .debug_macro   0x000000000002114e      0x408 ./Middlewares/USB_Host_Library/usbh_core.o
 .debug_macro   0x0000000000021556      0x400 ./Middlewares/USB_Host_Library/usbh_ctlreq.o
 .debug_macro   0x0000000000021956       0x28 ./Middlewares/USB_Host_Library/usbh_ctlreq.o
 .debug_macro   0x000000000002197e      0x3fa ./Middlewares/USB_Host_Library/usbh_ioreq.o
 .debug_macro   0x0000000000021d78      0x3fa ./Middlewares/USB_Host_Library/usbh_pipes.o
 .debug_macro   0x0000000000022172      0x409 ./USB_HOST/App/usb_host.o
 .debug_macro   0x000000000002257b       0x52 ./USB_HOST/App/usb_host.o
 .debug_macro   0x00000000000225cd      0x333 ./USB_HOST/App/usb_host.o
 .debug_macro   0x0000000000022900       0xb2 ./USB_HOST/App/usb_host.o
 .debug_macro   0x00000000000229b2      0x162 ./USB_HOST/App/usb_host.o
 .debug_macro   0x0000000000022b14      0x40a ./USB_HOST/Target/usbh_conf.o
 .debug_macro   0x0000000000022f1e      0x1f1 ./USB_HOST/Target/usbh_platform.o

.debug_line     0x0000000000000000    0x1494b
 .debug_line    0x0000000000000000      0x9f4 ./Core/Src/main.o
 .debug_line    0x00000000000009f4      0x868 ./Core/Src/stm32f4xx_hal_msp.o
 .debug_line    0x000000000000125c      0x89a ./Core/Src/stm32f4xx_it.o
 .debug_line    0x0000000000001af6      0x4f8 ./Core/Src/sysmem.o
 .debug_line    0x0000000000001fee      0x841 ./Core/Src/system_stm32f4xx.o
 .debug_line    0x000000000000282f       0x88 ./Core/Startup/startup_stm32f407vgtx.o
 .debug_line    0x00000000000028b7      0xae0 ./Drivers/STM32F4xx_HAL_Driver/stm32f4xx_hal.o
 .debug_line    0x0000000000003397      0xd8f ./Drivers/STM32F4xx_HAL_Driver/stm32f4xx_hal_cortex.o
 .debug_line    0x0000000000004126      0xc56 ./Drivers/STM32F4xx_HAL_Driver/stm32f4xx_hal_gpio.o
 .debug_line    0x0000000000004d7c     0x1305 ./Drivers/STM32F4xx_HAL_Driver/stm32f4xx_hal_hcd.o
 .debug_line    0x0000000000006081      0xe5c ./Drivers/STM32F4xx_HAL_Driver/stm32f4xx_hal_rcc.o
 .debug_line    0x0000000000006edd     0x37d4 ./Drivers/STM32F4xx_HAL_Driver/stm32f4xx_hal_tim.o
 .debug_line    0x000000000000a6b1     0x1add ./Drivers/STM32F4xx_HAL_Driver/stm32f4xx_hal_tim_ex.o
 .debug_line    0x000000000000c18e     0x1a6f ./Drivers/STM32F4xx_HAL_Driver/stm32f4xx_ll_usb.o
 .debug_line    0x000000000000dbfd     0x107d ./Middlewares/USB_Host_Library/usbh_cdc.o
 .debug_line    0x000000000000ec7a     0x12a2 ./Middlewares/USB_Host_Library/usbh_core.o
 .debug_line    0x000000000000ff1c     0x1056 ./Middlewares/USB_Host_Library/usbh_ctlreq.o
 .debug_line    0x0000000000010f72      0xc20 ./Middlewares/USB_Host_Library/usbh_ioreq.o
 .debug_line    0x0000000000011b92      0xbca ./Middlewares/USB_Host_Library/usbh_pipes.o
 .debug_line    0x000000000001275c      0xbb4 ./USB_HOST/App/usb_host.o
 .debug_line    0x0000000000013310      0xe49 ./USB_HOST/Target/usbh_conf.o
 .debug_line    0x0000000000014159      0x7f2 ./USB_HOST/Target/usbh_platform.o

.debug_str      0x0000000000000000    0xcdb02
 .debug_str     0x0000000000000000    0xc3034 ./Core/Src/main.o
                                      0xc3387 (size before relaxing)
 .debug_str     0x00000000000c3034       0x7b ./Core/Src/stm32f4xx_hal_msp.o
                                      0xc3060 (size before relaxing)
 .debug_str     0x00000000000c30af      0x43d ./Core/Src/stm32f4xx_it.o
                                      0xc2e33 (size before relaxing)
 .debug_str     0x00000000000c34ec     0x220d ./Core/Src/sysmem.o
                                       0x62a2 (size before relaxing)
 .debug_str     0x00000000000c56f9       0xaf ./Core/Src/system_stm32f4xx.o
                                      0xc282c (size before relaxing)
 .debug_str     0x00000000000c57a8       0x36 ./Core/Startup/startup_stm32f407vgtx.o
                                         0x73 (size before relaxing)
 .debug_str     0x00000000000c57de      0xa97 ./Drivers/STM32F4xx_HAL_Driver/stm32f4xx_hal.o
                                      0xc3347 (size before relaxing)
 .debug_str     0x00000000000c6275      0x3cb ./Drivers/STM32F4xx_HAL_Driver/stm32f4xx_hal_cortex.o
                                      0xc3136 (size before relaxing)
 .debug_str     0x00000000000c6640      0x198 ./Drivers/STM32F4xx_HAL_Driver/stm32f4xx_hal_gpio.o
                                      0xc2a0c (size before relaxing)
 .debug_str     0x00000000000c67d8      0x439 ./Drivers/STM32F4xx_HAL_Driver/stm32f4xx_hal_hcd.o
                                      0xc2f16 (size before relaxing)
 .debug_str     0x00000000000c6c11      0x292 ./Drivers/STM32F4xx_HAL_Driver/stm32f4xx_hal_rcc.o
                                      0xc2c67 (size before relaxing)
 .debug_str     0x00000000000c6ea3      0xdaf ./Drivers/STM32F4xx_HAL_Driver/stm32f4xx_hal_tim.o
                                      0xc3b94 (size before relaxing)
 .debug_str     0x00000000000c7c52      0x493 ./Drivers/STM32F4xx_HAL_Driver/stm32f4xx_hal_tim_ex.o
                                      0xc3345 (size before relaxing)
 .debug_str     0x00000000000c80e5      0x681 ./Drivers/STM32F4xx_HAL_Driver/stm32f4xx_ll_usb.o
                                      0xc3186 (size before relaxing)
 .debug_str     0x00000000000c8766     0x4a1b ./Middlewares/USB_Host_Library/usbh_cdc.o
                                      0xc920b (size before relaxing)
 .debug_str     0x00000000000cd181      0x29f ./Middlewares/USB_Host_Library/usbh_core.o
                                      0xc8711 (size before relaxing)
 .debug_str     0x00000000000cd420      0x25b ./Middlewares/USB_Host_Library/usbh_ctlreq.o
                                      0xc8735 (size before relaxing)
 .debug_str     0x00000000000cd67b      0x137 ./Middlewares/USB_Host_Library/usbh_ioreq.o
                                      0xc85b0 (size before relaxing)
 .debug_str     0x00000000000cd7b2       0xd0 ./Middlewares/USB_Host_Library/usbh_pipes.o
                                      0xc8535 (size before relaxing)
 .debug_str     0x00000000000cd882       0xc7 ./USB_HOST/App/usb_host.o
                                      0xc8be9 (size before relaxing)
 .debug_str     0x00000000000cd949      0x186 ./USB_HOST/Target/usbh_conf.o
                                      0xc9236 (size before relaxing)
 .debug_str     0x00000000000cdacf       0x33 ./USB_HOST/Target/usbh_platform.o
                                      0xc2755 (size before relaxing)

.comment        0x0000000000000000       0x53
 .comment       0x0000000000000000       0x53 ./Core/Src/main.o
                                         0x54 (size before relaxing)
 .comment       0x0000000000000053       0x54 ./Core/Src/stm32f4xx_hal_msp.o
 .comment       0x0000000000000053       0x54 ./Core/Src/stm32f4xx_it.o
 .comment       0x0000000000000053       0x54 ./Core/Src/sysmem.o
 .comment       0x0000000000000053       0x54 ./Core/Src/system_stm32f4xx.o
 .comment       0x0000000000000053       0x54 ./Drivers/STM32F4xx_HAL_Driver/stm32f4xx_hal.o
 .comment       0x0000000000000053       0x54 ./Drivers/STM32F4xx_HAL_Driver/stm32f4xx_hal_cortex.o
 .comment       0x0000000000000053       0x54 ./Drivers/STM32F4xx_HAL_Driver/stm32f4xx_hal_gpio.o
 .comment       0x0000000000000053       0x54 ./Drivers/STM32F4xx_HAL_Driver/stm32f4xx_hal_hcd.o
 .comment       0x0000000000000053       0x54 ./Drivers/STM32F4xx_HAL_Driver/stm32f4xx_hal_rcc.o
 .comment       0x0000000000000053       0x54 ./Drivers/STM32F4xx_HAL_Driver/stm32f4xx_hal_tim.o
 .comment       0x0000000000000053       0x54 ./Drivers/STM32F4xx_HAL_Driver/stm32f4xx_hal_tim_ex.o
 .comment       0x0000000000000053       0x54 ./Drivers/STM32F4xx_HAL_Driver/stm32f4xx_ll_usb.o
 .comment       0x0000000000000053       0x54 ./Middlewares/USB_Host_Library/usbh_cdc.o
 .comment       0x0000000000000053       0x54 ./Middlewares/USB_Host_Library/usbh_core.o
 .comment       0x0000000000000053       0x54 ./Middlewares/USB_Host_Library/usbh_ctlreq.o
 .comment       0x0000000000000053       0x54 ./Middlewares/USB_Host_Library/usbh_ioreq.o
 .comment       0x0000000000000053       0x54 ./Middlewares/USB_Host_Library/usbh_pipes.o
 .comment       0x0000000000000053       0x54 ./USB_HOST/App/usb_host.o
 .comment       0x0000000000000053       0x54 ./USB_HOST/Target/usbh_conf.o
 .comment       0x0000000000000053       0x54 ./USB_HOST/Target/usbh_platform.o

.debug_frame    0x0000000000000000     0x43f4
 .debug_frame   0x0000000000000000       0xd8 ./Core/Src/main.o
 .debug_frame   0x00000000000000d8       0xa8 ./Core/Src/stm32f4xx_hal_msp.o
 .debug_frame   0x0000000000000180      0x120 ./Core/Src/stm32f4xx_it.o
 .debug_frame   0x00000000000002a0       0x34 ./Core/Src/sysmem.o
 .debug_frame   0x00000000000002d4       0x58 ./Core/Src/system_stm32f4xx.o
 .debug_frame   0x000000000000032c      0x374 ./Drivers/STM32F4xx_HAL_Driver/stm32f4xx_hal.o
 .debug_frame   0x00000000000006a0      0x498 ./Drivers/STM32F4xx_HAL_Driver/stm32f4xx_hal_cortex.o
 .debug_frame   0x0000000000000b38      0x14c ./Drivers/STM32F4xx_HAL_Driver/stm32f4xx_hal_gpio.o
 .debug_frame   0x0000000000000c84      0x450 ./Drivers/STM32F4xx_HAL_Driver/stm32f4xx_hal_hcd.o
 .debug_frame   0x00000000000010d4      0x1f0 ./Drivers/STM32F4xx_HAL_Driver/stm32f4xx_hal_rcc.o
 .debug_frame   0x00000000000012c4     0x11c4 ./Drivers/STM32F4xx_HAL_Driver/stm32f4xx_hal_tim.o
 .debug_frame   0x0000000000002488      0x638 ./Drivers/STM32F4xx_HAL_Driver/stm32f4xx_hal_tim_ex.o
 .debug_frame   0x0000000000002ac0      0x798 ./Drivers/STM32F4xx_HAL_Driver/stm32f4xx_ll_usb.o
 .debug_frame   0x0000000000003258      0x2c0 ./Middlewares/USB_Host_Library/usbh_cdc.o
 .debug_frame   0x0000000000003518      0x338 ./Middlewares/USB_Host_Library/usbh_core.o
 .debug_frame   0x0000000000003850      0x28c ./Middlewares/USB_Host_Library/usbh_ctlreq.o
 .debug_frame   0x0000000000003adc      0x154 ./Middlewares/USB_Host_Library/usbh_ioreq.o
 .debug_frame   0x0000000000003c30       0xcc ./Middlewares/USB_Host_Library/usbh_pipes.o
 .debug_frame   0x0000000000003cfc       0x70 ./USB_HOST/App/usb_host.o
 .debug_frame   0x0000000000003d6c      0x388 ./USB_HOST/Target/usbh_conf.o
 .debug_frame   0x00000000000040f4       0x34 ./USB_HOST/Target/usbh_platform.o
 .debug_frame   0x0000000000004128       0x20 c:/st/stm32cubeide_1.7.0/stm32cubeide/plugins/com.st.stm32cube.ide.mcu.externaltools.gnu-tools-for-stm32.9-2020-q2-update.win32_2.0.0.202105311346/tools/bin/../lib/gcc/arm-none-eabi/9.3.1/../../../../arm-none-eabi/lib/thumb/v7e-m+fp/hard\libc_nano.a(lib_a-errno.o)
 .debug_frame   0x0000000000004148       0x2c c:/st/stm32cubeide_1.7.0/stm32cubeide/plugins/com.st.stm32cube.ide.mcu.externaltools.gnu-tools-for-stm32.9-2020-q2-update.win32_2.0.0.202105311346/tools/bin/../lib/gcc/arm-none-eabi/9.3.1/../../../../arm-none-eabi/lib/thumb/v7e-m+fp/hard\libc_nano.a(lib_a-init.o)
 .debug_frame   0x0000000000004174       0x30 c:/st/stm32cubeide_1.7.0/stm32cubeide/plugins/com.st.stm32cube.ide.mcu.externaltools.gnu-tools-for-stm32.9-2020-q2-update.win32_2.0.0.202105311346/tools/bin/../lib/gcc/arm-none-eabi/9.3.1/../../../../arm-none-eabi/lib/thumb/v7e-m+fp/hard\libc_nano.a(lib_a-malloc.o)